Component: ARM Compiler 5.05 update 1 (build 106) Tool: armlink [4d0efa]

==============================================================================

Section Cross References

    system_stm32f4xx.o(i.SystemCoreClockUpdate) refers to system_stm32f4xx.o(.data) for .data
    system_stm32f4xx.o(i.SystemCoreClockUpdate) refers to system_stm32f4xx.o(.constdata) for .constdata
    delay.o(i.delay_init) refers to stm32f4xx_hal_cortex.o(i.HAL_SYSTICK_CLKSourceConfig) for HAL_SYSTICK_CLKSourceConfig
    delay.o(i.delay_init) refers to delay.o(.data) for .data
    delay.o(i.delay_ms) refers to delay.o(i.delay_us) for delay_us
    delay.o(i.delay_us) refers to delay.o(.data) for .data
    sys.o(i.Stm32_Clock_Init) refers to stm32f4xx_hal_rcc.o(i.HAL_RCC_OscConfig) for HAL_RCC_OscConfig
    sys.o(i.Stm32_Clock_Init) refers to stm32f4xx_hal_pwr_ex.o(i.HAL_PWREx_EnableOverDrive) for HAL_PWREx_EnableOverDrive
    sys.o(i.Stm32_Clock_Init) refers to stm32f4xx_hal_rcc.o(i.HAL_RCC_ClockConfig) for HAL_RCC_ClockConfig
    usart.o(i.HAL_UART_RxCpltCallback) refers to main.o(.data) for aRxBuffer_1
    usart.o(i.HAL_UART_RxCpltCallback) refers to main.o(.data) for packflag_1
    usart.o(i.HAL_UART_RxCpltCallback) refers to main.o(.data) for flag_usart_1
    usart.o(i.HAL_UART_RxCpltCallback) refers to main.o(.data) for USART_RX_STA_1
    usart.o(i.HAL_UART_RxCpltCallback) refers to main.o(.bss) for Rx_buff_1
    usart.o(i.HAL_UART_RxCpltCallback) refers to main.o(.data) for aRxBuffer_2
    usart.o(i.HAL_UART_RxCpltCallback) refers to main.o(.data) for packflag_2
    usart.o(i.HAL_UART_RxCpltCallback) refers to main.o(.data) for flag_usart_2
    usart.o(i.HAL_UART_RxCpltCallback) refers to main.o(.data) for USART_RX_STA_2
    usart.o(i.HAL_UART_RxCpltCallback) refers to main.o(.bss) for Rx_buff_2
    usart.o(i.HAL_UART_RxCpltCallback) refers to main.o(.data) for aRxBuffer_3
    usart.o(i.HAL_UART_RxCpltCallback) refers to main.o(.data) for packflag_3
    usart.o(i.HAL_UART_RxCpltCallback) refers to main.o(.data) for flag_usart_3
    usart.o(i.HAL_UART_RxCpltCallback) refers to main.o(.bss) for Rx_buff_3
    usart.o(i.USART1_IRQHandler) refers to stm32f4xx_hal_uart.o(i.HAL_UART_IRQHandler) for HAL_UART_IRQHandler
    usart.o(i.USART1_IRQHandler) refers to stm32f4xx_hal_uart.o(i.HAL_UART_GetState) for HAL_UART_GetState
    usart.o(i.USART1_IRQHandler) refers to stm32f4xx_hal_uart.o(i.HAL_UART_Receive_IT) for HAL_UART_Receive_IT
    usart.o(i.USART1_IRQHandler) refers to main.o(.bss) for huart1
    usart.o(i.USART1_IRQHandler) refers to main.o(.data) for aRxBuffer_1
    usart.o(i.USART2_IRQHandler) refers to stm32f4xx_hal_uart.o(i.HAL_UART_IRQHandler) for HAL_UART_IRQHandler
    usart.o(i.USART2_IRQHandler) refers to stm32f4xx_hal_uart.o(i.HAL_UART_GetState) for HAL_UART_GetState
    usart.o(i.USART2_IRQHandler) refers to stm32f4xx_hal_uart.o(i.HAL_UART_Receive_IT) for HAL_UART_Receive_IT
    usart.o(i.USART2_IRQHandler) refers to main.o(.bss) for huart2
    usart.o(i.USART2_IRQHandler) refers to main.o(.data) for aRxBuffer_2
    usart.o(i.USART3_IRQHandler) refers to stm32f4xx_hal_uart.o(i.HAL_UART_IRQHandler) for HAL_UART_IRQHandler
    usart.o(i.USART3_IRQHandler) refers to stm32f4xx_hal_uart.o(i.HAL_UART_GetState) for HAL_UART_GetState
    usart.o(i.USART3_IRQHandler) refers to stm32f4xx_hal_uart.o(i.HAL_UART_Receive_IT) for HAL_UART_Receive_IT
    usart.o(i.USART3_IRQHandler) refers to main.o(.bss) for huart3
    usart.o(i.USART3_IRQHandler) refers to main.o(.data) for aRxBuffer_3
    usart.o(i.Uart_Analyse) refers to malloc.o(i.malloc) for malloc
    usart.o(i.Uart_Analyse) refers to main.o(.data) for n
    usart.o(i.Uart_Analyse) refers to main.o(.data) for Track_buff
    usart.o(i.Uart_Analyse) refers to main.o(.bss) for Rx_buff_33
    usart.o(i.Uart_Store) refers to main.o(.data) for packflag_3
    usart.o(i.Uart_Store) refers to main.o(.data) for len
    usart.o(i.Uart_Store) refers to main.o(.bss) for Rx_buff_33
    usart.o(i.Uart_Store) refers to main.o(.data) for n
    usart.o(i.Uart_test) refers to printfb.o(i.__0printf$bare) for __2printf
    usart.o(i.Uart_test) refers to stm32f4xx_hal_uart.o(i.HAL_UART_Transmit) for HAL_UART_Transmit
    usart.o(i.Uart_test) refers to delay.o(i.delay_ms) for delay_ms
    usart.o(i.Uart_test) refers to main.o(.data) for packflag_2
    usart.o(i.Uart_test) refers to main.o(.data) for times
    usart.o(i.Uart_test) refers to main.o(.data) for USART_RX_STA_2
    usart.o(i.Uart_test) refers to main.o(.data) for len
    usart.o(i.Uart_test) refers to main.o(.bss) for Rx_buff_2
    usart.o(i.Uart_test) refers to main.o(.bss) for huart2
    usart.o(i.free_array) refers to malloc.o(i.free) for free
    usart.o(i.free_array) refers to usart.o(.data) for .data
    usart.o(i.free_array) refers to main.o(.data) for Track_buff
    usart.o(i.free_array) refers to main.o(.data) for n
    ks103.o(i.Get_Barrier) refers to ks103.o(i.Get_Range) for Get_Range
[...]
    ..\Drivers\STM32F4xx_HAL_Driver\Src\stm32f4xx_hal_pwr_ex.c 0x00000000   Number         0  stm32f4xx_hal_pwr_ex.o ABSOLUTE
    ..\Drivers\STM32F4xx_HAL_Driver\Src\stm32f4xx_hal_rcc.c 0x00000000   Number         0  stm32f4xx_hal_rcc.o ABSOLUTE
    ..\Drivers\STM32F4xx_HAL_Driver\Src\stm32f4xx_hal_rcc_ex.c 0x00000000   Number         0  stm32f4xx_hal_rcc_ex.o ABSOLUTE
    ..\Drivers\STM32F4xx_HAL_Driver\Src\stm32f4xx_hal_tim.c 0x00000000   Number         0  stm32f4xx_hal_tim.o ABSOLUTE
    ..\Drivers\STM32F4xx_HAL_Driver\Src\stm32f4xx_hal_tim_ex.c 0x00000000   Number         0  stm32f4xx_hal_tim_ex.o ABSOLUTE
    ..\Drivers\STM32F4xx_HAL_Driver\Src\stm32f4xx_hal_uart.c 0x00000000   Number         0  stm32f4xx_hal_uart.o ABSOLUTE
    ..\Src\main.c                            0x00000000   Number         0  main.o ABSOLUTE
    ..\Src\stm32f4xx_hal_msp.c               0x00000000   Number         0  stm32f4xx_hal_msp.o ABSOLUTE
    ..\Src\stm32f4xx_it.c                    0x00000000   Number         0  stm32f4xx_it.o ABSOLUTE
    ..\\wave-iic\\ks103\\ks103.c             0x00000000   Number         0  ks103.o ABSOLUTE
    ..\\wave-iic\\myiic\\myiic2.c            0x00000000   Number         0  myiic2.o ABSOLUTE
    ..\wave-iic\ks103\ks103.c                0x00000000   Number         0  ks103.o ABSOLUTE
    ..\wave-iic\myiic\myiic2.c               0x00000000   Number         0  myiic2.o ABSOLUTE
    24c02\24cxx.c                            0x00000000   Number         0  24cxx.o ABSOLUTE
    24c02\\24cxx.c                           0x00000000   Number         0  24cxx.o ABSOLUTE
    24c02\\myiic.c                           0x00000000   Number         0  myiic_1.o ABSOLUTE
    24c02\myiic.c                            0x00000000   Number         0  myiic_1.o ABSOLUTE
    System\\delay\\delay.c                   0x00000000   Number         0  delay.o ABSOLUTE
    System\\sys\\sys.c                       0x00000000   Number         0  sys.o ABSOLUTE
    System\delay\delay.c                     0x00000000   Number         0  delay.o ABSOLUTE
    System\sys\sys.c                         0x00000000   Number         0  sys.o ABSOLUTE
    cdrcmple.s                               0x00000000   Number         0  cdrcmple.o ABSOLUTE
    dc.s                                     0x00000000   Number         0  dc.o ABSOLUTE
    eeprom\\eeprom.c                         0x00000000   Number         0  eeprom.o ABSOLUTE
    eeprom\eeprom.c                          0x00000000   Number         0  eeprom.o ABSOLUTE
    handlers.s                               0x00000000   Number         0  handlers.o ABSOLUTE
    init.s                                   0x00000000   Number         0  init.o ABSOLUTE
    init\\adc_dma.c                          0x00000000   Number         0  adc_dma.o ABSOLUTE
    init\\gpio_init.c                        0x00000000   Number         0  gpio_init.o ABSOLUTE
    init\\pwm.c                              0x00000000   Number         0  pwm.o ABSOLUTE
    init\\sysclock.c                         0x00000000   Number         0  sysclock.o ABSOLUTE
    init\\uart_init.c                        0x00000000   Number         0  uart_init.o ABSOLUTE
    init\adc_dma.c                           0x00000000   Number         0  adc_dma.o ABSOLUTE
    init\gpio_init.c                         0x00000000   Number         0  gpio_init.o ABSOLUTE
    init\pwm.c                               0x00000000   Number         0  pwm.o ABSOLUTE
    init\sysclock.c                          0x00000000   Number         0  sysclock.o ABSOLUTE
    init\uart_init.c                         0x00000000   Number         0  uart_init.o ABSOLUTE
    lcd\LCD_Driver.c                         0x00000000   Number         0  lcd_driver.o ABSOLUTE
    lcd\\LCD_Driver.c                        0x00000000   Number         0  lcd_driver.o ABSOLUTE
    motor\\motor.c                           0x00000000   Number         0  motor.o ABSOLUTE
    motor\motor.c                            0x00000000   Number         0  motor.o ABSOLUTE
    startup_stm32f429xx.s                    0x00000000   Number         0  startup_stm32f429xx.o ABSOLUTE
    usart\\usart.c                           0x00000000   Number         0  usart.o ABSOLUTE
    usart\usart.c                            0x00000000   Number         0  usart.o ABSOLUTE
    RESET                                    0x08000000   Section      428  startup_stm32f429xx.o(RESET)
    .ARM.Collect$$$$00000000                 0x080001ac   Section        0  entry.o(.ARM.Collect$$$$00000000)
    .ARM.Collect$$$$00000001                 0x080001ac   Section        4  entry2.o(.ARM.Collect$$$$00000001)
    .ARM.Collect$$$$00000004                 0x080001b0   Section        4  entry5.o(.ARM.Collect$$$$00000004)
    .ARM.Collect$$$$00000008                 0x080001b4   Section        0  entry7b.o(.ARM.Collect$$$$00000008)
    .ARM.Collect$$$$0000000A                 0x080001b4   Section        0  entry8b.o(.ARM.Collect$$$$0000000A)
    .ARM.Collect$$$$0000000B                 0x080001b4   Section        8  entry9a.o(.ARM.Collect$$$$0000000B)
    .ARM.Collect$$$$0000000D                 0x080001bc   Section        0  entry10a.o(.ARM.Collect$$$$0000000D)
    .ARM.Collect$$$$0000000F                 0x080001bc   Section        0  entry11a.o(.ARM.Collect$$$$0000000F)
    .ARM.Collect$$$$00002712                 0x080001bc   Section        4  entry2.o(.ARM.Collect$$$$00002712)
    __lit__00000000                          0x080001bc   Data           4  entry2.o(.ARM.Collect$$$$00002712)
    .text                                    0x080001c0   Section       36  startup_stm32f429xx.o(.text)
    $v0                                      0x080001c0   Number         0  startup_stm32f429xx.o(.text)
    .text                                    0x080001e4   Section       36  init.o(.text)
    i.ADC_Average                            0x08000208   Section        0  adc_dma.o(i.ADC_Average)
    i.ADC_DMAConvCplt                        0x08000290   Section        0  stm32f4xx_hal_adc.o(i.ADC_DMAConvCplt)
    ADC_DMAConvCplt                          0x08000291   Thumb Code    98  stm32f4xx_hal_adc.o(i.ADC_DMAConvCplt)
    i.ADC_DMAError                           0x080002f2   Section        0  stm32f4xx_hal_adc.o(i.ADC_DMAError)
    ADC_DMAError                             0x080002f3   Thumb Code    22  stm32f4xx_hal_adc.o(i.ADC_DMAError)
    i.ADC_DMAHalfConvCplt                    0x08000308   Section        0  stm32f4xx_hal_adc.o(i.ADC_DMAHalfConvCplt)
    ADC_DMAHalfConvCplt                      0x08000309   Thumb Code    10  stm32f4xx_hal_adc.o(i.ADC_DMAHalfConvCplt)
    i.ADC_IRQHandler                         0x08000314   Section        0  stm32f4xx_it.o(i.ADC_IRQHandler)
    i.ADC_Init                               0x08000320   Section        0  stm32f4xx_hal_adc.o(i.ADC_Init)
    ADC_Init                                 0x08000321   Thumb Code   300  stm32f4xx_hal_adc.o(i.ADC_Init)
    i.AT24CXX_Read                           0x08000454   Section        0  24cxx.o(i.AT24CXX_Read)
    i.AT24CXX_ReadOneByte                    0x08000476   Section        0  24cxx.o(i.AT24CXX_ReadOneByte)
    i.Ahead_Trailing                         0x080004b8   Section        0  motor.o(i.Ahead_Trailing)
    i.Answer                                 0x08000730   Section        0  motor.o(i.Answer)
    i.Back_Trailing                          0x08000770   Section        0  motor.o(i.Back_Trailing)
    i.BusFault_Handler                       0x080009ec   Section        0  stm32f4xx_it.o(i.BusFault_Handler)
    i.DMA2_Stream0_IRQHandler                0x080009f0   Section        0  stm32f4xx_it.o(i.DMA2_Stream0_IRQHandler)
    i.DMA_CalcBaseAndBitshift                0x080009fc   Section        0  stm32f4xx_hal_dma.o(i.DMA_CalcBaseAndBitshift)
    DMA_CalcBaseAndBitshift                  0x080009fd   Thumb Code    34  stm32f4xx_hal_dma.o(i.DMA_CalcBaseAndBitshift)
    i.DMA_CheckFifoParam                     0x08000a24   Section        0  stm32f4xx_hal_dma.o(i.DMA_CheckFifoParam)
    DMA_CheckFifoParam                       0x08000a25   Thumb Code    84  stm32f4xx_hal_dma.o(i.DMA_CheckFifoParam)
    i.DMA_SetConfig                          0x08000a78   Section        0  stm32f4xx_hal_dma.o(i.DMA_SetConfig)
    DMA_SetConfig                            0x08000a79   Thumb Code    40  stm32f4xx_hal_dma.o(i.DMA_SetConfig)
    i.DebugMon_Handler                       0x08000aa0   Section        0  stm32f4xx_it.o(i.DebugMon_Handler)
    i.Display                                0x08000aa2   Section        0  lcd_driver.o(i.Display)
    i.Eeprom_Read                            0x08000ad4   Section        0  eeprom.o(i.Eeprom_Read)
    i.Error_Handler                          0x08000ae4   Section        0  sysclock.o(i.Error_Handler)
    i.Find_Rfid                              0x08000ae8   Section        0  motor.o(i.Find_Rfid)
    i.Find_Rfid_Match                        0x08000b8c   Section        0  motor.o(i.Find_Rfid_Match)
    i.Get_Barrier                            0x08000c4c   Section        0  ks103.o(i.Get_Barrier)
    i.Get_Range                              0x08000c6c   Section        0  ks103.o(i.Get_Range)
    i.HAL_ADCEx_InjectedConvCpltCallback     0x08000cec   Section        0  stm32f4xx_hal_adc_ex.o(i.HAL_ADCEx_InjectedConvCpltCallback)
    i.HAL_ADC_ConfigChannel                  0x08000cf0   Section        0  stm32f4xx_hal_adc.o(i.HAL_ADC_ConfigChannel)
    i.HAL_ADC_ConvCpltCallback               0x08000e44   Section        0  stm32f4xx_hal_adc.o(i.HAL_ADC_ConvCpltCallback)
    i.HAL_ADC_ConvHalfCpltCallback           0x08000e46   Section        0  stm32f4xx_hal_adc.o(i.HAL_ADC_ConvHalfCpltCallback)
    i.HAL_ADC_ErrorCallback                  0x08000e48   Section        0  stm32f4xx_hal_adc.o(i.HAL_ADC_ErrorCallback)
    i.HAL_ADC_IRQHandler                     0x08000e4a   Section        0  stm32f4xx_hal_adc.o(i.HAL_ADC_IRQHandler)
    i.HAL_ADC_Init                           0x08000f86   Section        0  stm32f4xx_hal_adc.o(i.HAL_ADC_Init)
    i.HAL_ADC_LevelOutOfWindowCallback       0x08000fda   Section        0  stm32f4xx_hal_adc.o(i.HAL_ADC_LevelOutOfWindowCallback)
    i.HAL_ADC_MspInit                        0x08000fdc   Section        0  stm32f4xx_hal_msp.o(i.HAL_ADC_MspInit)
    i.HAL_ADC_Start_DMA                      0x08001058   Section        0  stm32f4xx_hal_adc.o(i.HAL_ADC_Start_DMA)
    i.HAL_DMA_Abort_IT                       0x08001154   Section        0  stm32f4xx_hal_dma.o(i.HAL_DMA_Abort_IT)
    i.HAL_DMA_IRQHandler                     0x08001178   Section        0  stm32f4xx_hal_dma.o(i.HAL_DMA_IRQHandler)
    i.HAL_DMA_Init                           0x08001320   Section        0  stm32f4xx_hal_dma.o(i.HAL_DMA_Init)
    i.HAL_DMA_Start_IT                       0x080013f0   Section        0  stm32f4xx_hal_dma.o(i.HAL_DMA_Start_IT)
    i.HAL_Delay                              0x08001468   Section        0  stm32f4xx_hal.o(i.HAL_Delay)
    i.HAL_GPIO_Init                          0x08001480   Section        0  stm32f4xx_hal_gpio.o(i.HAL_GPIO_Init)
    i.HAL_GPIO_ReadPin                       0x0800164c   Section        0  stm32f4xx_hal_gpio.o(i.HAL_GPIO_ReadPin)
    i.HAL_GPIO_WritePin                      0x08001656   Section        0  stm32f4xx_hal_gpio.o(i.HAL_GPIO_WritePin)
    i.HAL_GetTick                            0x08001660   Section        0  stm32f4xx_hal.o(i.HAL_GetTick)
    i.HAL_IncTick                            0x0800166c   Section        0  stm32f4xx_hal.o(i.HAL_IncTick)
    i.HAL_Init                               0x0800167c   Section        0  stm32f4xx_hal.o(i.HAL_Init)
    i.HAL_InitTick                           0x080016b0   Section        0  stm32f4xx_hal.o(i.HAL_InitTick)
    i.HAL_MspInit                            0x080016d8   Section        0  stm32f4xx_hal_msp.o(i.HAL_MspInit)
    i.HAL_NVIC_EnableIRQ                     0x08001730   Section        0  stm32f4xx_hal_cortex.o(i.HAL_NVIC_EnableIRQ)
    i.HAL_NVIC_SetPriority                   0x08001748   Section        0  stm32f4xx_hal_cortex.o(i.HAL_NVIC_SetPriority)
    i.HAL_NVIC_SetPriorityGrouping           0x08001788   Section        0  stm32f4xx_hal_cortex.o(i.HAL_NVIC_SetPriorityGrouping)
    i.HAL_PWREx_EnableOverDrive              0x080017ac   Section        0  stm32f4xx_hal_pwr_ex.o(i.HAL_PWREx_EnableOverDrive)
    i.HAL_RCC_ClockConfig                    0x08001838   Section        0  stm32f4xx_hal_rcc.o(i.HAL_RCC_ClockConfig)
    i.HAL_RCC_GetHCLKFreq                    0x080019b4   Section        0  stm32f4xx_hal_rcc.o(i.HAL_RCC_GetHCLKFreq)
    i.HAL_RCC_GetPCLK1Freq                   0x080019c0   Section        0  stm32f4xx_hal_rcc.o(i.HAL_RCC_GetPCLK1Freq)
    i.HAL_RCC_GetPCLK2Freq                   0x080019f0   Section        0  stm32f4xx_hal_rcc.o(i.HAL_RCC_GetPCLK2Freq)
    i.HAL_RCC_GetSysClockFreq                0x08001a20   Section        0  stm32f4xx_hal_rcc.o(i.HAL_RCC_GetSysClockFreq)
    i.HAL_RCC_OscConfig                      0x08001a90   Section        0  stm32f4xx_hal_rcc.o(i.HAL_RCC_OscConfig)
    i.HAL_SYSTICK_CLKSourceConfig            0x08001d74   Section        0  stm32f4xx_hal_cortex.o(i.HAL_SYSTICK_CLKSourceConfig)
    i.HAL_SYSTICK_Callback                   0x08001d8c   Section        0  stm32f4xx_hal_cortex.o(i.HAL_SYSTICK_Callback)
    i.HAL_SYSTICK_Config                     0x08001d8e   Section        0  stm32f4xx_hal_cortex.o(i.HAL_SYSTICK_Config)
    i.HAL_SYSTICK_IRQHandler                 0x08001db6   Section        0  stm32f4xx_hal_cortex.o(i.HAL_SYSTICK_IRQHandler)
    i.HAL_TIMEx_BreakCallback                0x08001dbe   Section        0  stm32f4xx_hal_tim_ex.o(i.HAL_TIMEx_BreakCallback)
    i.HAL_TIMEx_CommutationCallback          0x08001dc0   Section        0  stm32f4xx_hal_tim_ex.o(i.HAL_TIMEx_CommutationCallback)
    i.HAL_TIMEx_MasterConfigSynchronization  0x08001dc2   Section        0  stm32f4xx_hal_tim_ex.o(i.HAL_TIMEx_MasterConfigSynchronization)
    i.HAL_TIM_Base_Init                      0x08001e12   Section        0  stm32f4xx_hal_tim.o(i.HAL_TIM_Base_Init)
    i.HAL_TIM_Base_MspInit                   0x08001e48   Section        0  stm32f4xx_hal_msp.o(i.HAL_TIM_Base_MspInit)
    i.HAL_TIM_Base_Start_IT                  0x08001ea4   Section        0  stm32f4xx_hal_tim.o(i.HAL_TIM_Base_Start_IT)
    i.HAL_TIM_ConfigClockSource              0x08001ebc   Section        0  stm32f4xx_hal_tim.o(i.HAL_TIM_ConfigClockSource)
    i.HAL_TIM_IC_CaptureCallback             0x08001fae   Section        0  stm32f4xx_hal_tim.o(i.HAL_TIM_IC_CaptureCallback)
    i.HAL_TIM_IRQHandler                     0x08001fb0   Section        0  stm32f4xx_hal_tim.o(i.HAL_TIM_IRQHandler)
    i.HAL_TIM_MspPostInit                    0x08002118   Section        0  stm32f4xx_hal_msp.o(i.HAL_TIM_MspPostInit)
    i.HAL_TIM_OC_DelayElapsedCallback        0x08002158   Section        0  stm32f4xx_hal_tim.o(i.HAL_TIM_OC_DelayElapsedCallback)
    i.HAL_TIM_PWM_ConfigChannel              0x0800215a   Section        0  stm32f4xx_hal_tim.o(i.HAL_TIM_PWM_ConfigChannel)
    i.HAL_TIM_PWM_Init                       0x0800222a   Section        0  stm32f4xx_hal_tim.o(i.HAL_TIM_PWM_Init)
    i.HAL_TIM_PWM_MspInit                    0x08002260   Section        0  stm32f4xx_hal_tim.o(i.HAL_TIM_PWM_MspInit)
    i.HAL_TIM_PWM_PulseFinishedCallback      0x08002262   Section        0  stm32f4xx_hal_tim.o(i.HAL_TIM_PWM_PulseFinishedCallback)
    i.HAL_TIM_PWM_Start                      0x08002264   Section        0  stm32f4xx_hal_tim.o(i.HAL_TIM_PWM_Start)
    i.HAL_TIM_PeriodElapsedCallback          0x0800229c   Section        0  pwm.o(i.HAL_TIM_PeriodElapsedCallback)
    i.HAL_TIM_TriggerCallback                0x0800229e   Section        0  stm32f4xx_hal_tim.o(i.HAL_TIM_TriggerCallback)
    i.HAL_UART_ErrorCallback                 0x080022a0   Section        0  stm32f4xx_hal_uart.o(i.HAL_UART_ErrorCallback)
    i.HAL_UART_GetState                      0x080022a2   Section        0  stm32f4xx_hal_uart.o(i.HAL_UART_GetState)
    i.HAL_UART_IRQHandler                    0x080022ac   Section        0  stm32f4xx_hal_uart.o(i.HAL_UART_IRQHandler)
    i.HAL_UART_Init                          0x080023bc   Section        0  stm32f4xx_hal_uart.o(i.HAL_UART_Init)
    i.HAL_UART_MspInit                       0x08002420   Section        0  stm32f4xx_hal_msp.o(i.HAL_UART_MspInit)
    i.HAL_UART_Receive_IT                    0x080024d0   Section        0  stm32f4xx_hal_uart.o(i.HAL_UART_Receive_IT)
    i.HAL_UART_RxCpltCallback                0x08002518   Section        0  usart.o(i.HAL_UART_RxCpltCallback)
    i.HAL_UART_Transmit                      0x08002624   Section        0  stm32f4xx_hal_uart.o(i.HAL_UART_Transmit)
    i.HAL_UART_TxCpltCallback                0x080026de   Section        0  stm32f4xx_hal_uart.o(i.HAL_UART_TxCpltCallback)
    i.HardFault_Handler                      0x080026e0   Section        0  stm32f4xx_it.o(i.HardFault_Handler)
    i.IIC_Ack                                0x080026e4   Section        0  myiic_1.o(i.IIC_Ack)
    i.IIC_Ack_2                              0x08002724   Section        0  myiic2.o(i.IIC_Ack_2)
    i.IIC_Init                               0x08002764   Section        0  myiic_1.o(i.IIC_Init)
    i.IIC_Init_2                             0x080027ac   Section        0  myiic2.o(i.IIC_Init_2)
    i.IIC_NAck                               0x080027f4   Section        0  myiic_1.o(i.IIC_NAck)
    i.IIC_NAck_2                             0x08002834   Section        0  myiic2.o(i.IIC_NAck_2)
    i.IIC_Read_Byte                          0x08002874   Section        0  myiic_1.o(i.IIC_Read_Byte)
    i.IIC_Read_Byte_2                        0x080028dc   Section        0  myiic2.o(i.IIC_Read_Byte_2)
    i.IIC_Send_Byte                          0x08002944   Section        0  myiic_1.o(i.IIC_Send_Byte)
    i.IIC_Send_Byte_2                        0x080029a4   Section        0  myiic2.o(i.IIC_Send_Byte_2)
    i.IIC_Start                              0x08002a04   Section        0  myiic_1.o(i.IIC_Start)
    i.IIC_Start_2                            0x08002a44   Section        0  myiic2.o(i.IIC_Start_2)
    i.IIC_Stop                               0x08002a84   Section        0  myiic_1.o(i.IIC_Stop)
    i.IIC_Stop_2                             0x08002ac8   Section        0  myiic2.o(i.IIC_Stop_2)
    i.IIC_Wait_Ack                           0x08002b0c   Section        0  myiic_1.o(i.IIC_Wait_Ack)
    i.IIC_Wait_Ack_2                         0x08002b60   Section        0  myiic2.o(i.IIC_Wait_Ack_2)
    i.KS103_ReadOneByte                      0x08002bb4   Section        0  ks103.o(i.KS103_ReadOneByte)
    i.KS103_WriteOneByte                     0x08002bf8   Section        0  ks103.o(i.KS103_WriteOneByte)
    i.LCD_Write                              0x08002c2c   Section        0  lcd_driver.o(i.LCD_Write)
    i.MX_ADC1_Init                           0x08002cb0   Section        0  adc_dma.o(i.MX_ADC1_Init)
    i.MX_DMA_Init                            0x08002d00   Section        0  adc_dma.o(i.MX_DMA_Init)
    i.MX_GPIO_Init                           0x08002d1c   Section        0  gpio_init.o(i.MX_GPIO_Init)
    i.MX_NVIC_Init                           0x08002f18   Section        0  adc_dma.o(i.MX_NVIC_Init)
    i.MX_TIM13_Init                          0x08002fb8   Section        0  pwm.o(i.MX_TIM13_Init)
    i.MX_TIM14_Init                          0x08003014   Section        0  pwm.o(i.MX_TIM14_Init)
    i.MX_TIM3_Init                           0x08003070   Section        0  pwm.o(i.MX_TIM3_Init)
    i.MX_USART2_UART_Init                    0x080030cc   Section        0  uart_init.o(i.MX_USART2_UART_Init)
    i.MX_USART3_UART_Init                    0x08003110   Section        0  uart_init.o(i.MX_USART3_UART_Init)
    i.MemManage_Handler                      0x08003154   Section        0  stm32f4xx_it.o(i.MemManage_Handler)
    i.Motor_Ahead                            0x08003158   Section        0  motor.o(i.Motor_Ahead)
    i.Motor_Ahead_Wait                       0x0800321c   Section        0  motor.o(i.Motor_Ahead_Wait)
    i.Motor_Back                             0x080032c0   Section        0  motor.o(i.Motor_Back)
    i.Motor_Ruku                             0x08003384   Section        0  motor.o(i.Motor_Ruku)
    i.NMI_Handler                            0x08003448   Section        0  stm32f4xx_it.o(i.NMI_Handler)
    i.NVIC_SetPriority                       0x0800344a   Section        0  stm32f4xx_hal_cortex.o(i.NVIC_SetPriority)
    NVIC_SetPriority                         0x0800344b   Thumb Code    32  stm32f4xx_hal_cortex.o(i.NVIC_SetPriority)
    i.PendSV_Handler                         0x0800346a   Section        0  stm32f4xx_it.o(i.PendSV_Handler)
    i.SVC_Handler                            0x0800346c   Section        0  stm32f4xx_it.o(i.SVC_Handler)
    i.Send_Id                                0x08003470   Section        0  eeprom.o(i.Send_Id)
    i.Set_Acc                                0x080034b0   Section        0  motor.o(i.Set_Acc)
    i.Set_Motor                              0x080034e0   Section        0  motor.o(i.Set_Motor)
    i.Set_Slowdown                           0x080034f8   Section        0  motor.o(i.Set_Slowdown)
    i.Stop                                   0x08003528   Section        0  motor.o(i.Stop)
    i.SysTick_Handler                        0x0800353c   Section        0  stm32f4xx_it.o(i.SysTick_Handler)
    i.SystemClock_Config                     0x0800354c   Section        0  sysclock.o(i.SystemClock_Config)
    i.SystemInit                             0x080035f4   Section        0  system_stm32f4xx.o(i.SystemInit)
    i.TIM3_IRQHandler                        0x08003648   Section        0  stm32f4xx_it.o(i.TIM3_IRQHandler)
    i.TIM_Base_SetConfig                     0x08003654   Section        0  stm32f4xx_hal_tim.o(i.TIM_Base_SetConfig)
    i.TIM_CCxChannelCmd                      0x08003714   Section        0  stm32f4xx_hal_tim.o(i.TIM_CCxChannelCmd)
    i.TIM_ETR_SetConfig                      0x0800372a   Section        0  stm32f4xx_hal_tim.o(i.TIM_ETR_SetConfig)
    TIM_ETR_SetConfig                        0x0800372b   Thumb Code    20  stm32f4xx_hal_tim.o(i.TIM_ETR_SetConfig)
    i.TIM_ITRx_SetConfig                     0x0800373e   Section        0  stm32f4xx_hal_tim.o(i.TIM_ITRx_SetConfig)
    TIM_ITRx_SetConfig                       0x0800373f   Thumb Code    16  stm32f4xx_hal_tim.o(i.TIM_ITRx_SetConfig)
    i.TIM_OC1_SetConfig                      0x08003750   Section        0  stm32f4xx_hal_tim.o(i.TIM_OC1_SetConfig)
    TIM_OC1_SetConfig                        0x08003751   Thumb Code    80  stm32f4xx_hal_tim.o(i.TIM_OC1_SetConfig)
    i.TIM_OC2_SetConfig                      0x080037a8   Section        0  stm32f4xx_hal_tim.o(i.TIM_OC2_SetConfig)
    i.TIM_OC3_SetConfig                      0x0800380c   Section        0  stm32f4xx_hal_tim.o(i.TIM_OC3_SetConfig)
    TIM_OC3_SetConfig                        0x0800380d   Thumb Code    88  stm32f4xx_hal_tim.o(i.TIM_OC3_SetConfig)
    i.TIM_OC4_SetConfig                      0x0800386c   Section        0  stm32f4xx_hal_tim.o(i.TIM_OC4_SetConfig)
    TIM_OC4_SetConfig                        0x0800386d   Thumb Code    70  stm32f4xx_hal_tim.o(i.TIM_OC4_SetConfig)
    i.TIM_TI1_ConfigInputStage               0x080038bc   Section        0  stm32f4xx_hal_tim.o(i.TIM_TI1_ConfigInputStage)
    TIM_TI1_ConfigInputStage                 0x080038bd   Thumb Code    34  stm32f4xx_hal_tim.o(i.TIM_TI1_ConfigInputStage)
    i.TIM_TI2_ConfigInputStage               0x080038de   Section        0  stm32f4xx_hal_tim.o(i.TIM_TI2_ConfigInputStage)
    TIM_TI2_ConfigInputStage                 0x080038df   Thumb Code    36  stm32f4xx_hal_tim.o(i.TIM_TI2_ConfigInputStage)
    i.UART_DMAAbortOnError                   0x08003902   Section        0  stm32f4xx_hal_uart.o(i.UART_DMAAbortOnError)
    UART_DMAAbortOnError                     0x08003903   Thumb Code    16  stm32f4xx_hal_uart.o(i.UART_DMAAbortOnError)
    i.UART_EndRxTransfer                     0x08003912   Section        0  stm32f4xx_hal_uart.o(i.UART_EndRxTransfer)
    UART_EndRxTransfer                       0x08003913   Thumb Code    28  stm32f4xx_hal_uart.o(i.UART_EndRxTransfer)
    i.UART_Receive_IT                        0x0800392e   Section        0  stm32f4xx_hal_uart.o(i.UART_Receive_IT)
    UART_Receive_IT                          0x0800392f   Thumb Code   140  stm32f4xx_hal_uart.o(i.UART_Receive_IT)
    i.UART_SetConfig                         0x080039bc   Section        0  stm32f4xx_hal_uart.o(i.UART_SetConfig)
    UART_SetConfig                           0x080039bd   Thumb Code   676  stm32f4xx_hal_uart.o(i.UART_SetConfig)
    i.UART_Transmit_IT                       0x08003c68   Section        0  stm32f4xx_hal_uart.o(i.UART_Transmit_IT)
    UART_Transmit_IT                         0x08003c69   Thumb Code    98  stm32f4xx_hal_uart.o(i.UART_Transmit_IT)
    i.UART_WaitOnFlagUntilTimeout            0x08003cca   Section        0  stm32f4xx_hal_uart.o(i.UART_WaitOnFlagUntilTimeout)
    UART_WaitOnFlagUntilTimeout              0x08003ccb   Thumb Code   100  stm32f4xx_hal_uart.o(i.UART_WaitOnFlagUntilTimeout)
    i.USART1_IRQHandler                      0x08003d30   Section        0  usart.o(i.USART1_IRQHandler)
    i.USART2_IRQHandler                      0x08003d5c   Section        0  usart.o(i.USART2_IRQHandler)
    i.USART3_IRQHandler                      0x08003d88   Section        0  usart.o(i.USART3_IRQHandler)
    i.Uart_Analyse                           0x08003db4   Section        0  usart.o(i.Uart_Analyse)
    i.Uart_Store                             0x08003e1c   Section        0  usart.o(i.Uart_Store)
    i.UsageFault_Handler                     0x08003e7c   Section        0  stm32f4xx_it.o(i.UsageFault_Handler)
    i.Voltage_Test                           0x08003e80   Section        0  lcd_driver.o(i.Voltage_Test)
    i.__scatterload_copy                     0x08003f24   Section       14  handlers.o(i.__scatterload_copy)
    i.__scatterload_null                     0x08003f32   Section        2  handlers.o(i.__scatterload_null)
    i.__scatterload_zeroinit                 0x08003f34   Section       14  handlers.o(i.__scatterload_zeroinit)
    i.ahead_wave                             0x08003f44   Section        0  motor.o(i.ahead_wave)
    i.back_wave                              0x08003fd8   Section        0  motor.o(i.back_wave)
    i.delay_init                             0x0800406c   Section        0  delay.o(i.delay_init)
    i.delay_ms                               0x08004080   Section        0  delay.o(i.delay_ms)
    i.delay_us                               0x0800409c   Section        0  delay.o(i.delay_us)
    i.free                                   0x080040d0   Section        0  malloc.o(i.free)
    i.free_array                             0x08004120   Section        0  usart.o(i.free_array)
    i.main                                   0x0800415c   Section        0  main.o(i.main)
    i.malloc                                 0x08004270   Section        0  malloc.o(i.malloc)
    .constdata                               0x080042dc   Section        8  stm32f4xx_hal_dma.o(.constdata)
    flagBitshiftOffset                       0x080042dc   Data           8  stm32f4xx_hal_dma.o(.constdata)
    .constdata                               0x080042e4   Section       16  stm32f4xx_hal_rcc.o(.constdata)
    .data                                    0x20000000   Section        4  system_stm32f4xx.o(.data)
    .data                                    0x20000004   Section        4  delay.o(.data)
    fac_us                                   0x20000004   Data           4  delay.o(.data)
    .data                                    0x20000008   Section        4  usart.o(.data)
    i                                        0x20000008   Data           4  usart.o(.data)
    .data                                    0x2000000c   Section       24  motor.o(.data)
    num                                      0x2000000c   Data           4  motor.o(.data)
    count1                                   0x20000010   Data           4  motor.o(.data)
    count2                                   0x20000014   Data           4  motor.o(.data)
    num                                      0x20000018   Data           4  motor.o(.data)
    count1                                   0x2000001c   Data           4  motor.o(.data)
    count2                                   0x20000020   Data           4  motor.o(.data)
    .data                                    0x20000024   Section        4  stm32f4xx_hal.o(.data)
    .data                                    0x20000028   Section        2  main.o(.data)
    .data                                    0x2000002a   Section        2  main.o(.data)
    .data                                    0x2000002c   Section        6  main.o(.data)
    .data                                    0x20000034   Section        4  main.o(.data)
    .data                                    0x20000038   Section        2  main.o(.data)
    .data                                    0x2000003a   Section        2  main.o(.data)
    .data                                    0x2000003c   Section        2  main.o(.data)
    .data                                    0x2000003e   Section        2  main.o(.data)
    .data                                    0x20000040   Section        2  main.o(.data)
    .data                                    0x20000042   Section        2  main.o(.data)
    .data                                    0x20000044   Section        2  main.o(.data)
    .data                                    0x20000048   Section        4  main.o(.data)
    .data                                    0x2000004c   Section        4  main.o(.data)
    .data                                    0x20000050   Section       13  main.o(.data)
    .data                                    0x2000005d   Section        4  main.o(.data)
    .data                                    0x20000061   Section        4  main.o(.data)
    .data                                    0x20000065   Section        4  main.o(.data)
    .data                                    0x20000069   Section        1  main.o(.data)
    .data                                    0x2000006a   Section        3  main.o(.data)
    .data                                    0x2000006d   Section        3  main.o(.data)
    .data                                    0x20000070   Section        3  main.o(.data)
    .data                                    0x20000073   Section        3  main.o(.data)
    .data                                    0x20000076   Section       11  main.o(.data)
    .data                                    0x20000081   Section        4  main.o(.data)
    .data                                    0x20000085   Section        4  main.o(.data)
    .data                                    0x20000089   Section        1  main.o(.data)
    .data                                    0x2000008a   Section        1  main.o(.data)
    .data                                    0x2000008c   Section        4  main.o(.data)
    .data                                    0x20000090   Section        1  main.o(.data)
    .data                                    0x20000091   Section        1  main.o(.data)
    .data                                    0x20000092   Section        1  main.o(.data)
    .data                                    0x20000093   Section        1  main.o(.data)
    .data                                    0x20000094   Section        6  main.o(.data)
    .data                                    0x2000009c   Section        4  mvars.o(.data)
    .data                                    0x200000a0   Section        4  mvars.o(.data)
    .bss                                     0x200000a4   Section      200  main.o(.bss)
    .bss                                     0x2000016c   Section      464  main.o(.bss)
    .bss                                     0x2000033c   Section      200  main.o(.bss)
    .bss                                     0x20000404   Section       64  main.o(.bss)
    .bss                                     0x20000444   Section       64  main.o(.bss)
    .bss                                     0x20000484   Section       60  main.o(.bss)
    .bss                                     0x200004c0   Section       60  main.o(.bss)
    .bss                                     0x200004fc   Section       60  main.o(.bss)
    .bss                                     0x20000538   Section       72  main.o(.bss)
    .bss                                     0x20000580   Section       96  main.o(.bss)
    .bss                                     0x200005e0   Section      200  main.o(.bss)
    HEAP                                     0x200006a8   Section      512  startup_stm32f429xx.o(HEAP)
    STACK                                    0x200008a8   Section     1024  startup_stm32f429xx.o(STACK)

    Global Symbols

    Symbol Name                              Value     Ov Type        Size  Object(Section)

    BuildAttributes$$THM_ISAv4$E$P$D$K$B$S$7EM$VFPi3$EXTD16$VFPS$VFMA$PE$A:L22UL41UL21$X:L11$S22US41US21$IEEE1$IW$USESV6$~STKCKD$USESV7$~SHL$OSPACE$ROPI$EBA8$MICROLIB$REQ8$PRES8$EABIv2 0x00000000   Number         0  anon$$obj.o ABSOLUTE
    __ARM_use_no_argv                        0x00000000   Number         0  main.o ABSOLUTE
    __cpp_initialize__aeabi_                  - Undefined Weak Reference
    __cxa_finalize                            - Undefined Weak Reference
    __decompress                              - Undefined Weak Reference
    _clock_init                               - Undefined Weak Reference
    _microlib_exit                            - Undefined Weak Reference
    __Vectors_Size                           0x000001ac   Number         0  startup_stm32f429xx.o ABSOLUTE
    __Vectors                                0x08000000   Data           4  startup_stm32f429xx.o(RESET)
    __Vectors_End                            0x080001ac   Data           0  startup_stm32f429xx.o(RESET)
    __main                                   0x080001ad   Thumb Code     0  entry.o(.ARM.Collect$$$$00000000)
    _main_stk                                0x080001ad   Thumb Code     0  entry2.o(.ARM.Collect$$$$00000001)
    _main_scatterload                        0x080001b1   Thumb Code     0  entry5.o(.ARM.Collect$$$$00000004)
    __main_after_scatterload                 0x080001b5   Thumb Code     0  entry5.o(.ARM.Collect$$$$00000004)
    _main_clock                              0x080001b5   Thumb Code     0  entry7b.o(.ARM.Collect$$$$00000008)
    _main_cpp_init                           0x080001b5   Thumb Code     0  entry8b.o(.ARM.Collect$$$$0000000A)
    _main_init                               0x080001b5   Thumb Code     0  entry9a.o(.ARM.Collect$$$$0000000B)
    __rt_final_cpp                           0x080001bd   Thumb Code     0  entry10a.o(.ARM.Collect$$$$0000000D)
    __rt_final_exit                          0x080001bd   Thumb Code     0  entry11a.o(.ARM.Collect$$$$0000000F)
    Reset_Handler                            0x080001c1   Thumb Code     8  startup_stm32f429xx.o(.text)
    CAN1_RX0_IRQHandler                      0x080001db   Thumb Code     0  startup_stm32f429xx.o(.text)
    CAN1_RX1_IRQHandler                      0x080001db   Thumb Code     0  startup_stm32f429xx.o(.text)
    CAN1_SCE_IRQHandler                      0x080001db   Thumb Code     0  startup_stm32f429xx.o(.text)
    CAN1_TX_IRQHandler                       0x080001db   Thumb Code     0  startup_stm32f429xx.o(.text)
    CAN2_RX0_IRQHandler                      0x080001db   Thumb Code     0  startup_stm32f429xx.o(.text)
    CAN2_RX1_IRQHandler                      0x080001db   Thumb Code     0  startup_stm32f429xx.o(.text)
    CAN2_SCE_IRQHandler                      0x080001db   Thumb Code     0  startup_stm32f429xx.o(.text)
    CAN2_TX_IRQHandler                       0x080001db   Thumb Code     0  startup_stm32f429xx.o(.text)
    DCMI_IRQHandler                          0x080001db   Thumb Code     0  startup_stm32f429xx.o(.text)
    DMA1_Stream0_IRQHandler                  0x080001db   Thumb Code     0  startup_stm32f429xx.o(.text)
    DMA1_Stream1_IRQHandler                  0x080001db   Thumb Code     0  startup_stm32f429xx.o(.text)
    DMA1_Stream2_IRQHandler                  0x080001db   Thumb Code     0  startup_stm32f429xx.o(.text)
    DMA1_Stream3_IRQHandler                  0x080001db   Thumb Code     0  startup_stm32f429xx.o(.text)
    DMA1_Stream4_IRQHandler                  0x080001db   Thumb Code     0  startup_stm32f429xx.o(.text)
    DMA1_Stream5_IRQHandler                  0x080001db   Thumb Code     0  startup_stm32f429xx.o(.text)
    DMA1_Stream6_IRQHandler                  0x080001db   Thumb Code     0  startup_stm32f429xx.o(.text)
    DMA1_Stream7_IRQHandler                  0x080001db   Thumb Code     0  startup_stm32f429xx.o(.text)
    DMA2D_IRQHandler                         0x080001db   Thumb Code     0  startup_stm32f429xx.o(.text)
    DMA2_Stream1_IRQHandler                  0x080001db   Thumb Code     0  startup_stm32f429xx.o(.text)
    DMA2_Stream2_IRQHandler                  0x080001db   Thumb Code     0  startup_stm32f429xx.o(.text)
    DMA2_Stream3_IRQHandler                  0x080001db   Thumb Code     0  startup_stm32f429xx.o(.text)
    DMA2_Stream4_IRQHandler                  0x080001db   Thumb Code     0  startup_stm32f429xx.o(.text)
    DMA2_Stream5_IRQHandler                  0x080001db   Thumb Code     0  startup_stm32f429xx.o(.text)
    DMA2_Stream6_IRQHandler                  0x080001db   Thumb Code     0  startup_stm32f429xx.o(.text)
    DMA2_Stream7_IRQHandler                  0x080001db   Thumb Code     0  startup_stm32f429xx.o(.text)
    ETH_IRQHandler                           0x080001db   Thumb Code     0  startup_stm32f429xx.o(.text)
    ETH_WKUP_IRQHandler                      0x080001db   Thumb Code     0  startup_stm32f429xx.o(.text)
    EXTI0_IRQHandler                         0x080001db   Thumb Code     0  startup_stm32f429xx.o(.text)
    EXTI15_10_IRQHandler                     0x080001db   Thumb Code     0  startup_stm32f429xx.o(.text)
    EXTI1_IRQHandler                         0x080001db   Thumb Code     0  startup_stm32f429xx.o(.text)
    EXTI2_IRQHandler                         0x080001db   Thumb Code     0  startup_stm32f429xx.o(.text)
    EXTI3_IRQHandler                         0x080001db   Thumb Code     0  startup_stm32f429xx.o(.text)
    EXTI4_IRQHandler                         0x080001db   Thumb Code     0  startup_stm32f429xx.o(.text)
    EXTI9_5_IRQHandler                       0x080001db   Thumb Code     0  startup_stm32f429xx.o(.text)
    FLASH_IRQHandler                         0x080001db   Thumb Code     0  startup_stm32f429xx.o(.text)
    FMC_IRQHandler                           0x080001db   Thumb Code     0  startup_stm32f429xx.o(.text)
    FPU_IRQHandler                           0x080001db   Thumb Code     0  startup_stm32f429xx.o(.text)
    HASH_RNG_IRQHandler                      0x080001db   Thumb Code     0  startup_stm32f429xx.o(.text)
    I2C1_ER_IRQHandler                       0x080001db   Thumb Code     0  startup_stm32f429xx.o(.text)
    I2C1_EV_IRQHandler                       0x080001db   Thumb Code     0  startup_stm32f429xx.o(.text)
    I2C2_ER_IRQHandler                       0x080001db   Thumb Code     0  startup_stm32f429xx.o(.text)
    I2C2_EV_IRQHandler                       0x080001db   Thumb Code     0  startup_stm32f429xx.o(.text)
    I2C3_ER_IRQHandler                       0x080001db   Thumb Code     0  startup_stm32f429xx.o(.text)
    I2C3_EV_IRQHandler                       0x080001db   Thumb Code     0  startup_stm32f429xx.o(.text)
    LTDC_ER_IRQHandler                       0x080001db   Thumb Code     0  startup_stm32f429xx.o(.text)
    LTDC_IRQHandler                          0x080001db   Thumb Code     0  startup_stm32f429xx.o(.text)
    OTG_FS_IRQHandler                        0x080001db   Thumb Code     0  startup_stm32f429xx.o(.text)
    OTG_FS_WKUP_IRQHandler                   0x080001db   Thumb Code     0  startup_stm32f429xx.o(.text)
    OTG_HS_EP1_IN_IRQHandler                 0x080001db   Thumb Code     0  startup_stm32f429xx.o(.text)
    OTG_HS_EP1_OUT_IRQHandler                0x080001db   Thumb Code     0  startup_stm32f429xx.o(.text)
    OTG_HS_IRQHandler                        0x080001db   Thumb Code     0  startup_stm32f429xx.o(.text)
    OTG_HS_WKUP_IRQHandler                   0x080001db   Thumb Code     0  startup_stm32f429xx.o(.text)
    PVD_IRQHandler                           0x080001db   Thumb Code     0  startup_stm32f429xx.o(.text)
    RCC_IRQHandler                           0x080001db   Thumb Code     0  startup_stm32f429xx.o(.text)
    RTC_Alarm_IRQHandler                     0x080001db   Thumb Code     0  startup_stm32f429xx.o(.text)
    RTC_WKUP_IRQHandler                      0x080001db   Thumb Code     0  startup_stm32f429xx.o(.text)
    SAI1_IRQHandler                          0x080001db   Thumb Code     0  startup_stm32f429xx.o(.text)
    SDIO_IRQHandler                          0x080001db   Thumb Code     0  startup_stm32f429xx.o(.text)
    SPI1_IRQHandler                          0x080001db   Thumb Code     0  startup_stm32f429xx.o(.text)
    SPI2_IRQHandler                          0x080001db   Thumb Code     0  startup_stm32f429xx.o(.text)
    SPI3_IRQHandler                          0x080001db   Thumb Code     0  startup_stm32f429xx.o(.text)
    SPI4_IRQHandler                          0x080001db   Thumb Code     0  startup_stm32f429xx.o(.text)
    SPI5_IRQHandler                          0x080001db   Thumb Code     0  startup_stm32f429xx.o(.text)
    SPI6_IRQHandler                          0x080001db   Thumb Code     0  startup_stm32f429xx.o(.text)
    TAMP_STAMP_IRQHandler                    0x080001db   Thumb Code     0  startup_stm32f429xx.o(.text)
    TIM1_BRK_TIM9_IRQHandler                 0x080001db   Thumb Code     0  startup_stm32f429xx.o(.text)
    TIM1_CC_IRQHandler                       0x080001db   Thumb Code     0  startup_stm32f429xx.o(.text)
    TIM1_TRG_COM_TIM11_IRQHandler            0x080001db   Thumb Code     0  startup_stm32f429xx.o(.text)
    TIM1_UP_TIM10_IRQHandler                 0x080001db   Thumb Code     0  startup_stm32f429xx.o(.text)
    TIM2_IRQHandler                          0x080001db   Thumb Code     0  startup_stm32f429xx.o(.text)
    TIM4_IRQHandler                          0x080001db   Thumb Code     0  startup_stm32f429xx.o(.text)
    TIM5_IRQHandler                          0x080001db   Thumb Code     0  startup_stm32f429xx.o(.text)
    TIM6_DAC_IRQHandler                      0x080001db   Thumb Code     0  startup_stm32f429xx.o(.text)
    TIM7_IRQHandler                          0x080001db   Thumb Code     0  startup_stm32f429xx.o(.text)
    TIM8_BRK_TIM12_IRQHandler                0x080001db   Thumb Code     0  startup_stm32f429xx.o(.text)
    TIM8_CC_IRQHandler                       0x080001db   Thumb Code     0  startup_stm32f429xx.o(.text)
    TIM8_TRG_COM_TIM14_IRQHandler            0x080001db   Thumb Code     0  startup_stm32f429xx.o(.text)
    TIM8_UP_TIM13_IRQHandler                 0x080001db   Thumb Code     0  startup_stm32f429xx.o(.text)
    UART4_IRQHandler                         0x080001db   Thumb Code     0  startup_stm32f429xx.o(.text)
    UART5_IRQHandler                         0x080001db   Thumb Code     0  startup_stm32f429xx.o(.text)
    UART7_IRQHandler                         0x080001db   Thumb Code     0  startup_stm32f429xx.o(.text)
    UART8_IRQHandler                         0x080001db   Thumb Code     0  startup_stm32f429xx.o(.text)
    USART6_IRQHandler                        0x080001db   Thumb Code     0  startup_stm32f429xx.o(.text)
    WWDG_IRQHandler                          0x080001db   Thumb Code     0  startup_stm32f429xx.o(.text)
    __scatterload                            0x080001e5   Thumb Code    28  init.o(.text)
    __scatterload_rt2                        0x080001e5   Thumb Code     0  init.o(.text)
    ADC_Average                              0x08000209   Thumb Code   136  adc_dma.o(i.ADC_Average)
    ADC_IRQHandler                           0x08000315   Thumb Code     6  stm32f4xx_it.o(i.ADC_IRQHandler)
    AT24CXX_Read                             0x08000455   Thumb Code    34  24cxx.o(i.AT24CXX_Read)
    AT24CXX_ReadOneByte                      0x08000477   Thumb Code    66  24cxx.o(i.AT24CXX_ReadOneByte)
    Ahead_Trailing                           0x080004b9   Thumb Code   618  motor.o(i.Ahead_Trailing)
    Answer                                   0x08000731   Thumb Code    46  motor.o(i.Answer)
    Back_Trailing                            0x08000771   Thumb Code   618  motor.o(i.Back_Trailing)
    BusFault_Handler                         0x080009ed   Thumb Code     2  stm32f4xx_it.o(i.BusFault_Handler)
    DMA2_Stream0_IRQHandler                  0x080009f1   Thumb Code     6  stm32f4xx_it.o(i.DMA2_Stream0_IRQHandler)
    DebugMon_Handler                         0x08000aa1   Thumb Code     2  stm32f4xx_it.o(i.DebugMon_Handler)
    Display                                  0x08000aa3   Thumb Code    48  lcd_driver.o(i.Display)
    Eeprom_Read                              0x08000ad5   Thumb Code    10  eeprom.o(i.Eeprom_Read)
    Error_Handler                            0x08000ae5   Thumb Code     2  sysclock.o(i.Error_Handler)
    Find_Rfid                                0x08000ae9   Thumb Code   136  motor.o(i.Find_Rfid)
    Find_Rfid_Match                          0x08000b8d   Thumb Code   172  motor.o(i.Find_Rfid_Match)
    Get_Barrier                              0x08000c4d   Thumb Code    32  ks103.o(i.Get_Barrier)
    Get_Range                                0x08000c6d   Thumb Code   110  ks103.o(i.Get_Range)
    HAL_ADCEx_InjectedConvCpltCallback       0x08000ced   Thumb Code     2  stm32f4xx_hal_adc_ex.o(i.HAL_ADCEx_InjectedConvCpltCallback)
    HAL_ADC_ConfigChannel                    0x08000cf1   Thumb Code   324  stm32f4xx_hal_adc.o(i.HAL_ADC_ConfigChannel)
    HAL_ADC_ConvCpltCallback                 0x08000e45   Thumb Code     2  stm32f4xx_hal_adc.o(i.HAL_ADC_ConvCpltCallback)
    HAL_ADC_ConvHalfCpltCallback             0x08000e47   Thumb Code     2  stm32f4xx_hal_adc.o(i.HAL_ADC_ConvHalfCpltCallback)
    HAL_ADC_ErrorCallback                    0x08000e49   Thumb Code     2  stm32f4xx_hal_adc.o(i.HAL_ADC_ErrorCallback)
    HAL_ADC_IRQHandler                       0x08000e4b   Thumb Code   316  stm32f4xx_hal_adc.o(i.HAL_ADC_IRQHandler)
    HAL_ADC_Init                             0x08000f87   Thumb Code    84  stm32f4xx_hal_adc.o(i.HAL_ADC_Init)
    HAL_ADC_LevelOutOfWindowCallback         0x08000fdb   Thumb Code     2  stm32f4xx_hal_adc.o(i.HAL_ADC_LevelOutOfWindowCallback)
    HAL_ADC_MspInit                          0x08000fdd   Thumb Code   104  stm32f4xx_hal_msp.o(i.HAL_ADC_MspInit)
    HAL_ADC_Start_DMA                        0x08001059   Thumb Code   228  stm32f4xx_hal_adc.o(i.HAL_ADC_Start_DMA)
    HAL_DMA_Abort_IT                         0x08001155   Thumb Code    36  stm32f4xx_hal_dma.o(i.HAL_DMA_Abort_IT)
    HAL_DMA_IRQHandler                       0x08001179   Thumb Code   414  stm32f4xx_hal_dma.o(i.HAL_DMA_IRQHandler)
    HAL_DMA_Init                             0x08001321   Thumb Code   202  stm32f4xx_hal_dma.o(i.HAL_DMA_Init)
    HAL_DMA_Start_IT                         0x080013f1   Thumb Code   120  stm32f4xx_hal_dma.o(i.HAL_DMA_Start_IT)
    HAL_Delay                                0x08001469   Thumb Code    22  stm32f4xx_hal.o(i.HAL_Delay)
    HAL_GPIO_Init                            0x08001481   Thumb Code   408  stm32f4xx_hal_gpio.o(i.HAL_GPIO_Init)
    HAL_GPIO_ReadPin                         0x0800164d   Thumb Code    10  stm32f4xx_hal_gpio.o(i.HAL_GPIO_ReadPin)
    HAL_GPIO_WritePin                        0x08001657   Thumb Code    10  stm32f4xx_hal_gpio.o(i.HAL_GPIO_WritePin)
    HAL_GetTick                              0x08001661   Thumb Code     6  stm32f4xx_hal.o(i.HAL_GetTick)
    HAL_IncTick                              0x0800166d   Thumb Code    10  stm32f4xx_hal.o(i.HAL_IncTick)
    HAL_Init                                 0x0800167d   Thumb Code    48  stm32f4xx_hal.o(i.HAL_Init)
    HAL_InitTick                             0x080016b1   Thumb Code    34  stm32f4xx_hal.o(i.HAL_InitTick)
    HAL_MspInit                              0x080016d9   Thumb Code    88  stm32f4xx_hal_msp.o(i.HAL_MspInit)
    HAL_NVIC_EnableIRQ                       0x08001731   Thumb Code    22  stm32f4xx_hal_cortex.o(i.HAL_NVIC_EnableIRQ)
    HAL_NVIC_SetPriority                     0x08001749   Thumb Code    60  stm32f4xx_hal_cortex.o(i.HAL_NVIC_SetPriority)
    HAL_NVIC_SetPriorityGrouping             0x08001789   Thumb Code    26  stm32f4xx_hal_cortex.o(i.HAL_NVIC_SetPriorityGrouping)
    HAL_PWREx_EnableOverDrive                0x080017ad   Thumb Code   126  stm32f4xx_hal_pwr_ex.o(i.HAL_PWREx_EnableOverDrive)
    HAL_RCC_ClockConfig                      0x08001839   Thumb Code   364  stm32f4xx_hal_rcc.o(i.HAL_RCC_ClockConfig)
    HAL_RCC_GetHCLKFreq                      0x080019b5   Thumb Code     6  stm32f4xx_hal_rcc.o(i.HAL_RCC_GetHCLKFreq)
    HAL_RCC_GetPCLK1Freq                     0x080019c1   Thumb Code    34  stm32f4xx_hal_rcc.o(i.HAL_RCC_GetPCLK1Freq)
    HAL_RCC_GetPCLK2Freq                     0x080019f1   Thumb Code    34  stm32f4xx_hal_rcc.o(i.HAL_RCC_GetPCLK2Freq)
    HAL_RCC_GetSysClockFreq                  0x08001a21   Thumb Code   104  stm32f4xx_hal_rcc.o(i.HAL_RCC_GetSysClockFreq)
    HAL_RCC_OscConfig                        0x08001a91   Thumb Code   722  stm32f4xx_hal_rcc.o(i.HAL_RCC_OscConfig)
    HAL_SYSTICK_CLKSourceConfig              0x08001d75   Thumb Code    24  stm32f4xx_hal_cortex.o(i.HAL_SYSTICK_CLKSourceConfig)
    HAL_SYSTICK_Callback                     0x08001d8d   Thumb Code     2  stm32f4xx_hal_cortex.o(i.HAL_SYSTICK_Callback)
    HAL_SYSTICK_Config                       0x08001d8f   Thumb Code    40  stm32f4xx_hal_cortex.o(i.HAL_SYSTICK_Config)
    HAL_SYSTICK_IRQHandler                   0x08001db7   Thumb Code     8  stm32f4xx_hal_cortex.o(i.HAL_SYSTICK_IRQHandler)
    HAL_TIMEx_BreakCallback                  0x08001dbf   Thumb Code     2  stm32f4xx_hal_tim_ex.o(i.HAL_TIMEx_BreakCallback)
    HAL_TIMEx_CommutationCallback            0x08001dc1   Thumb Code     2  stm32f4xx_hal_tim_ex.o(i.HAL_TIMEx_CommutationCallback)
    HAL_TIMEx_MasterConfigSynchronization    0x08001dc3   Thumb Code    80  stm32f4xx_hal_tim_ex.o(i.HAL_TIMEx_MasterConfigSynchronization)
    HAL_TIM_Base_Init                        0x08001e13   Thumb Code    54  stm32f4xx_hal_tim.o(i.HAL_TIM_Base_Init)
    HAL_TIM_Base_MspInit                     0x08001e49   Thumb Code    74  stm32f4xx_hal_msp.o(i.HAL_TIM_Base_MspInit)
    HAL_TIM_Base_Start_IT                    0x08001ea5   Thumb Code    24  stm32f4xx_hal_tim.o(i.HAL_TIM_Base_Start_IT)
    HAL_TIM_ConfigClockSource                0x08001ebd   Thumb Code   242  stm32f4xx_hal_tim.o(i.HAL_TIM_ConfigClockSource)
    HAL_TIM_IC_CaptureCallback               0x08001faf   Thumb Code     2  stm32f4xx_hal_tim.o(i.HAL_TIM_IC_CaptureCallback)
    HAL_TIM_IRQHandler                       0x08001fb1   Thumb Code   358  stm32f4xx_hal_tim.o(i.HAL_TIM_IRQHandler)
    HAL_TIM_MspPostInit                      0x08002119   Thumb Code    52  stm32f4xx_hal_msp.o(i.HAL_TIM_MspPostInit)
    HAL_TIM_OC_DelayElapsedCallback          0x08002159   Thumb Code     2  stm32f4xx_hal_tim.o(i.HAL_TIM_OC_DelayElapsedCallback)
    HAL_TIM_PWM_ConfigChannel                0x0800215b   Thumb Code   208  stm32f4xx_hal_tim.o(i.HAL_TIM_PWM_ConfigChannel)
    HAL_TIM_PWM_Init                         0x0800222b   Thumb Code    54  stm32f4xx_hal_tim.o(i.HAL_TIM_PWM_Init)
    HAL_TIM_PWM_MspInit                      0x08002261   Thumb Code     2  stm32f4xx_hal_tim.o(i.HAL_TIM_PWM_MspInit)
    HAL_TIM_PWM_PulseFinishedCallback        0x08002263   Thumb Code     2  stm32f4xx_hal_tim.o(i.HAL_TIM_PWM_PulseFinishedCallback)
    HAL_TIM_PWM_Start                        0x08002265   Thumb Code    48  stm32f4xx_hal_tim.o(i.HAL_TIM_PWM_Start)
    HAL_TIM_PeriodElapsedCallback            0x0800229d   Thumb Code     2  pwm.o(i.HAL_TIM_PeriodElapsedCallback)
    HAL_TIM_TriggerCallback                  0x0800229f   Thumb Code     2  stm32f4xx_hal_tim.o(i.HAL_TIM_TriggerCallback)
    HAL_UART_ErrorCallback                   0x080022a1   Thumb Code     2  stm32f4xx_hal_uart.o(i.HAL_UART_ErrorCallback)
    HAL_UART_GetState                        0x080022a3   Thumb Code    10  stm32f4xx_hal_uart.o(i.HAL_UART_GetState)
    HAL_UART_IRQHandler                      0x080022ad   Thumb Code   266  stm32f4xx_hal_uart.o(i.HAL_UART_IRQHandler)
    HAL_UART_Init                            0x080023bd   Thumb Code    98  stm32f4xx_hal_uart.o(i.HAL_UART_Init)
    HAL_UART_MspInit                         0x08002421   Thumb Code   146  stm32f4xx_hal_msp.o(i.HAL_UART_MspInit)
    HAL_UART_Receive_IT                      0x080024d1   Thumb Code    72  stm32f4xx_hal_uart.o(i.HAL_UART_Receive_IT)
    HAL_UART_RxCpltCallback                  0x08002519   Thumb Code   194  usart.o(i.HAL_UART_RxCpltCallback)
    HAL_UART_Transmit                        0x08002625   Thumb Code   186  stm32f4xx_hal_uart.o(i.HAL_UART_Transmit)
    HAL_UART_TxCpltCallback                  0x080026df   Thumb Code     2  stm32f4xx_hal_uart.o(i.HAL_UART_TxCpltCallback)
    HardFault_Handler                        0x080026e1   Thumb Code     2  stm32f4xx_it.o(i.HardFault_Handler)
    IIC_Ack                                  0x080026e5   Thumb Code    56  myiic_1.o(i.IIC_Ack)
    IIC_Ack_2                                0x08002725   Thumb Code    56  myiic2.o(i.IIC_Ack_2)
    IIC_Init                                 0x08002765   Thumb Code    60  myiic_1.o(i.IIC_Init)
    IIC_Init_2                               0x080027ad   Thumb Code    58  myiic2.o(i.IIC_Init_2)
    IIC_NAck                                 0x080027f5   Thumb Code    56  myiic_1.o(i.IIC_NAck)
    IIC_NAck_2                               0x08002835   Thumb Code    56  myiic2.o(i.IIC_NAck_2)
    IIC_Read_Byte                            0x08002875   Thumb Code    96  myiic_1.o(i.IIC_Read_Byte)
    IIC_Read_Byte_2                          0x080028dd   Thumb Code    96  myiic2.o(i.IIC_Read_Byte_2)
    IIC_Send_Byte                            0x08002945   Thumb Code    86  myiic_1.o(i.IIC_Send_Byte)
    IIC_Send_Byte_2                          0x080029a5   Thumb Code    86  myiic2.o(i.IIC_Send_Byte_2)
    IIC_Start                                0x08002a05   Thumb Code    56  myiic_1.o(i.IIC_Start)
    IIC_Start_2                              0x08002a45   Thumb Code    56  myiic2.o(i.IIC_Start_2)
    IIC_Stop                                 0x08002a85   Thumb Code    58  myiic_1.o(i.IIC_Stop)
    IIC_Stop_2                               0x08002ac9   Thumb Code    58  myiic2.o(i.IIC_Stop_2)
    IIC_Wait_Ack                             0x08002b0d   Thumb Code    74  myiic_1.o(i.IIC_Wait_Ack)
    IIC_Wait_Ack_2                           0x08002b61   Thumb Code    74  myiic2.o(i.IIC_Wait_Ack_2)
    KS103_ReadOneByte                        0x08002bb5   Thumb Code    68  ks103.o(i.KS103_ReadOneByte)
    KS103_WriteOneByte                       0x08002bf9   Thumb Code    50  ks103.o(i.KS103_WriteOneByte)
    LCD_Write                                0x08002c2d   Thumb Code   128  lcd_driver.o(i.LCD_Write)
    MX_ADC1_Init                             0x08002cb1   Thumb Code    70  adc_dma.o(i.MX_ADC1_Init)
    MX_DMA_Init                              0x08002d01   Thumb Code    22  adc_dma.o(i.MX_DMA_Init)
    MX_GPIO_Init                             0x08002d1d   Thumb Code   470  gpio_init.o(i.MX_GPIO_Init)
    MX_NVIC_Init                             0x08002f19   Thumb Code   144  adc_dma.o(i.MX_NVIC_Init)
    MX_TIM13_Init                            0x08002fb9   Thumb Code    84  pwm.o(i.MX_TIM13_Init)
    MX_TIM14_Init                            0x08003015   Thumb Code    84  pwm.o(i.MX_TIM14_Init)
    MX_TIM3_Init                             0x08003071   Thumb Code    82  pwm.o(i.MX_TIM3_Init)
    MX_USART2_UART_Init                      0x080030cd   Thumb Code    54  uart_init.o(i.MX_USART2_UART_Init)
    MX_USART3_UART_Init                      0x08003111   Thumb Code    54  uart_init.o(i.MX_USART3_UART_Init)
    MemManage_Handler                        0x08003155   Thumb Code     2  stm32f4xx_it.o(i.MemManage_Handler)
    Motor_Ahead                              0x08003159   Thumb Code   172  motor.o(i.Motor_Ahead)
    Motor_Ahead_Wait                         0x0800321d   Thumb Code   138  motor.o(i.Motor_Ahead_Wait)
    Motor_Back                               0x080032c1   Thumb Code   172  motor.o(i.Motor_Back)
    Motor_Ruku                               0x08003385   Thumb Code   172  motor.o(i.Motor_Ruku)
    NMI_Handler                              0x08003449   Thumb Code     2  stm32f4xx_it.o(i.NMI_Handler)
    PendSV_Handler                           0x0800346b   Thumb Code     2  stm32f4xx_it.o(i.PendSV_Handler)
    SVC_Handler                              0x0800346d   Thumb Code     2  stm32f4xx_it.o(i.SVC_Handler)
    Send_Id                                  0x08003471   Thumb Code    46  eeprom.o(i.Send_Id)
    Set_Acc                                  0x080034b1   Thumb Code    40  motor.o(i.Set_Acc)
    Set_Motor                                0x080034e1   Thumb Code    14  motor.o(i.Set_Motor)
    Set_Slowdown                             0x080034f9   Thumb Code    40  motor.o(i.Set_Slowdown)
    Stop                                     0x08003529   Thumb Code    20  motor.o(i.Stop)
    SysTick_Handler                          0x0800353d   Thumb Code    14  stm32f4xx_it.o(i.SysTick_Handler)
    SystemClock_Config                       0x0800354d   Thumb Code   158  sysclock.o(i.SystemClock_Config)
    SystemInit                               0x080035f5   Thumb Code    66  system_stm32f4xx.o(i.SystemInit)
    TIM3_IRQHandler                          0x08003649   Thumb Code     6  stm32f4xx_it.o(i.TIM3_IRQHandler)
    TIM_Base_SetConfig                       0x08003655   Thumb Code   148  stm32f4xx_hal_tim.o(i.TIM_Base_SetConfig)
    TIM_CCxChannelCmd                        0x08003715   Thumb Code    22  stm32f4xx_hal_tim.o(i.TIM_CCxChannelCmd)
    TIM_OC2_SetConfig                        0x080037a9   Thumb Code    90  stm32f4xx_hal_tim.o(i.TIM_OC2_SetConfig)
    USART1_IRQHandler                        0x08003d31   Thumb Code    34  usart.o(i.USART1_IRQHandler)
    USART2_IRQHandler                        0x08003d5d   Thumb Code    34  usart.o(i.USART2_IRQHandler)
    USART3_IRQHandler                        0x08003d89   Thumb Code    34  usart.o(i.USART3_IRQHandler)
    Uart_Analyse                             0x08003db5   Thumb Code    92  usart.o(i.Uart_Analyse)
    Uart_Store                               0x08003e1d   Thumb Code    72  usart.o(i.Uart_Store)
    UsageFault_Handler                       0x08003e7d   Thumb Code     2  stm32f4xx_it.o(i.UsageFault_Handler)
    Voltage_Test                             0x08003e81   Thumb Code   138  lcd_driver.o(i.Voltage_Test)
    __scatterload_copy                       0x08003f25   Thumb Code    14  handlers.o(i.__scatterload_copy)
    __scatterload_null                       0x08003f33   Thumb Code     2  handlers.o(i.__scatterload_null)
    __scatterload_zeroinit                   0x08003f35   Thumb Code    14  handlers.o(i.__scatterload_zeroinit)
    ahead_wave                               0x08003f45   Thumb Code   134  motor.o(i.ahead_wave)
    back_wave                                0x08003fd9   Thumb Code   134  motor.o(i.back_wave)
    delay_init                               0x0800406d   Thumb Code    16  delay.o(i.delay_init)
    delay_ms                                 0x08004081   Thumb Code    26  delay.o(i.delay_ms)
    delay_us                                 0x0800409d   Thumb Code    48  delay.o(i.delay_us)
    free                                     0x080040d1   Thumb Code    76  malloc.o(i.free)
    free_array                               0x08004121   Thumb Code    46  usart.o(i.free_array)
    main                                     0x0800415d   Thumb Code   266  main.o(i.main)
    malloc                                   0x08004271   Thumb Code    92  malloc.o(i.malloc)
    APBAHBPrescTable                         0x080042e4   Data          16  stm32f4xx_hal_rcc.o(.constdata)
    Region$$Table$$Base                      0x080042f4   Number         0  anon$$obj.o(Region$$Table)
    Region$$Table$$Limit                     0x08004314   Number         0  anon$$obj.o(Region$$Table)
    SystemCoreClock                          0x20000000   Data           4  system_stm32f4xx.o(.data)
    uwTick                                   0x20000024   Data           4  stm32f4xx_hal.o(.data)
    USART_RX_STA_1                           0x20000028   Data           2  main.o(.data)
    USART_RX_STA_2                           0x2000002a   Data           2  main.o(.data)
    Command_State                            0x2000002c   Data           1  main.o(.data)
    USART_RX_STA_3                           0x2000002e   Data           2  main.o(.data)
    packflag_3                               0x20000030   Data           2  main.o(.data)
    wave_watch                               0x20000034   Data           4  main.o(.data)
    flag_usart_1                             0x20000038   Data           2  main.o(.data)
    packflag_1                               0x2000003a   Data           2  main.o(.data)
    flag_usart_2                             0x2000003c   Data           2  main.o(.data)
    packflag_2                               0x2000003e   Data           2  main.o(.data)
    flag_usart_3                             0x20000040   Data           2  main.o(.data)
    n                                        0x20000042   Data           2  main.o(.data)
    range                                    0x20000044   Data           2  main.o(.data)
    only_one                                 0x20000048   Data           4  main.o(.data)
    Temp                                     0x2000004c   Data           4  main.o(.data)
    shuzi                                    0x20000050   Data          13  main.o(.data)
    Obj                                      0x2000005d   Data           4  main.o(.data)
    Tsk                                      0x20000061   Data           4  main.o(.data)
    Loc                                      0x20000065   Data           4  main.o(.data)
    GG                                       0x20000069   Data           1  main.o(.data)
    Rm                                       0x2000006a   Data           3  main.o(.data)
    Bm                                       0x2000006d   Data           3  main.o(.data)
    Wt                                       0x20000070   Data           3  main.o(.data)
    Read_Id                                  0x20000073   Data           3  main.o(.data)
    Read_cmd                                 0x20000076   Data          11  main.o(.data)
    Find_cmd                                 0x20000081   Data           4  main.o(.data)
    Stop_cmd                                 0x20000085   Data           4  main.o(.data)
    data_rec_flag                            0x20000089   Data           1  main.o(.data)
    Motor_Status                             0x2000008a   Data           1  main.o(.data)
    Track_buff                               0x2000008c   Data           4  main.o(.data)
    aRxBuffer_1                              0x20000090   Data           1  main.o(.data)
    aRxBuffer_2                              0x20000091   Data           1  main.o(.data)
    aRxBuffer_3                              0x20000092   Data           1  main.o(.data)
    len                                      0x20000093   Data           1  main.o(.data)
    ptr                                      0x20000094   Data           6  main.o(.data)
    __microlib_freelist                      0x2000009c   Data           4  mvars.o(.data)
    __microlib_freelist_initialised          0x200000a0   Data           4  mvars.o(.data)
    Rx_buff_1                                0x200000a4   Data         200  main.o(.bss)
    Rx_buff_33                               0x2000016c   Data         200  main.o(.bss)
    Rx_buff_3                                0x20000234   Data         200  main.o(.bss)
    huart3                                   0x200002fc   Data          64  main.o(.bss)
    Rx_buff_2                                0x2000033c   Data         200  main.o(.bss)
    huart1                                   0x20000404   Data          64  main.o(.bss)
    huart2                                   0x20000444   Data          64  main.o(.bss)
    htim13                                   0x20000484   Data          60  main.o(.bss)
    htim14                                   0x200004c0   Data          60  main.o(.bss)
    htim3                                    0x200004fc   Data          60  main.o(.bss)
    hadc1                                    0x20000538   Data          72  main.o(.bss)
    hdma_adc1                                0x20000580   Data          96  main.o(.bss)
    uhADCxConvertedValue2                    0x200005e0   Data         200  main.o(.bss)
    __heap_base                              0x200006a8   Data           0  startup_stm32f429xx.o(HEAP)
    __heap_limit                             0x200008a8   Data           0  startup_stm32f429xx.o(HEAP)
    __initial_sp                             0x20000ca8   Data           0  startup_stm32f429xx.o(STACK)



==============================================================================

Memory Map of the image

  Image Entry point : 0x080001ad

  Load Region LR_IROM1 (Base: 0x08000000, Size: 0x000043b8, Max: 0x00100000, ABSOLUTE)

    Execution Region ER_IROM1 (Base: 0x08000000, Size: 0x00004314, Max: 0x00100000, ABSOLUTE)

    Base Addr    Size         Type   Attr      Idx    E Section Name        Object

    0x08000000   0x000001ac   Data   RO          927    RESET               startup_stm32f429xx.o
    0x080001ac   0x00000000   Code   RO         3643  * .ARM.Collect$$$$00000000  mc_w.l(entry.o)
    0x080001ac   0x00000004   Code   RO         3934    .ARM.Collect$$$$00000001  mc_w.l(entry2.o)
    0x080001b0   0x00000004   Code   RO         3937    .ARM.Collect$$$$00000004  mc_w.l(entry5.o)
    0x080001b4   0x00000000   Code   RO         3939    .ARM.Collect$$$$00000008  mc_w.l(entry7b.o)
    0x080001b4   0x00000000   Code   RO         3941    .ARM.Collect$$$$0000000A  mc_w.l(entry8b.o)
    0x080001b4   0x00000008   Code   RO         3942    .ARM.Collect$$$$0000000B  mc_w.l(entry9a.o)
    0x080001bc   0x00000000   Code   RO         3944    .ARM.Collect$$$$0000000D  mc_w.l(entry10a.o)
    0x080001bc   0x00000000   Code   RO         3946    .ARM.Collect$$$$0000000F  mc_w.l(entry11a.o)
    0x080001bc   0x00000004   Code   RO         3935    .ARM.Collect$$$$00002712  mc_w.l(entry2.o)
    0x080001c0   0x00000024   Code   RO          928    .text               startup_stm32f429xx.o
    0x080001e4   0x00000024   Code   RO         3970    .text               mc_w.l(init.o)
    0x08000208   0x00000088   Code   RO          560    i.ADC_Average       adc_dma.o
    0x08000290   0x00000062   Code   RO         3121    i.ADC_DMAConvCplt   stm32f4xx_hal_adc.o
    0x080002f2   0x00000016   Code   RO         3122    i.ADC_DMAError      stm32f4xx_hal_adc.o
    0x08000308   0x0000000a   Code   RO         3123    i.ADC_DMAHalfConvCplt  stm32f4xx_hal_adc.o
    0x08000312   0x00000002   PAD
    0x08000314   0x0000000c   Code   RO         3396    i.ADC_IRQHandler    stm32f4xx_it.o
    0x08000320   0x00000134   Code   RO         3124    i.ADC_Init          stm32f4xx_hal_adc.o
    0x08000454   0x00000022   Code   RO          750    i.AT24CXX_Read      24cxx.o
    0x08000476   0x00000042   Code   RO          752    i.AT24CXX_ReadOneByte  24cxx.o
    0x080004b8   0x00000278   Code   RO          641    i.Ahead_Trailing    motor.o
    0x08000730   0x00000040   Code   RO          642    i.Answer            motor.o
    0x08000770   0x0000027c   Code   RO          643    i.Back_Trailing     motor.o
    0x080009ec   0x00000002   Code   RO         3397    i.BusFault_Handler  stm32f4xx_it.o
    0x080009ee   0x00000002   PAD
    0x080009f0   0x0000000c   Code   RO         3398    i.DMA2_Stream0_IRQHandler  stm32f4xx_it.o
    0x080009fc   0x00000028   Code   RO          935    i.DMA_CalcBaseAndBitshift  stm32f4xx_hal_dma.o
    0x08000a24   0x00000054   Code   RO          936    i.DMA_CheckFifoParam  stm32f4xx_hal_dma.o
    0x08000a78   0x00000028   Code   RO          937    i.DMA_SetConfig     stm32f4xx_hal_dma.o
    0x08000aa0   0x00000002   Code   RO         3399    i.DebugMon_Handler  stm32f4xx_it.o
    0x08000aa2   0x00000030   Code   RO          880    i.Display           lcd_driver.o
    0x08000ad2   0x00000002   PAD
    0x08000ad4   0x00000010   Code   RO          605    i.Eeprom_Read       eeprom.o
    0x08000ae4   0x00000002   Code   RO          530    i.Error_Handler     sysclock.o
    0x08000ae6   0x00000002   PAD
    0x08000ae8   0x000000a4   Code   RO          644    i.Find_Rfid         motor.o
    0x08000b8c   0x000000c0   Code   RO          645    i.Find_Rfid_Match   motor.o
    0x08000c4c   0x00000020   Code   RO          313    i.Get_Barrier       ks103.o
    0x08000c6c   0x00000080   Code   RO          314    i.Get_Range         ks103.o
    0x08000cec   0x00000002   Code   RO         3295    i.HAL_ADCEx_InjectedConvCpltCallback  stm32f4xx_hal_adc_ex.o
    0x08000cee   0x00000002   PAD
    0x08000cf0   0x00000154   Code   RO         3126    i.HAL_ADC_ConfigChannel  stm32f4xx_hal_adc.o
    0x08000e44   0x00000002   Code   RO         3127    i.HAL_ADC_ConvCpltCallback  stm32f4xx_hal_adc.o
    0x08000e46   0x00000002   Code   RO         3128    i.HAL_ADC_ConvHalfCpltCallback  stm32f4xx_hal_adc.o
    0x08000e48   0x00000002   Code   RO         3130    i.HAL_ADC_ErrorCallback  stm32f4xx_hal_adc.o
    0x08000e4a   0x0000013c   Code   RO         3134    i.HAL_ADC_IRQHandler  stm32f4xx_hal_adc.o
    0x08000f86   0x00000054   Code   RO         3135    i.HAL_ADC_Init      stm32f4xx_hal_adc.o
    0x08000fda   0x00000002   Code   RO         3136    i.HAL_ADC_LevelOutOfWindowCallback  stm32f4xx_hal_adc.o
    0x08000fdc   0x0000007c   Code   RO         3491    i.HAL_ADC_MspInit   stm32f4xx_hal_msp.o
    0x08001058   0x000000fc   Code   RO         3142    i.HAL_ADC_Start_DMA  stm32f4xx_hal_adc.o
    0x08001154   0x00000024   Code   RO          939    i.HAL_DMA_Abort_IT  stm32f4xx_hal_dma.o
    0x08001178   0x000001a8   Code   RO          943    i.HAL_DMA_IRQHandler  stm32f4xx_hal_dma.o
    0x08001320   0x000000d0   Code   RO          944    i.HAL_DMA_Init      stm32f4xx_hal_dma.o
    0x080013f0   0x00000078   Code   RO          948    i.HAL_DMA_Start_IT  stm32f4xx_hal_dma.o
    0x08001468   0x00000016   Code   RO         1466    i.HAL_Delay         stm32f4xx_hal.o
    0x0800147e   0x00000002   PAD
    0x08001480   0x000001cc   Code   RO         1396    i.HAL_GPIO_Init     stm32f4xx_hal_gpio.o
    0x0800164c   0x0000000a   Code   RO         1398    i.HAL_GPIO_ReadPin  stm32f4xx_hal_gpio.o
    0x08001656   0x0000000a   Code   RO         1400    i.HAL_GPIO_WritePin  stm32f4xx_hal_gpio.o
    0x08001660   0x0000000c   Code   RO         1474    i.HAL_GetTick       stm32f4xx_hal.o
    0x0800166c   0x00000010   Code   RO         1475    i.HAL_IncTick       stm32f4xx_hal.o
    0x0800167c   0x00000034   Code   RO         1476    i.HAL_Init          stm32f4xx_hal.o
    0x080016b0   0x00000028   Code   RO         1477    i.HAL_InitTick      stm32f4xx_hal.o
    0x080016d8   0x00000058   Code   RO         3492    i.HAL_MspInit       stm32f4xx_hal_msp.o
    0x08001730   0x00000016   Code   RO         2370    i.HAL_NVIC_EnableIRQ  stm32f4xx_hal_cortex.o
    0x08001746   0x00000002   PAD
    0x08001748   0x00000040   Code   RO         2376    i.HAL_NVIC_SetPriority  stm32f4xx_hal_cortex.o
    0x08001788   0x00000024   Code   RO         2377    i.HAL_NVIC_SetPriorityGrouping  stm32f4xx_hal_cortex.o
    0x080017ac   0x0000008c   Code   RO         1286    i.HAL_PWREx_EnableOverDrive  stm32f4xx_hal_pwr_ex.o
    0x08001838   0x0000017c   Code   RO         1773    i.HAL_RCC_ClockConfig  stm32f4xx_hal_rcc.o
    0x080019b4   0x0000000c   Code   RO         1778    i.HAL_RCC_GetHCLKFreq  stm32f4xx_hal_rcc.o
    0x080019c0   0x00000030   Code   RO         1780    i.HAL_RCC_GetPCLK1Freq  stm32f4xx_hal_rcc.o
    0x080019f0   0x00000030   Code   RO         1781    i.HAL_RCC_GetPCLK2Freq  stm32f4xx_hal_rcc.o
    0x08001a20   0x00000070   Code   RO         1782    i.HAL_RCC_GetSysClockFreq  stm32f4xx_hal_rcc.o
    0x08001a90   0x000002e4   Code   RO         1785    i.HAL_RCC_OscConfig  stm32f4xx_hal_rcc.o
    0x08001d74   0x00000018   Code   RO         2379    i.HAL_SYSTICK_CLKSourceConfig  stm32f4xx_hal_cortex.o
    0x08001d8c   0x00000002   Code   RO         2380    i.HAL_SYSTICK_Callback  stm32f4xx_hal_cortex.o
    0x08001d8e   0x00000028   Code   RO         2381    i.HAL_SYSTICK_Config  stm32f4xx_hal_cortex.o
    0x08001db6   0x00000008   Code   RO         2382    i.HAL_SYSTICK_IRQHandler  stm32f4xx_hal_cortex.o
    0x08001dbe   0x00000002   Code   RO         1041    i.HAL_TIMEx_BreakCallback  stm32f4xx_hal_tim_ex.o
    0x08001dc0   0x00000002   Code   RO         1042    i.HAL_TIMEx_CommutationCallback  stm32f4xx_hal_tim_ex.o
    0x08001dc2   0x00000050   Code   RO         1058    i.HAL_TIMEx_MasterConfigSynchronization  stm32f4xx_hal_tim_ex.o
    0x08001e12   0x00000036   Code   RO         2492    i.HAL_TIM_Base_Init  stm32f4xx_hal_tim.o
    0x08001e48   0x0000005c   Code   RO         3494    i.HAL_TIM_Base_MspInit  stm32f4xx_hal_msp.o
    0x08001ea4   0x00000018   Code   RO         2497    i.HAL_TIM_Base_Start_IT  stm32f4xx_hal_tim.o
    0x08001ebc   0x000000f2   Code   RO         2501    i.HAL_TIM_ConfigClockSource  stm32f4xx_hal_tim.o
    0x08001fae   0x00000002   Code   RO         2521    i.HAL_TIM_IC_CaptureCallback  stm32f4xx_hal_tim.o
    0x08001fb0   0x00000166   Code   RO         2534    i.HAL_TIM_IRQHandler  stm32f4xx_hal_tim.o
    0x08002116   0x00000002   PAD
    0x08002118   0x00000040   Code   RO         3495    i.HAL_TIM_MspPostInit  stm32f4xx_hal_msp.o
    0x08002158   0x00000002   Code   RO         2537    i.HAL_TIM_OC_DelayElapsedCallback  stm32f4xx_hal_tim.o
    0x0800215a   0x000000d0   Code   RO         2558    i.HAL_TIM_PWM_ConfigChannel  stm32f4xx_hal_tim.o
    0x0800222a   0x00000036   Code   RO         2561    i.HAL_TIM_PWM_Init  stm32f4xx_hal_tim.o
    0x08002260   0x00000002   Code   RO         2563    i.HAL_TIM_PWM_MspInit  stm32f4xx_hal_tim.o
    0x08002262   0x00000002   Code   RO         2564    i.HAL_TIM_PWM_PulseFinishedCallback  stm32f4xx_hal_tim.o
    0x08002264   0x00000038   Code   RO         2565    i.HAL_TIM_PWM_Start  stm32f4xx_hal_tim.o
    0x0800229c   0x00000002   Code   RO          464    i.HAL_TIM_PeriodElapsedCallback  pwm.o
    0x0800229e   0x00000002   Code   RO         2575    i.HAL_TIM_TriggerCallback  stm32f4xx_hal_tim.o
    0x080022a0   0x00000002   Code   RO         2027    i.HAL_UART_ErrorCallback  stm32f4xx_hal_uart.o
    0x080022a2   0x0000000a   Code   RO         2029    i.HAL_UART_GetState  stm32f4xx_hal_uart.o
    0x080022ac   0x00000110   Code   RO         2030    i.HAL_UART_IRQHandler  stm32f4xx_hal_uart.o
    0x080023bc   0x00000062   Code   RO         2031    i.HAL_UART_Init     stm32f4xx_hal_uart.o
    0x0800241e   0x00000002   PAD
    0x08002420   0x000000b0   Code   RO         3497    i.HAL_UART_MspInit  stm32f4xx_hal_msp.o
    0x080024d0   0x00000048   Code   RO         2036    i.HAL_UART_Receive_IT  stm32f4xx_hal_uart.o
    0x08002518   0x0000010c   Code   RO          218    i.HAL_UART_RxCpltCallback  usart.o
    0x08002624   0x000000ba   Code   RO         2039    i.HAL_UART_Transmit  stm32f4xx_hal_uart.o
    0x080026de   0x00000002   Code   RO         2042    i.HAL_UART_TxCpltCallback  stm32f4xx_hal_uart.o
    0x080026e0   0x00000002   Code   RO         3400    i.HardFault_Handler  stm32f4xx_it.o
    0x080026e2   0x00000002   PAD
    0x080026e4   0x00000040   Code   RO          814    i.IIC_Ack           myiic_1.o
    0x08002724   0x00000040   Code   RO          362    i.IIC_Ack_2         myiic2.o
    0x08002764   0x00000048   Code   RO          815    i.IIC_Init          myiic_1.o
    0x080027ac   0x00000048   Code   RO          363    i.IIC_Init_2        myiic2.o
    0x080027f4   0x00000040   Code   RO          816    i.IIC_NAck          myiic_1.o
    0x08002834   0x00000040   Code   RO          364    i.IIC_NAck_2        myiic2.o
    0x08002874   0x00000068   Code   RO          817    i.IIC_Read_Byte     myiic_1.o
    0x080028dc   0x00000068   Code   RO          365    i.IIC_Read_Byte_2   myiic2.o
    0x08002944   0x00000060   Code   RO          818    i.IIC_Send_Byte     myiic_1.o
    0x080029a4   0x00000060   Code   RO          366    i.IIC_Send_Byte_2   myiic2.o
    0x08002a04   0x00000040   Code   RO          819    i.IIC_Start         myiic_1.o
    0x08002a44   0x00000040   Code   RO          367    i.IIC_Start_2       myiic2.o
    0x08002a84   0x00000044   Code   RO          820    i.IIC_Stop          myiic_1.o
    0x08002ac8   0x00000044   Code   RO          368    i.IIC_Stop_2        myiic2.o
    0x08002b0c   0x00000054   Code   RO          821    i.IIC_Wait_Ack      myiic_1.o
    0x08002b60   0x00000054   Code   RO          369    i.IIC_Wait_Ack_2    myiic2.o
    0x08002bb4   0x00000044   Code   RO          315    i.KS103_ReadOneByte  ks103.o
    0x08002bf8   0x00000032   Code   RO          316    i.KS103_WriteOneByte  ks103.o
    0x08002c2a   0x00000002   PAD
    0x08002c2c   0x00000084   Code   RO          881    i.LCD_Write         lcd_driver.o
    0x08002cb0   0x00000050   Code   RO          561    i.MX_ADC1_Init      adc_dma.o
    0x08002d00   0x0000001c   Code   RO          562    i.MX_DMA_Init       adc_dma.o
    0x08002d1c   0x000001fc   Code   RO          506    i.MX_GPIO_Init      gpio_init.o
    0x08002f18   0x000000a0   Code   RO          563    i.MX_NVIC_Init      adc_dma.o
    0x08002fb8   0x0000005c   Code   RO          465    i.MX_TIM13_Init     pwm.o
    0x08003014   0x0000005c   Code   RO          466    i.MX_TIM14_Init     pwm.o
    0x08003070   0x0000005c   Code   RO          467    i.MX_TIM3_Init      pwm.o
    0x080030cc   0x00000044   Code   RO          429    i.MX_USART2_UART_Init  uart_init.o
    0x08003110   0x00000044   Code   RO          430    i.MX_USART3_UART_Init  uart_init.o
    0x08003154   0x00000002   Code   RO         3401    i.MemManage_Handler  stm32f4xx_it.o
    0x08003156   0x00000002   PAD
    0x08003158   0x000000c4   Code   RO          646    i.Motor_Ahead       motor.o
    0x0800321c   0x000000a4   Code   RO          647    i.Motor_Ahead_Wait  motor.o
    0x080032c0   0x000000c4   Code   RO          648    i.Motor_Back        motor.o
    0x08003384   0x000000c4   Code   RO          649    i.Motor_Ruku        motor.o
    0x08003448   0x00000002   Code   RO         3402    i.NMI_Handler       stm32f4xx_it.o
    0x0800344a   0x00000020   Code   RO         2383    i.NVIC_SetPriority  stm32f4xx_hal_cortex.o
    0x0800346a   0x00000002   Code   RO         3403    i.PendSV_Handler    stm32f4xx_it.o
    0x0800346c   0x00000002   Code   RO         3404    i.SVC_Handler       stm32f4xx_it.o
    0x0800346e   0x00000002   PAD
    0x08003470   0x00000040   Code   RO          606    i.Send_Id           eeprom.o
    0x080034b0   0x00000030   Code   RO          650    i.Set_Acc           motor.o
    0x080034e0   0x00000018   Code   RO          651    i.Set_Motor         motor.o
    0x080034f8   0x00000030   Code   RO          652    i.Set_Slowdown      motor.o
    0x08003528   0x00000014   Code   RO          653    i.Stop              motor.o
    0x0800353c   0x0000000e   Code   RO         3405    i.SysTick_Handler   stm32f4xx_it.o
    0x0800354a   0x00000002   PAD
    0x0800354c   0x000000a8   Code   RO          531    i.SystemClock_Config  sysclock.o
    0x080035f4   0x00000054   Code   RO            5    i.SystemInit        system_stm32f4xx.o
    0x08003648   0x0000000c   Code   RO         3406    i.TIM3_IRQHandler   stm32f4xx_it.o
    0x08003654   0x000000c0   Code   RO         2576    i.TIM_Base_SetConfig  stm32f4xx_hal_tim.o
    0x08003714   0x00000016   Code   RO         2577    i.TIM_CCxChannelCmd  stm32f4xx_hal_tim.o
    0x0800372a   0x00000014   Code   RO         2583    i.TIM_ETR_SetConfig  stm32f4xx_hal_tim.o
    0x0800373e   0x00000010   Code   RO         2584    i.TIM_ITRx_SetConfig  stm32f4xx_hal_tim.o
    0x0800374e   0x00000002   PAD
    0x08003750   0x00000058   Code   RO         2585    i.TIM_OC1_SetConfig  stm32f4xx_hal_tim.o
    0x080037a8   0x00000064   Code   RO         2586    i.TIM_OC2_SetConfig  stm32f4xx_hal_tim.o
    0x0800380c   0x00000060   Code   RO         2587    i.TIM_OC3_SetConfig  stm32f4xx_hal_tim.o
    0x0800386c   0x00000050   Code   RO         2588    i.TIM_OC4_SetConfig  stm32f4xx_hal_tim.o
    0x080038bc   0x00000022   Code   RO         2590    i.TIM_TI1_ConfigInputStage  stm32f4xx_hal_tim.o
    0x080038de   0x00000024   Code   RO         2592    i.TIM_TI2_ConfigInputStage  stm32f4xx_hal_tim.o
    0x08003902   0x00000010   Code   RO         2044    i.UART_DMAAbortOnError  stm32f4xx_hal_uart.o
    0x08003912   0x0000001c   Code   RO         2050    i.UART_EndRxTransfer  stm32f4xx_hal_uart.o
    0x0800392e   0x0000008c   Code   RO         2052    i.UART_Receive_IT   stm32f4xx_hal_uart.o
    0x080039ba   0x00000002   PAD
    0x080039bc   0x000002ac   Code   RO         2053    i.UART_SetConfig    stm32f4xx_hal_uart.o
    0x08003c68   0x00000062   Code   RO         2054    i.UART_Transmit_IT  stm32f4xx_hal_uart.o
    0x08003cca   0x00000064   Code   RO         2055    i.UART_WaitOnFlagUntilTimeout  stm32f4xx_hal_uart.o
    0x08003d2e   0x00000002   PAD
    0x08003d30   0x0000002c   Code   RO          219    i.USART1_IRQHandler  usart.o
    0x08003d5c   0x0000002c   Code   RO          220    i.USART2_IRQHandler  usart.o
    0x08003d88   0x0000002c   Code   RO          221    i.USART3_IRQHandler  usart.o
    0x08003db4   0x00000068   Code   RO          222    i.Uart_Analyse      usart.o
    0x08003e1c   0x00000060   Code   RO          223    i.Uart_Store        usart.o
    0x08003e7c   0x00000002   Code   RO         3407    i.UsageFault_Handler  stm32f4xx_it.o
    0x08003e7e   0x00000002   PAD
    0x08003e80   0x000000a4   Code   RO          884    i.Voltage_Test      lcd_driver.o
    0x08003f24   0x0000000e   Code   RO         3982    i.__scatterload_copy  mc_w.l(handlers.o)
    0x08003f32   0x00000002   Code   RO         3983    i.__scatterload_null  mc_w.l(handlers.o)
    0x08003f34   0x0000000e   Code   RO         3984    i.__scatterload_zeroinit  mc_w.l(handlers.o)
    0x08003f42   0x00000002   PAD
    0x08003f44   0x00000094   Code   RO          654    i.ahead_wave        motor.o
    0x08003fd8   0x00000094   Code   RO          655    i.back_wave         motor.o
    0x0800406c   0x00000014   Code   RO          139    i.delay_init        delay.o
    0x08004080   0x0000001a   Code   RO          140    i.delay_ms          delay.o
    0x0800409a   0x00000002   PAD
    0x0800409c   0x00000034   Code   RO          141    i.delay_us          delay.o
    0x080040d0   0x00000050   Code   RO         3906    i.free              mc_w.l(malloc.o)
    0x08004120   0x0000003c   Code   RO          225    i.free_array        usart.o
    0x0800415c   0x00000114   Code   RO         3558    i.main              main.o
    0x08004270   0x0000006c   Code   RO         3907    i.malloc            mc_w.l(malloc.o)
    0x080042dc   0x00000008   Data   RO          950    .constdata          stm32f4xx_hal_dma.o
    0x080042e4   0x00000010   Data   RO         1786    .constdata          stm32f4xx_hal_rcc.o
    0x080042f4   0x00000020   Data   RO         3980    Region$$Table       anon$$obj.o


    Execution Region RW_IRAM1 (Base: 0x20000000, Size: 0x00000ca8, Max: 0x00030000, ABSOLUTE)

    Base Addr    Size         Type   Attr      Idx    E Section Name        Object

    0x20000000   0x00000004   Data   RW            7    .data               system_stm32f4xx.o
    0x20000004   0x00000004   Data   RW          142    .data               delay.o
    0x20000008   0x00000004   Data   RW          226    .data               usart.o
    0x2000000c   0x00000018   Data   RW          656    .data               motor.o
    0x20000024   0x00000004   Data   RW         1482    .data               stm32f4xx_hal.o
    0x20000028   0x00000002   Data   RW         3570    .data               main.o
    0x2000002a   0x00000002   Data   RW         3572    .data               main.o
    0x2000002c   0x00000006   Data   RW         3573    .data               main.o
    0x20000032   0x00000002   PAD
    0x20000034   0x00000004   Data   RW         3575    .data               main.o
    0x20000038   0x00000002   Data   RW         3576    .data               main.o
    0x2000003a   0x00000002   Data   RW         3577    .data               main.o
    0x2000003c   0x00000002   Data   RW         3578    .data               main.o
    0x2000003e   0x00000002   Data   RW         3579    .data               main.o
    0x20000040   0x00000002   Data   RW         3580    .data               main.o
    0x20000042   0x00000002   Data   RW         3581    .data               main.o
    0x20000044   0x00000002   Data   RW         3582    .data               main.o
    0x20000046   0x00000002   PAD
    0x20000048   0x00000004   Data   RW         3583    .data               main.o
    0x2000004c   0x00000004   Data   RW         3584    .data               main.o
    0x20000050   0x0000000d   Data   RW         3585    .data               main.o
    0x2000005d   0x00000004   Data   RW         3586    .data               main.o
    0x20000061   0x00000004   Data   RW         3588    .data               main.o
    0x20000065   0x00000004   Data   RW         3589    .data               main.o
    0x20000069   0x00000001   Data   RW         3593    .data               main.o
    0x2000006a   0x00000003   Data   RW         3594    .data               main.o
    0x2000006d   0x00000003   Data   RW         3595    .data               main.o
    0x20000070   0x00000003   Data   RW         3596    .data               main.o
    0x20000073   0x00000003   Data   RW         3598    .data               main.o
    0x20000076   0x0000000b   Data   RW         3600    .data               main.o
    0x20000081   0x00000004   Data   RW         3601    .data               main.o
    0x20000085   0x00000004   Data   RW         3602    .data               main.o
    0x20000089   0x00000001   Data   RW         3603    .data               main.o
    0x2000008a   0x00000001   Data   RW         3604    .data               main.o
    0x2000008b   0x00000001   PAD
    0x2000008c   0x00000004   Data   RW         3605    .data               main.o
    0x20000090   0x00000001   Data   RW         3606    .data               main.o
    0x20000091   0x00000001   Data   RW         3607    .data               main.o
    0x20000092   0x00000001   Data   RW         3608    .data               main.o
    0x20000093   0x00000001   Data   RW         3609    .data               main.o
    0x20000094   0x00000006   Data   RW         3612    .data               main.o
    0x2000009a   0x00000002   PAD
    0x2000009c   0x00000004   Data   RW         3957    .data               mc_w.l(mvars.o)
    0x200000a0   0x00000004   Data   RW         3958    .data               mc_w.l(mvars.o)
    0x200000a4   0x000000c8   Zero   RW         3559    .bss                main.o
    0x2000016c   0x000001d0   Zero   RW         3560    .bss                main.o
    0x2000033c   0x000000c8   Zero   RW         3561    .bss                main.o
    0x20000404   0x00000040   Zero   RW         3562    .bss                main.o
    0x20000444   0x00000040   Zero   RW         3563    .bss                main.o
    0x20000484   0x0000003c   Zero   RW         3564    .bss                main.o
    0x200004c0   0x0000003c   Zero   RW         3565    .bss                main.o
    0x200004fc   0x0000003c   Zero   RW         3566    .bss                main.o
    0x20000538   0x00000048   Zero   RW         3567    .bss                main.o
    0x20000580   0x00000060   Zero   RW         3568    .bss                main.o
    0x200005e0   0x000000c8   Zero   RW         3569    .bss                main.o
    0x200006a8   0x00000200   Zero   RW          926    HEAP                startup_stm32f429xx.o
    0x200008a8   0x00000400   Zero   RW          925    STACK               startup_stm32f429xx.o


==============================================================================

Image component sizes


      Code (inc. data)   RO Data    RW Data    ZI Data      Debug   Object Name

       100          0          0          0          0       1385   24cxx.o
       404         32          0          0          0       2610   adc_dma.o
        98          8          0          4          0       4271   delay.o
        80         24          0          0          0        920   eeprom.o
       508         38          0          0          0       1327   gpio_init.o
       278         18          0          0          0       2423   ks103.o
       344         30          0          0          0       2001   lcd_driver.o
       276         20          0        109       1540       3820   main.o
      2876        268          0         24          0      10096   motor.o
       616         76          0          0          0       4962   myiic2.o
       616         74          0          0          0       4682   myiic_1.o
       278         26          0          0          0       2479   pwm.o
        36          8        428          0       1536        808   startup_stm32f429xx.o
       142         22          0          4          0       4215   stm32f4xx_hal.o
      1438         48          0          0          0       8361   stm32f4xx_hal_adc.o
         2          0          0          0          0        993   stm32f4xx_hal_adc_ex.o
       228         14          0          0          0      31833   stm32f4xx_hal_cortex.o
       952         22          8          0          0       5862   stm32f4xx_hal_dma.o
       480         52          0          0          0       2959   stm32f4xx_hal_gpio.o
       544         80          0          0          0       3716   stm32f4xx_hal_msp.o
       140         14          0          0          0       1304   stm32f4xx_hal_pwr_ex.o
      1340         76         16          0          0       5783   stm32f4xx_hal_rcc.o
      1690         88          0          0          0      15416   stm32f4xx_hal_tim.o
        84          0          0          0          0       2390   stm32f4xx_hal_tim_ex.o
      1708         14          0          0          0       9595   stm32f4xx_hal_uart.o
        66         18          0          0          0       5595   stm32f4xx_it.o
       170         10          0          0          0       1501   sysclock.o
        84         18          0          4          0     366685   system_stm32f4xx.o
       136         28          0          0          0       1068   uart_init.o
       660        154          0          4          0       4259   usart.o

    ----------------------------------------------------------------------
     16412       1280        484        156       3076     513319   Object Totals
         0          0         32          0          0          0   (incl. Generated)
        38          0          0          7          0          0   (incl. Padding)

    ----------------------------------------------------------------------

      Code (inc. data)   RO Data    RW Data    ZI Data      Debug   Library Member Name

         0          0          0          0          0          0   entry.o
         0          0          0          0          0          0   entry10a.o
         0          0          0          0          0          0   entry11a.o
         8          4          0          0          0          0   entry2.o
         4          0          0          0          0          0   entry5.o
         0          0          0          0          0          0   entry7b.o
         0          0          0          0          0          0   entry8b.o
         8          4          0          0          0          0   entry9a.o
        30          0          0          0          0          0   handlers.o
        36          8          0          0          0         68   init.o
       188         20          0          0          0        160   malloc.o
         0          0          0          8          0          0   mvars.o

    ----------------------------------------------------------------------
       276         36          0          8          0        228   Library Totals
         2          0          0          0          0          0   (incl. Padding)

    ----------------------------------------------------------------------

      Code (inc. data)   RO Data    RW Data    ZI Data      Debug   Library Name

       274         36          0          8          0        228   mc_w.l

    ----------------------------------------------------------------------
       276         36          0          8          0        228   Library Totals

    ----------------------------------------------------------------------

==============================================================================


      Code (inc. data)   RO Data    RW Data    ZI Data      Debug   

     16688       1316        484        164       3076     497999   Grand Totals
     16688       1316        484        164       3076     497999   ELF Image Totals
     16688       1316        484        164          0          0   ROM Totals

==============================================================================

    Total RO  Size (Code + RO Data)                17172 (  16.77kB)
    Total RW  Size (RW Data + ZI Data)              3240 (   3.16kB)
    Total ROM Size (Code + RO Data + RW Data)      17336 (  16.93kB)

==============================================================================

