Component: ARM Compiler 5.05 update 1 (build 106) Tool: armlink [4d0efa]

==============================================================================

Section Cross References

    system_stm32f4xx.o(i.SystemCoreClockUpdate) refers to system_stm32f4xx.o(.data) for SystemCoreClock
    system_stm32f4xx.o(i.SystemCoreClockUpdate) refers to system_stm32f4xx.o(.constdata) for AHBPrescTable
    delay.o(i.delay_init) refers to stm32f4xx_hal_cortex.o(i.HAL_SYSTICK_CLKSourceConfig) for HAL_SYSTICK_CLKSourceConfig
    delay.o(i.delay_init) refers to delay.o(.data) for fac_us
    delay.o(i.delay_ms) refers to delay.o(i.delay_us) for delay_us
    delay.o(i.delay_us) refers to delay.o(.data) for fac_us
    sys.o(i.Stm32_Clock_Init) refers to stm32f4xx_hal_rcc.o(i.HAL_RCC_OscConfig) for HAL_RCC_OscConfig
    sys.o(i.Stm32_Clock_Init) refers to stm32f4xx_hal_pwr_ex.o(i.HAL_PWREx_EnableOverDrive) for HAL_PWREx_EnableOverDrive
    sys.o(i.Stm32_Clock_Init) refers to stm32f4xx_hal_rcc.o(i.HAL_RCC_ClockConfig) for HAL_RCC_ClockConfig
    usart.o(i.HAL_UART_RxCpltCallback) refers to main.o(.data) for aRxBuffer_1
    usart.o(i.HAL_UART_RxCpltCallback) refers to main.o(.bss) for Rx_buff_1
    usart.o(i.USART1_IRQHandler) refers to stm32f4xx_hal_uart.o(i.HAL_UART_IRQHandler) for HAL_UART_IRQHandler
    usart.o(i.USART1_IRQHandler) refers to stm32f4xx_hal_uart.o(i.HAL_UART_GetState) for HAL_UART_GetState
    usart.o(i.USART1_IRQHandler) refers to stm32f4xx_hal_uart.o(i.HAL_UART_Receive_IT) for HAL_UART_Receive_IT
    usart.o(i.USART1_IRQHandler) refers to main.o(.bss) for huart1
    usart.o(i.USART1_IRQHandler) refers to main.o(.data) for aRxBuffer_1
    usart.o(i.USART2_IRQHandler) refers to stm32f4xx_hal_uart.o(i.HAL_UART_IRQHandler) for HAL_UART_IRQHandler
    usart.o(i.USART2_IRQHandler) refers to stm32f4xx_hal_uart.o(i.HAL_UART_GetState) for HAL_UART_GetState
    usart.o(i.USART2_IRQHandler) refers to stm32f4xx_hal_uart.o(i.HAL_UART_Receive_IT) for HAL_UART_Receive_IT
    usart.o(i.USART2_IRQHandler) refers to main.o(.bss) for huart2
    usart.o(i.USART2_IRQHandler) refers to main.o(.data) for aRxBuffer_2
    usart.o(i.USART3_IRQHandler) refers to stm32f4xx_hal_uart.o(i.HAL_UART_IRQHandler) for HAL_UART_IRQHandler
    usart.o(i.USART3_IRQHandler) refers to stm32f4xx_hal_uart.o(i.HAL_UART_GetState) for HAL_UART_GetState
    usart.o(i.USART3_IRQHandler) refers to stm32f4xx_hal_uart.o(i.HAL_UART_Receive_IT) for HAL_UART_Receive_IT
    usart.o(i.USART3_IRQHandler) refers to main.o(.bss) for huart3
    usart.o(i.USART3_IRQHandler) refers to main.o(.data) for aRxBuffer_3
    usart.o(i.Uart_Analyse) refers to malloc.o(i.malloc) for malloc
    usart.o(i.Uart_Analyse) refers to main.o(.data) for n
    usart.o(i.Uart_Analyse) refers to main.o(.bss) for Rx_buff_33
    usart.o(i.Uart_Store) refers to usart.o(i.Uart_Analyse) for Uart_Analyse
    usart.o(i.Uart_Store) refers to main.o(.data) for packflag_3
    usart.o(i.Uart_Store) refers to main.o(.bss) for Rx_buff_3
    usart.o(i.free_array) refers to malloc.o(i.free) for free
    usart.o(i.free_array) refers to main.o(.data) for Track_buff
    ks103.o(i.Get_Barrier) refers to ks103.o(i.Get_Range) for Get_Range
    ks103.o(i.Get_Range) refers to ks103.o(i.KS103_WriteOneByte) for KS103_WriteOneByte
    ks103.o(i.Get_Range) refers to ks103.o(i.KS103_ReadOneByte) for KS103_ReadOneByte
    ks103.o(i.Get_Range) refers to main.o(.data) for only_one
    ks103.o(i.KS103_ReadOneByte) refers to myiic2.o(i.IIC_Start_2) for IIC_Start_2
    ks103.o(i.KS103_ReadOneByte) refers to myiic2.o(i.IIC_Send_Byte_2) for IIC_Send_Byte_2
    ks103.o(i.KS103_ReadOneByte) refers to myiic2.o(i.IIC_Wait_Ack_2) for IIC_Wait_Ack_2
    ks103.o(i.KS103_ReadOneByte) refers to delay.o(i.delay_us) for delay_us
    ks103.o(i.KS103_ReadOneByte) refers to myiic2.o(i.IIC_Read_Byte_2) for IIC_Read_Byte_2
    ks103.o(i.KS103_ReadOneByte) refers to myiic2.o(i.IIC_Stop_2) for IIC_Stop_2
    ks103.o(i.KS103_WriteOneByte) refers to myiic2.o(i.IIC_Start_2) for IIC_Start_2
    ks103.o(i.KS103_WriteOneByte) refers to myiic2.o(i.IIC_Send_Byte_2) for IIC_Send_Byte_2
    ks103.o(i.KS103_WriteOneByte) refers to myiic2.o(i.IIC_Wait_Ack_2) for IIC_Wait_Ack_2
    ks103.o(i.KS103_WriteOneByte) refers to myiic2.o(i.IIC_Stop_2) for IIC_Stop_2
    ks103.o(i.change_i2c_address) refers to delay.o(i.delay_ms) for delay_ms
    ks103.o(i.change_i2c_address) refers to ks103.o(i.KS103_WriteOneByte) for KS103_WriteOneByte
    myiic2.o(i.IIC_Ack_2) refers to delay.o(i.delay_us) for delay_us
    myiic2.o(i.IIC_Init_2) refers to stm32f4xx_hal_gpio.o(i.HAL_GPIO_Init) for HAL_GPIO_Init
    myiic2.o(i.IIC_NAck_2) refers to delay.o(i.delay_us) for delay_us
    myiic2.o(i.IIC_Read_Byte_2) refers to delay.o(i.delay_us) for delay_us
    myiic2.o(i.IIC_Read_Byte_2) refers to myiic2.o(i.IIC_NAck_2) for IIC_NAck_2
    myiic2.o(i.IIC_Read_Byte_2) refers to myiic2.o(i.IIC_Ack_2) for IIC_Ack_2
[...]
    ../clib/microlib/malloc/malloc.c         0x00000000   Number         0  malloc.o ABSOLUTE
    ../clib/microlib/malloc/malloc.c         0x00000000   Number         0  mallocra.o ABSOLUTE
    ../clib/microlib/malloc/mvars.c          0x00000000   Number         0  mvars.o ABSOLUTE
    ../clib/microlib/printf/printf.c         0x00000000   Number         0  printf8.o ABSOLUTE
    ../clib/microlib/printf/printf.c         0x00000000   Number         0  printf1.o ABSOLUTE
    ../clib/microlib/printf/printf.c         0x00000000   Number         0  printf2.o ABSOLUTE
    ../clib/microlib/printf/printf.c         0x00000000   Number         0  printf3.o ABSOLUTE
    ../clib/microlib/printf/printf.c         0x00000000   Number         0  printf4.o ABSOLUTE
    ../clib/microlib/printf/printf.c         0x00000000   Number         0  printf5.o ABSOLUTE
    ../clib/microlib/printf/printf.c         0x00000000   Number         0  printf6.o ABSOLUTE
    ../clib/microlib/printf/printf.c         0x00000000   Number         0  printf7.o ABSOLUTE
    ../clib/microlib/printf/printf.c         0x00000000   Number         0  printfa.o ABSOLUTE
    ../clib/microlib/printf/printf.c         0x00000000   Number         0  printfb.o ABSOLUTE
    ../clib/microlib/printf/printf.c         0x00000000   Number         0  printf0.o ABSOLUTE
    ../clib/microlib/stdio/streams.c         0x00000000   Number         0  stdout.o ABSOLUTE
    ../clib/microlib/string/memcpy.c         0x00000000   Number         0  memcpyb.o ABSOLUTE
    ../clib/microlib/string/memcpy.c         0x00000000   Number         0  memcpya.o ABSOLUTE
    ../clib/microlib/stubs.s                 0x00000000   Number         0  iusefp.o ABSOLUTE
    ../fplib/microlib/fpadd.c                0x00000000   Number         0  dadd.o ABSOLUTE
    ../fplib/microlib/fpdiv.c                0x00000000   Number         0  ddiv.o ABSOLUTE
    ../fplib/microlib/fpepilogue.c           0x00000000   Number         0  depilogue.o ABSOLUTE
    ../fplib/microlib/fpfix.c                0x00000000   Number         0  dfixul.o ABSOLUTE
    ../fplib/microlib/fpmul.c                0x00000000   Number         0  dmul.o ABSOLUTE
    ..\Drivers\CMSIS\\Device\ST\STM32F4xx\Source\Templates\system_stm32f4xx.c 0x00000000   Number         0  system_stm32f4xx.o ABSOLUTE
    ..\Drivers\STM32F4xx_HAL_Driver\Src\stm32f4xx_hal.c 0x00000000   Number         0  stm32f4xx_hal.o ABSOLUTE
    ..\Drivers\STM32F4xx_HAL_Driver\Src\stm32f4xx_hal_adc.c 0x00000000   Number         0  stm32f4xx_hal_adc.o ABSOLUTE
    ..\Drivers\STM32F4xx_HAL_Driver\Src\stm32f4xx_hal_adc_ex.c 0x00000000   Number         0  stm32f4xx_hal_adc_ex.o ABSOLUTE
    ..\Drivers\STM32F4xx_HAL_Driver\Src\stm32f4xx_hal_cortex.c 0x00000000   Number         0  stm32f4xx_hal_cortex.o ABSOLUTE
    ..\Drivers\STM32F4xx_HAL_Driver\Src\stm32f4xx_hal_dma.c 0x00000000   Number         0  stm32f4xx_hal_dma.o ABSOLUTE
    ..\Drivers\STM32F4xx_HAL_Driver\Src\stm32f4xx_hal_dma_ex.c 0x00000000   Number         0  stm32f4xx_hal_dma_ex.o ABSOLUTE
    ..\Drivers\STM32F4xx_HAL_Driver\Src\stm32f4xx_hal_flash.c 0x00000000   Number         0  stm32f4xx_hal_flash.o ABSOLUTE
    ..\Drivers\STM32F4xx_HAL_Driver\Src\stm32f4xx_hal_flash_ex.c 0x00000000   Number         0  stm32f4xx_hal_flash_ex.o ABSOLUTE
    ..\Drivers\STM32F4xx_HAL_Driver\Src\stm32f4xx_hal_flash_ramfunc.c 0x00000000   Number         0  stm32f4xx_hal_flash_ramfunc.o ABSOLUTE
    ..\Drivers\STM32F4xx_HAL_Driver\Src\stm32f4xx_hal_gpio.c 0x00000000   Number         0  stm32f4xx_hal_gpio.o ABSOLUTE
    ..\Drivers\STM32F4xx_HAL_Driver\Src\stm32f4xx_hal_pwr.c 0x00000000   Number         0  stm32f4xx_hal_pwr.o ABSOLUTE
    ..\Drivers\STM32F4xx_HAL_Driver\Src\stm32f4xx_hal_pwr_ex.c 0x00000000   Number         0  stm32f4xx_hal_pwr_ex.o ABSOLUTE
    ..\Drivers\STM32F4xx_HAL_Driver\Src\stm32f4xx_hal_rcc.c 0x00000000   Number         0  stm32f4xx_hal_rcc.o ABSOLUTE
    ..\Drivers\STM32F4xx_HAL_Driver\Src\stm32f4xx_hal_rcc_ex.c 0x00000000   Number         0  stm32f4xx_hal_rcc_ex.o ABSOLUTE
    ..\Drivers\STM32F4xx_HAL_Driver\Src\stm32f4xx_hal_tim.c 0x00000000   Number         0  stm32f4xx_hal_tim.o ABSOLUTE
    ..\Drivers\STM32F4xx_HAL_Driver\Src\stm32f4xx_hal_tim_ex.c 0x00000000   Number         0  stm32f4xx_hal_tim_ex.o ABSOLUTE
    ..\Drivers\STM32F4xx_HAL_Driver\Src\stm32f4xx_hal_uart.c 0x00000000   Number         0  stm32f4xx_hal_uart.o ABSOLUTE
    ..\Src\main.c                            0x00000000   Number         0  main.o ABSOLUTE
    ..\Src\stm32f4xx_hal_msp.c               0x00000000   Number         0  stm32f4xx_hal_msp.o ABSOLUTE
    ..\Src\stm32f4xx_it.c                    0x00000000   Number         0  stm32f4xx_it.o ABSOLUTE
    ..\\wave-iic\\ks103\\ks103.c             0x00000000   Number         0  ks103.o ABSOLUTE
    ..\\wave-iic\\myiic\\myiic2.c            0x00000000   Number         0  myiic2.o ABSOLUTE
    ..\wave-iic\ks103\ks103.c                0x00000000   Number         0  ks103.o ABSOLUTE
    ..\wave-iic\myiic\myiic2.c               0x00000000   Number         0  myiic2.o ABSOLUTE
    24c02\24cxx.c                            0x00000000   Number         0  24cxx.o ABSOLUTE
    24c02\\24cxx.c                           0x00000000   Number         0  24cxx.o ABSOLUTE
    24c02\\myiic.c                           0x00000000   Number         0  myiic.o ABSOLUTE
    24c02\myiic.c                            0x00000000   Number         0  myiic.o ABSOLUTE
    System\\delay\\delay.c                   0x00000000   Number         0  delay.o ABSOLUTE
    System\\sys\\sys.c                       0x00000000   Number         0  sys.o ABSOLUTE
    System\delay\delay.c                     0x00000000   Number         0  delay.o ABSOLUTE
    System\sys\sys.c                         0x00000000   Number         0  sys.o ABSOLUTE
    cdrcmple.s                               0x00000000   Number         0  cdrcmple.o ABSOLUTE
    dc.s                                     0x00000000   Number         0  dc.o ABSOLUTE
    eeprom\\eeprom.c                         0x00000000   Number         0  eeprom.o ABSOLUTE
    eeprom\eeprom.c                          0x00000000   Number         0  eeprom.o ABSOLUTE
    handlers.s                               0x00000000   Number         0  handlers.o ABSOLUTE
    init.s                                   0x00000000   Number         0  init.o ABSOLUTE
    init\\adc_dma.c                          0x00000000   Number         0  adc_dma.o ABSOLUTE
    init\\gpio_init.c                        0x00000000   Number         0  gpio_init.o ABSOLUTE
    init\\pwm.c                              0x00000000   Number         0  pwm.o ABSOLUTE
    init\\sysclock.c                         0x00000000   Number         0  sysclock.o ABSOLUTE
    init\\timer3.c                           0x00000000   Number         0  timer3.o ABSOLUTE
    init\\uart_init.c                        0x00000000   Number         0  uart_init.o ABSOLUTE
    init\adc_dma.c                           0x00000000   Number         0  adc_dma.o ABSOLUTE
    init\gpio_init.c                         0x00000000   Number         0  gpio_init.o ABSOLUTE
    init\pwm.c                               0x00000000   Number         0  pwm.o ABSOLUTE
    init\sysclock.c                          0x00000000   Number         0  sysclock.o ABSOLUTE
    init\timer3.c                            0x00000000   Number         0  timer3.o ABSOLUTE
    init\uart_init.c                         0x00000000   Number         0  uart_init.o ABSOLUTE
    lcd\LCD_Driver.c                         0x00000000   Number         0  lcd_driver.o ABSOLUTE
    lcd\\LCD_Driver.c                        0x00000000   Number         0  lcd_driver.o ABSOLUTE
    motor\\motor.c                           0x00000000   Number         0  motor.o ABSOLUTE
    motor\motor.c                            0x00000000   Number         0  motor.o ABSOLUTE
    startup_stm32f429xx.s                    0x00000000   Number         0  startup_stm32f429xx.o ABSOLUTE
    usart\\usart.c                           0x00000000   Number         0  usart.o ABSOLUTE
    usart\usart.c                            0x00000000   Number         0  usart.o ABSOLUTE
    RESET                                    0x08000000   Section      428  startup_stm32f429xx.o(RESET)
    .ARM.Collect$$$$00000000                 0x080001ac   Section        0  entry.o(.ARM.Collect$$$$00000000)
    .ARM.Collect$$$$00000001                 0x080001ac   Section        4  entry2.o(.ARM.Collect$$$$00000001)
    .ARM.Collect$$$$00000004                 0x080001b0   Section        4  entry5.o(.ARM.Collect$$$$00000004)
    .ARM.Collect$$$$00000008                 0x080001b4   Section        0  entry7b.o(.ARM.Collect$$$$00000008)
    .ARM.Collect$$$$0000000A                 0x080001b4   Section        0  entry8b.o(.ARM.Collect$$$$0000000A)
    .ARM.Collect$$$$0000000B                 0x080001b4   Section        8  entry9a.o(.ARM.Collect$$$$0000000B)
    .ARM.Collect$$$$0000000D                 0x080001bc   Section        0  entry10a.o(.ARM.Collect$$$$0000000D)
    .ARM.Collect$$$$0000000F                 0x080001bc   Section        0  entry11a.o(.ARM.Collect$$$$0000000F)
    .ARM.Collect$$$$00002712                 0x080001bc   Section        4  entry2.o(.ARM.Collect$$$$00002712)
    __lit__00000000                          0x080001bc   Data           4  entry2.o(.ARM.Collect$$$$00002712)
    .text                                    0x080001c0   Section       36  startup_stm32f429xx.o(.text)
    $v0                                      0x080001c0   Number         0  startup_stm32f429xx.o(.text)
    .text                                    0x080001e4   Section       36  init.o(.text)
    i.ADC_Average                            0x08000208   Section        0  adc_dma.o(i.ADC_Average)
    i.ADC_DMAConvCplt                        0x080002b6   Section        0  stm32f4xx_hal_adc.o(i.ADC_DMAConvCplt)
    ADC_DMAConvCplt                          0x080002b7   Thumb Code   110  stm32f4xx_hal_adc.o(i.ADC_DMAConvCplt)
    i.ADC_DMAError                           0x08000324   Section        0  stm32f4xx_hal_adc.o(i.ADC_DMAError)
    ADC_DMAError                             0x08000325   Thumb Code    26  stm32f4xx_hal_adc.o(i.ADC_DMAError)
    i.ADC_DMAHalfConvCplt                    0x0800033e   Section        0  stm32f4xx_hal_adc.o(i.ADC_DMAHalfConvCplt)
    ADC_DMAHalfConvCplt                      0x0800033f   Thumb Code    14  stm32f4xx_hal_adc.o(i.ADC_DMAHalfConvCplt)
    i.ADC_IRQHandler                         0x0800034c   Section        0  stm32f4xx_it.o(i.ADC_IRQHandler)
    i.ADC_Init                               0x0800035c   Section        0  stm32f4xx_hal_adc.o(i.ADC_Init)
    ADC_Init                                 0x0800035d   Thumb Code   362  stm32f4xx_hal_adc.o(i.ADC_Init)
    i.AT24CXX_Read                           0x080004d4   Section        0  24cxx.o(i.AT24CXX_Read)
    i.AT24CXX_ReadOneByte                    0x080004f6   Section        0  24cxx.o(i.AT24CXX_ReadOneByte)
    i.Ahead_Trailing                         0x08000550   Section        0  motor.o(i.Ahead_Trailing)
    i.Answer                                 0x080007e4   Section        0  motor.o(i.Answer)
    i.Back_Trailing                          0x08000850   Section        0  motor.o(i.Back_Trailing)
    i.BusFault_Handler                       0x08000ae0   Section        0  stm32f4xx_it.o(i.BusFault_Handler)
    i.DMA2_Stream0_IRQHandler                0x08000ae4   Section        0  stm32f4xx_it.o(i.DMA2_Stream0_IRQHandler)
    i.DMA_CalcBaseAndBitshift                0x08000af4   Section        0  stm32f4xx_hal_dma.o(i.DMA_CalcBaseAndBitshift)
    DMA_CalcBaseAndBitshift                  0x08000af5   Thumb Code    46  stm32f4xx_hal_dma.o(i.DMA_CalcBaseAndBitshift)
    i.DMA_CheckFifoParam                     0x08000b28   Section        0  stm32f4xx_hal_dma.o(i.DMA_CheckFifoParam)
    DMA_CheckFifoParam                       0x08000b29   Thumb Code   186  stm32f4xx_hal_dma.o(i.DMA_CheckFifoParam)
    i.DMA_SetConfig                          0x08000be2   Section        0  stm32f4xx_hal_dma.o(i.DMA_SetConfig)
    DMA_SetConfig                            0x08000be3   Thumb Code    44  stm32f4xx_hal_dma.o(i.DMA_SetConfig)
    i.DebugMon_Handler                       0x08000c0e   Section        0  stm32f4xx_it.o(i.DebugMon_Handler)
    i.Display                                0x08000c10   Section        0  lcd_driver.o(i.Display)
    i.Eeprom_Read                            0x08000c44   Section        0  eeprom.o(i.Eeprom_Read)
    i.Error_Handler                          0x08000c58   Section        0  sysclock.o(i.Error_Handler)
    i.Find_Rfid                              0x08000c5c   Section        0  motor.o(i.Find_Rfid)
    i.Find_Rfid_Match                        0x08000d44   Section        0  motor.o(i.Find_Rfid_Match)
    i.Get_Barrier                            0x08000f44   Section        0  ks103.o(i.Get_Barrier)
    i.Get_Range                              0x08000f70   Section        0  ks103.o(i.Get_Range)
    i.HAL_ADCEx_InjectedConvCpltCallback     0x08000ff8   Section        0  stm32f4xx_hal_adc_ex.o(i.HAL_ADCEx_InjectedConvCpltCallback)
    i.HAL_ADC_ConfigChannel                  0x08000ffc   Section        0  stm32f4xx_hal_adc.o(i.HAL_ADC_ConfigChannel)
    i.HAL_ADC_ConvCpltCallback               0x08001198   Section        0  stm32f4xx_hal_adc.o(i.HAL_ADC_ConvCpltCallback)
    i.HAL_ADC_ConvHalfCpltCallback           0x0800119a   Section        0  stm32f4xx_hal_adc.o(i.HAL_ADC_ConvHalfCpltCallback)
    i.HAL_ADC_ErrorCallback                  0x0800119c   Section        0  stm32f4xx_hal_adc.o(i.HAL_ADC_ErrorCallback)
    i.HAL_ADC_IRQHandler                     0x0800119e   Section        0  stm32f4xx_hal_adc.o(i.HAL_ADC_IRQHandler)
    i.HAL_ADC_Init                           0x08001314   Section        0  stm32f4xx_hal_adc.o(i.HAL_ADC_Init)
    i.HAL_ADC_LevelOutOfWindowCallback       0x0800137c   Section        0  stm32f4xx_hal_adc.o(i.HAL_ADC_LevelOutOfWindowCallback)
    i.HAL_ADC_MspInit                        0x08001380   Section        0  stm32f4xx_hal_msp.o(i.HAL_ADC_MspInit)
    i.HAL_ADC_Start_DMA                      0x0800141c   Section        0  stm32f4xx_hal_adc.o(i.HAL_ADC_Start_DMA)
    i.HAL_DMA_Abort_IT                       0x08001564   Section        0  stm32f4xx_hal_dma.o(i.HAL_DMA_Abort_IT)
    i.HAL_DMA_IRQHandler                     0x0800158c   Section        0  stm32f4xx_hal_dma.o(i.HAL_DMA_IRQHandler)
    i.HAL_DMA_Init                           0x080017d4   Section        0  stm32f4xx_hal_dma.o(i.HAL_DMA_Init)
    i.HAL_DMA_Start_IT                       0x080018bc   Section        0  stm32f4xx_hal_dma.o(i.HAL_DMA_Start_IT)
    i.HAL_GPIO_Init                          0x0800195c   Section        0  stm32f4xx_hal_gpio.o(i.HAL_GPIO_Init)
    i.HAL_GPIO_ReadPin                       0x08001b78   Section        0  stm32f4xx_hal_gpio.o(i.HAL_GPIO_ReadPin)
    i.HAL_GPIO_WritePin                      0x08001b88   Section        0  stm32f4xx_hal_gpio.o(i.HAL_GPIO_WritePin)
    i.HAL_GetTick                            0x08001b94   Section        0  stm32f4xx_hal.o(i.HAL_GetTick)
    i.HAL_IncTick                            0x08001ba0   Section        0  stm32f4xx_hal.o(i.HAL_IncTick)
    i.HAL_Init                               0x08001bb0   Section        0  stm32f4xx_hal.o(i.HAL_Init)
    i.HAL_InitTick                           0x08001bec   Section        0  stm32f4xx_hal.o(i.HAL_InitTick)
    i.HAL_MspInit                            0x08001c14   Section        0  stm32f4xx_hal_msp.o(i.HAL_MspInit)
    i.HAL_NVIC_EnableIRQ                     0x08001c6a   Section        0  stm32f4xx_hal_cortex.o(i.HAL_NVIC_EnableIRQ)
    i.HAL_NVIC_SetPriority                   0x08001c84   Section        0  stm32f4xx_hal_cortex.o(i.HAL_NVIC_SetPriority)
    i.HAL_NVIC_SetPriorityGrouping           0x08001d00   Section        0  stm32f4xx_hal_cortex.o(i.HAL_NVIC_SetPriorityGrouping)
    i.HAL_PWREx_EnableOverDrive              0x08001d28   Section        0  stm32f4xx_hal_pwr_ex.o(i.HAL_PWREx_EnableOverDrive)
    i.HAL_RCC_ClockConfig                    0x08001dcc   Section        0  stm32f4xx_hal_rcc.o(i.HAL_RCC_ClockConfig)
    i.HAL_RCC_GetHCLKFreq                    0x08001f9c   Section        0  stm32f4xx_hal_rcc.o(i.HAL_RCC_GetHCLKFreq)
    i.HAL_RCC_GetPCLK1Freq                   0x08001fa8   Section        0  stm32f4xx_hal_rcc.o(i.HAL_RCC_GetPCLK1Freq)
    i.HAL_RCC_GetPCLK2Freq                   0x08001fd4   Section        0  stm32f4xx_hal_rcc.o(i.HAL_RCC_GetPCLK2Freq)
    i.HAL_RCC_GetSysClockFreq                0x08002000   Section        0  stm32f4xx_hal_rcc.o(i.HAL_RCC_GetSysClockFreq)
    i.HAL_RCC_OscConfig                      0x080020b4   Section        0  stm32f4xx_hal_rcc.o(i.HAL_RCC_OscConfig)
    i.HAL_SYSTICK_CLKSourceConfig            0x08002450   Section        0  stm32f4xx_hal_cortex.o(i.HAL_SYSTICK_CLKSourceConfig)
    i.HAL_SYSTICK_Callback                   0x08002478   Section        0  stm32f4xx_hal_cortex.o(i.HAL_SYSTICK_Callback)
    i.HAL_SYSTICK_Config                     0x0800247a   Section        0  stm32f4xx_hal_cortex.o(i.HAL_SYSTICK_Config)
    i.HAL_SYSTICK_IRQHandler                 0x080024ae   Section        0  stm32f4xx_hal_cortex.o(i.HAL_SYSTICK_IRQHandler)
    i.HAL_TIMEx_BreakCallback                0x080024b6   Section        0  stm32f4xx_hal_tim_ex.o(i.HAL_TIMEx_BreakCallback)
    i.HAL_TIMEx_CommutationCallback          0x080024b8   Section        0  stm32f4xx_hal_tim_ex.o(i.HAL_TIMEx_CommutationCallback)
    i.HAL_TIMEx_MasterConfigSynchronization  0x080024ba   Section        0  stm32f4xx_hal_tim_ex.o(i.HAL_TIMEx_MasterConfigSynchronization)
    i.HAL_TIM_Base_Init                      0x0800251c   Section        0  stm32f4xx_hal_tim.o(i.HAL_TIM_Base_Init)
    i.HAL_TIM_Base_MspInit                   0x08002550   Section        0  stm32f4xx_hal_msp.o(i.HAL_TIM_Base_MspInit)
    i.HAL_TIM_Base_Start_IT                  0x080025dc   Section        0  stm32f4xx_hal_tim.o(i.HAL_TIM_Base_Start_IT)
    i.HAL_TIM_ConfigClockSource              0x080025fa   Section        0  stm32f4xx_hal_tim.o(i.HAL_TIM_ConfigClockSource)
    i.HAL_TIM_IC_CaptureCallback             0x0800272c   Section        0  stm32f4xx_hal_tim.o(i.HAL_TIM_IC_CaptureCallback)
    i.HAL_TIM_IRQHandler                     0x0800272e   Section        0  stm32f4xx_hal_tim.o(i.HAL_TIM_IRQHandler)
    i.HAL_TIM_MspPostInit                    0x080028c4   Section        0  stm32f4xx_hal_msp.o(i.HAL_TIM_MspPostInit)
    i.HAL_TIM_OC_DelayElapsedCallback        0x08002920   Section        0  stm32f4xx_hal_tim.o(i.HAL_TIM_OC_DelayElapsedCallback)
    i.HAL_TIM_PWM_ConfigChannel              0x08002922   Section        0  stm32f4xx_hal_tim.o(i.HAL_TIM_PWM_ConfigChannel)
    i.HAL_TIM_PWM_Init                       0x08002a2a   Section        0  stm32f4xx_hal_tim.o(i.HAL_TIM_PWM_Init)
    i.HAL_TIM_PWM_MspInit                    0x08002a5e   Section        0  stm32f4xx_hal_tim.o(i.HAL_TIM_PWM_MspInit)
    i.HAL_TIM_PWM_PulseFinishedCallback      0x08002a60   Section        0  stm32f4xx_hal_tim.o(i.HAL_TIM_PWM_PulseFinishedCallback)
    i.HAL_TIM_PWM_Start                      0x08002a64   Section        0  stm32f4xx_hal_tim.o(i.HAL_TIM_PWM_Start)
    i.HAL_TIM_PeriodElapsedCallback          0x08002ab0   Section        0  timer3.o(i.HAL_TIM_PeriodElapsedCallback)
    i.HAL_TIM_TriggerCallback                0x08002af8   Section        0  stm32f4xx_hal_tim.o(i.HAL_TIM_TriggerCallback)
    i.HAL_UART_ErrorCallback                 0x08002afa   Section        0  stm32f4xx_hal_uart.o(i.HAL_UART_ErrorCallback)
    i.HAL_UART_GetState                      0x08002afc   Section        0  stm32f4xx_hal_uart.o(i.HAL_UART_GetState)
    i.HAL_UART_IRQHandler                    0x08002b10   Section        0  stm32f4xx_hal_uart.o(i.HAL_UART_IRQHandler)
    i.HAL_UART_Init                          0x08002c5c   Section        0  stm32f4xx_hal_uart.o(i.HAL_UART_Init)
    i.HAL_UART_MspInit                       0x08002cd0   Section        0  stm32f4xx_hal_msp.o(i.HAL_UART_MspInit)
    i.HAL_UART_Receive_IT                    0x08002dec   Section        0  stm32f4xx_hal_uart.o(i.HAL_UART_Receive_IT)
    i.HAL_UART_RxCpltCallback                0x08002e50   Section        0  usart.o(i.HAL_UART_RxCpltCallback)
    i.HAL_UART_Transmit                      0x08002fd4   Section        0  stm32f4xx_hal_uart.o(i.HAL_UART_Transmit)
    i.HAL_UART_TxCpltCallback                0x080030aa   Section        0  stm32f4xx_hal_uart.o(i.HAL_UART_TxCpltCallback)
    i.HardFault_Handler                      0x080030ac   Section        0  stm32f4xx_it.o(i.HardFault_Handler)
    i.IIC_Ack                                0x080030b0   Section        0  myiic.o(i.IIC_Ack)
    i.IIC_Ack_2                              0x08003100   Section        0  myiic2.o(i.IIC_Ack_2)
    i.IIC_Init                               0x08003150   Section        0  myiic.o(i.IIC_Init)
    i.IIC_Init_2                             0x080031ac   Section        0  myiic2.o(i.IIC_Init_2)
    i.IIC_NAck                               0x08003208   Section        0  myiic.o(i.IIC_NAck)
    i.IIC_NAck_2                             0x08003258   Section        0  myiic2.o(i.IIC_NAck_2)
    i.IIC_Read_Byte                          0x080032a8   Section        0  myiic.o(i.IIC_Read_Byte)
    i.IIC_Read_Byte_2                        0x08003314   Section        0  myiic2.o(i.IIC_Read_Byte_2)
    i.IIC_Send_Byte                          0x08003380   Section        0  myiic.o(i.IIC_Send_Byte)
    i.IIC_Send_Byte_2                        0x080033e8   Section        0  myiic2.o(i.IIC_Send_Byte_2)
    i.IIC_Start                              0x08003458   Section        0  myiic.o(i.IIC_Start)
    i.IIC_Start_2                            0x080034a4   Section        0  myiic2.o(i.IIC_Start_2)
    i.IIC_Stop                               0x080034f0   Section        0  myiic.o(i.IIC_Stop)
    i.IIC_Stop_2                             0x0800353c   Section        0  myiic2.o(i.IIC_Stop_2)
    i.IIC_Wait_Ack                           0x0800358c   Section        0  myiic.o(i.IIC_Wait_Ack)
    i.IIC_Wait_Ack_2                         0x080035ec   Section        0  myiic2.o(i.IIC_Wait_Ack_2)
    i.KS103_ReadOneByte                      0x08003650   Section        0  ks103.o(i.KS103_ReadOneByte)
    i.KS103_WriteOneByte                     0x08003696   Section        0  ks103.o(i.KS103_WriteOneByte)
    i.LCD_Write                              0x080036cc   Section        0  lcd_driver.o(i.LCD_Write)
    i.LCD_init                               0x08003758   Section        0  lcd_driver.o(i.LCD_init)
    i.MX_ADC1_Init                           0x080037e4   Section        0  adc_dma.o(i.MX_ADC1_Init)
    i.MX_DMA_Init                            0x0800383c   Section        0  adc_dma.o(i.MX_DMA_Init)
    i.MX_GPIO_Init                           0x08003864   Section        0  gpio_init.o(i.MX_GPIO_Init)
    i.MX_NVIC_Init                           0x08003aec   Section        0  adc_dma.o(i.MX_NVIC_Init)
    i.MX_TIM13_Init                          0x08003b7c   Section        0  pwm.o(i.MX_TIM13_Init)
    i.MX_TIM14_Init                          0x08003be0   Section        0  pwm.o(i.MX_TIM14_Init)
    i.MX_TIM3_Init                           0x08003c44   Section        0  timer3.o(i.MX_TIM3_Init)
    i.MX_USART2_UART_Init                    0x08003ca0   Section        0  uart_init.o(i.MX_USART2_UART_Init)
    i.MX_USART3_UART_Init                    0x08003ce4   Section        0  uart_init.o(i.MX_USART3_UART_Init)
    i.MemManage_Handler                      0x08003d28   Section        0  stm32f4xx_it.o(i.MemManage_Handler)
    i.Motor_Ahead                            0x08003d2c   Section        0  motor.o(i.Motor_Ahead)
    i.Motor_Ahead_Wait                       0x08003e24   Section        0  motor.o(i.Motor_Ahead_Wait)
    i.Motor_Back                             0x08003edc   Section        0  motor.o(i.Motor_Back)
    i.Motor_Ruku                             0x08003fd4   Section        0  motor.o(i.Motor_Ruku)
    i.NMI_Handler                            0x080040f0   Section        0  stm32f4xx_it.o(i.NMI_Handler)
    i.NVIC_GetPriorityGrouping               0x080040f4   Section        0  stm32f4xx_hal_cortex.o(i.NVIC_GetPriorityGrouping)
    NVIC_GetPriorityGrouping                 0x080040f5   Thumb Code    10  stm32f4xx_hal_cortex.o(i.NVIC_GetPriorityGrouping)
    i.NVIC_SetPriority                       0x08004104   Section        0  stm32f4xx_hal_cortex.o(i.NVIC_SetPriority)
    NVIC_SetPriority                         0x08004105   Thumb Code    32  stm32f4xx_hal_cortex.o(i.NVIC_SetPriority)
    i.PendSV_Handler                         0x0800412c   Section        0  stm32f4xx_it.o(i.PendSV_Handler)
    i.SVC_Handler                            0x0800412e   Section        0  stm32f4xx_it.o(i.SVC_Handler)
    i.Send_Id                                0x08004130   Section        0  eeprom.o(i.Send_Id)
    i.Set_Acc                                0x08004170   Section        0  motor.o(i.Set_Acc)
    i.Set_Motor                              0x080041a0   Section        0  motor.o(i.Set_Motor)
    i.Set_Slowdown                           0x080041b8   Section        0  motor.o(i.Set_Slowdown)
    i.Show_Static                            0x080041e8   Section        0  lcd_driver.o(i.Show_Static)
    i.Stop                                   0x08004240   Section        0  motor.o(i.Stop)
    i.SysTick_Handler                        0x08004252   Section        0  stm32f4xx_it.o(i.SysTick_Handler)
    i.SystemClock_Config                     0x08004260   Section        0  sysclock.o(i.SystemClock_Config)
    i.SystemInit                             0x08004330   Section        0  system_stm32f4xx.o(i.SystemInit)
    i.TIM3_IRQHandler                        0x08004394   Section        0  stm32f4xx_it.o(i.TIM3_IRQHandler)
    i.TIM_Base_SetConfig                     0x080043a4   Section        0  stm32f4xx_hal_tim.o(i.TIM_Base_SetConfig)
    i.TIM_CCxChannelCmd                      0x08004488   Section        0  stm32f4xx_hal_tim.o(i.TIM_CCxChannelCmd)
    i.TIM_ETR_SetConfig                      0x080044a4   Section        0  stm32f4xx_hal_tim.o(i.TIM_ETR_SetConfig)
    TIM_ETR_SetConfig                        0x080044a5   Thumb Code    24  stm32f4xx_hal_tim.o(i.TIM_ETR_SetConfig)
    i.TIM_ITRx_SetConfig                     0x080044bc   Section        0  stm32f4xx_hal_tim.o(i.TIM_ITRx_SetConfig)
    TIM_ITRx_SetConfig                       0x080044bd   Thumb Code    20  stm32f4xx_hal_tim.o(i.TIM_ITRx_SetConfig)
    i.TIM_OC1_SetConfig                      0x080044d0   Section        0  stm32f4xx_hal_tim.o(i.TIM_OC1_SetConfig)
    TIM_OC1_SetConfig                        0x080044d1   Thumb Code   102  stm32f4xx_hal_tim.o(i.TIM_OC1_SetConfig)
    i.TIM_OC2_SetConfig                      0x08004540   Section        0  stm32f4xx_hal_tim.o(i.TIM_OC2_SetConfig)
    i.TIM_OC3_SetConfig                      0x080045b8   Section        0  stm32f4xx_hal_tim.o(i.TIM_OC3_SetConfig)
    TIM_OC3_SetConfig                        0x080045b9   Thumb Code   110  stm32f4xx_hal_tim.o(i.TIM_OC3_SetConfig)
    i.TIM_OC4_SetConfig                      0x08004630   Section        0  stm32f4xx_hal_tim.o(i.TIM_OC4_SetConfig)
    TIM_OC4_SetConfig                        0x08004631   Thumb Code    88  stm32f4xx_hal_tim.o(i.TIM_OC4_SetConfig)
    i.TIM_TI1_ConfigInputStage               0x08004690   Section        0  stm32f4xx_hal_tim.o(i.TIM_TI1_ConfigInputStage)
    TIM_TI1_ConfigInputStage                 0x08004691   Thumb Code    42  stm32f4xx_hal_tim.o(i.TIM_TI1_ConfigInputStage)
    i.TIM_TI2_ConfigInputStage               0x080046ba   Section        0  stm32f4xx_hal_tim.o(i.TIM_TI2_ConfigInputStage)
    TIM_TI2_ConfigInputStage                 0x080046bb   Thumb Code    44  stm32f4xx_hal_tim.o(i.TIM_TI2_ConfigInputStage)
    i.UART_DMAAbortOnError                   0x080046e6   Section        0  stm32f4xx_hal_uart.o(i.UART_DMAAbortOnError)
    UART_DMAAbortOnError                     0x080046e7   Thumb Code    20  stm32f4xx_hal_uart.o(i.UART_DMAAbortOnError)
    i.UART_EndRxTransfer                     0x080046fa   Section        0  stm32f4xx_hal_uart.o(i.UART_EndRxTransfer)
    UART_EndRxTransfer                       0x080046fb   Thumb Code    32  stm32f4xx_hal_uart.o(i.UART_EndRxTransfer)
    i.UART_EndTransmit_IT                    0x0800471a   Section        0  stm32f4xx_hal_uart.o(i.UART_EndTransmit_IT)
    UART_EndTransmit_IT                      0x0800471b   Thumb Code    32  stm32f4xx_hal_uart.o(i.UART_EndTransmit_IT)
    i.UART_Receive_IT                        0x0800473a   Section        0  stm32f4xx_hal_uart.o(i.UART_Receive_IT)
    UART_Receive_IT                          0x0800473b   Thumb Code   154  stm32f4xx_hal_uart.o(i.UART_Receive_IT)
    i.UART_SetConfig                         0x080047d4   Section        0  stm32f4xx_hal_uart.o(i.UART_SetConfig)
    UART_SetConfig                           0x080047d5   Thumb Code   864  stm32f4xx_hal_uart.o(i.UART_SetConfig)
    i.UART_Transmit_IT                       0x08004b3c   Section        0  stm32f4xx_hal_uart.o(i.UART_Transmit_IT)
    UART_Transmit_IT                         0x08004b3d   Thumb Code   104  stm32f4xx_hal_uart.o(i.UART_Transmit_IT)
    i.UART_WaitOnFlagUntilTimeout            0x08004ba4   Section        0  stm32f4xx_hal_uart.o(i.UART_WaitOnFlagUntilTimeout)
    UART_WaitOnFlagUntilTimeout              0x08004ba5   Thumb Code   110  stm32f4xx_hal_uart.o(i.UART_WaitOnFlagUntilTimeout)
    i.USART1_IRQHandler                      0x08004c18   Section        0  usart.o(i.USART1_IRQHandler)
    i.USART2_IRQHandler                      0x08004c64   Section        0  usart.o(i.USART2_IRQHandler)
    i.USART3_IRQHandler                      0x08004cbc   Section        0  usart.o(i.USART3_IRQHandler)
    i.Uart_Analyse                           0x08004d14   Section        0  usart.o(i.Uart_Analyse)
    i.Uart_Store                             0x08004d88   Section        0  usart.o(i.Uart_Store)
    i.UsageFault_Handler                     0x08004e10   Section        0  stm32f4xx_it.o(i.UsageFault_Handler)
    i.Voltage_Test                           0x08004e14   Section        0  lcd_driver.o(i.Voltage_Test)
    i.__0printf$bare                         0x08004ee4   Section        0  printfb.o(i.__0printf$bare)
    i.__scatterload_copy                     0x08004ef4   Section       14  handlers.o(i.__scatterload_copy)
    i.__scatterload_null                     0x08004f02   Section        2  handlers.o(i.__scatterload_null)
    i.__scatterload_zeroinit                 0x08004f04   Section       14  handlers.o(i.__scatterload_zeroinit)
    i._printf_core                           0x08004f12   Section        0  printfb.o(i._printf_core)
    _printf_core                             0x08004f13   Thumb Code    34  printfb.o(i._printf_core)
    i.ahead_wave                             0x08004f34   Section        0  motor.o(i.ahead_wave)
    i.back_wave                              0x08004ff8   Section        0  motor.o(i.back_wave)
    i.delay_init                             0x080050d4   Section        0  delay.o(i.delay_init)
    i.delay_ms                               0x080050e8   Section        0  delay.o(i.delay_ms)
    i.delay_us                               0x08005100   Section        0  delay.o(i.delay_us)
    i.fputc                                  0x08005148   Section        0  main.o(i.fputc)
    i.free                                   0x08005164   Section        0  malloc.o(i.free)
    i.free_array                             0x080051b4   Section        0  usart.o(i.free_array)
    i.main                                   0x080051e4   Section        0  main.o(i.main)
    i.malloc                                 0x0800530c   Section        0  malloc.o(i.malloc)
    i.system_init                            0x08005378   Section        0  gpio_init.o(i.system_init)
    .constdata                               0x080053c6   Section        8  stm32f4xx_hal_dma.o(.constdata)
    flagBitshiftOffset                       0x080053c6   Data           8  stm32f4xx_hal_dma.o(.constdata)
    .constdata                               0x080053ce   Section       16  stm32f4xx_hal_rcc.o(.constdata)
    .data                                    0x20000000   Section        4  system_stm32f4xx.o(.data)
    .data                                    0x20000004   Section        4  delay.o(.data)
    fac_us                                   0x20000004   Data           4  delay.o(.data)
    .data                                    0x20000008   Section       24  motor.o(.data)
    num                                      0x20000008   Data           4  motor.o(.data)
    count1                                   0x2000000c   Data           4  motor.o(.data)
    count2                                   0x20000010   Data           4  motor.o(.data)
    num                                      0x20000014   Data           4  motor.o(.data)
    count1                                   0x20000018   Data           4  motor.o(.data)
    count2                                   0x2000001c   Data           4  motor.o(.data)
    .data                                    0x20000020   Section        4  stm32f4xx_hal.o(.data)
    .data                                    0x20000024   Section      166  main.o(.data)
    .data                                    0x200000cc   Section        4  stdout.o(.data)
    .data                                    0x200000d0   Section        4  mvars.o(.data)
    .data                                    0x200000d4   Section        4  mvars.o(.data)
    .bss                                     0x200000d8   Section     1740  main.o(.bss)
    HEAP                                     0x200007a8   Section      512  startup_stm32f429xx.o(HEAP)
    STACK                                    0x200009a8   Section     1024  startup_stm32f429xx.o(STACK)

    Global Symbols

    Symbol Name                              Value     Ov Type        Size  Object(Section)

    BuildAttributes$$THM_ISAv4$E$P$D$K$B$S$7EM$VFPi3$EXTD16$VFPS$VFMA$PE$A:L22UL41UL21$X:L11$S22US41US21$IEEE1$IW$USESV6$~STKCKD$USESV7$~SHL$OSPACE$ROPI$EBA8$MICROLIB$REQ8$PRES8$EABIv2 0x00000000   Number         0  anon$$obj.o ABSOLUTE
    __ARM_use_no_argv                        0x00000000   Number         0  main.o ABSOLUTE
    __cpp_initialize__aeabi_                  - Undefined Weak Reference
    __cxa_finalize                            - Undefined Weak Reference
    __decompress                              - Undefined Weak Reference
    _clock_init                               - Undefined Weak Reference
    _microlib_exit                            - Undefined Weak Reference
    __Vectors_Size                           0x000001ac   Number         0  startup_stm32f429xx.o ABSOLUTE
    __Vectors                                0x08000000   Data           4  startup_stm32f429xx.o(RESET)
    __Vectors_End                            0x080001ac   Data           0  startup_stm32f429xx.o(RESET)
    __main                                   0x080001ad   Thumb Code     0  entry.o(.ARM.Collect$$$$00000000)
    _main_stk                                0x080001ad   Thumb Code     0  entry2.o(.ARM.Collect$$$$00000001)
    _main_scatterload                        0x080001b1   Thumb Code     0  entry5.o(.ARM.Collect$$$$00000004)
    __main_after_scatterload                 0x080001b5   Thumb Code     0  entry5.o(.ARM.Collect$$$$00000004)
    _main_clock                              0x080001b5   Thumb Code     0  entry7b.o(.ARM.Collect$$$$00000008)
    _main_cpp_init                           0x080001b5   Thumb Code     0  entry8b.o(.ARM.Collect$$$$0000000A)
    _main_init                               0x080001b5   Thumb Code     0  entry9a.o(.ARM.Collect$$$$0000000B)
    __rt_final_cpp                           0x080001bd   Thumb Code     0  entry10a.o(.ARM.Collect$$$$0000000D)
    __rt_final_exit                          0x080001bd   Thumb Code     0  entry11a.o(.ARM.Collect$$$$0000000F)
    Reset_Handler                            0x080001c1   Thumb Code     8  startup_stm32f429xx.o(.text)
    CAN1_RX0_IRQHandler                      0x080001db   Thumb Code     0  startup_stm32f429xx.o(.text)
    CAN1_RX1_IRQHandler                      0x080001db   Thumb Code     0  startup_stm32f429xx.o(.text)
    CAN1_SCE_IRQHandler                      0x080001db   Thumb Code     0  startup_stm32f429xx.o(.text)
    CAN1_TX_IRQHandler                       0x080001db   Thumb Code     0  startup_stm32f429xx.o(.text)
    CAN2_RX0_IRQHandler                      0x080001db   Thumb Code     0  startup_stm32f429xx.o(.text)
    CAN2_RX1_IRQHandler                      0x080001db   Thumb Code     0  startup_stm32f429xx.o(.text)
    CAN2_SCE_IRQHandler                      0x080001db   Thumb Code     0  startup_stm32f429xx.o(.text)
    CAN2_TX_IRQHandler                       0x080001db   Thumb Code     0  startup_stm32f429xx.o(.text)
    DCMI_IRQHandler                          0x080001db   Thumb Code     0  startup_stm32f429xx.o(.text)
    DMA1_Stream0_IRQHandler                  0x080001db   Thumb Code     0  startup_stm32f429xx.o(.text)
    DMA1_Stream1_IRQHandler                  0x080001db   Thumb Code     0  startup_stm32f429xx.o(.text)
    DMA1_Stream2_IRQHandler                  0x080001db   Thumb Code     0  startup_stm32f429xx.o(.text)
    DMA1_Stream3_IRQHandler                  0x080001db   Thumb Code     0  startup_stm32f429xx.o(.text)
    DMA1_Stream4_IRQHandler                  0x080001db   Thumb Code     0  startup_stm32f429xx.o(.text)
    DMA1_Stream5_IRQHandler                  0x080001db   Thumb Code     0  startup_stm32f429xx.o(.text)
    DMA1_Stream6_IRQHandler                  0x080001db   Thumb Code     0  startup_stm32f429xx.o(.text)
    DMA1_Stream7_IRQHandler                  0x080001db   Thumb Code     0  startup_stm32f429xx.o(.text)
    DMA2D_IRQHandler                         0x080001db   Thumb Code     0  startup_stm32f429xx.o(.text)
    DMA2_Stream1_IRQHandler                  0x080001db   Thumb Code     0  startup_stm32f429xx.o(.text)
    DMA2_Stream2_IRQHandler                  0x080001db   Thumb Code     0  startup_stm32f429xx.o(.text)
    DMA2_Stream3_IRQHandler                  0x080001db   Thumb Code     0  startup_stm32f429xx.o(.text)
    DMA2_Stream4_IRQHandler                  0x080001db   Thumb Code     0  startup_stm32f429xx.o(.text)
    DMA2_Stream5_IRQHandler                  0x080001db   Thumb Code     0  startup_stm32f429xx.o(.text)
    DMA2_Stream6_IRQHandler                  0x080001db   Thumb Code     0  startup_stm32f429xx.o(.text)
    DMA2_Stream7_IRQHandler                  0x080001db   Thumb Code     0  startup_stm32f429xx.o(.text)
    ETH_IRQHandler                           0x080001db   Thumb Code     0  startup_stm32f429xx.o(.text)
    ETH_WKUP_IRQHandler                      0x080001db   Thumb Code     0  startup_stm32f429xx.o(.text)
    EXTI0_IRQHandler                         0x080001db   Thumb Code     0  startup_stm32f429xx.o(.text)
    EXTI15_10_IRQHandler                     0x080001db   Thumb Code     0  startup_stm32f429xx.o(.text)
    EXTI1_IRQHandler                         0x080001db   Thumb Code     0  startup_stm32f429xx.o(.text)
    EXTI2_IRQHandler                         0x080001db   Thumb Code     0  startup_stm32f429xx.o(.text)
    EXTI3_IRQHandler                         0x080001db   Thumb Code     0  startup_stm32f429xx.o(.text)
    EXTI4_IRQHandler                         0x080001db   Thumb Code     0  startup_stm32f429xx.o(.text)
    EXTI9_5_IRQHandler                       0x080001db   Thumb Code     0  startup_stm32f429xx.o(.text)
    FLASH_IRQHandler                         0x080001db   Thumb Code     0  startup_stm32f429xx.o(.text)
    FMC_IRQHandler                           0x080001db   Thumb Code     0  startup_stm32f429xx.o(.text)
    FPU_IRQHandler                           0x080001db   Thumb Code     0  startup_stm32f429xx.o(.text)
    HASH_RNG_IRQHandler                      0x080001db   Thumb Code     0  startup_stm32f429xx.o(.text)
    I2C1_ER_IRQHandler                       0x080001db   Thumb Code     0  startup_stm32f429xx.o(.text)
    I2C1_EV_IRQHandler                       0x080001db   Thumb Code     0  startup_stm32f429xx.o(.text)
    I2C2_ER_IRQHandler                       0x080001db   Thumb Code     0  startup_stm32f429xx.o(.text)
    I2C2_EV_IRQHandler                       0x080001db   Thumb Code     0  startup_stm32f429xx.o(.text)
    I2C3_ER_IRQHandler                       0x080001db   Thumb Code     0  startup_stm32f429xx.o(.text)
    I2C3_EV_IRQHandler                       0x080001db   Thumb Code     0  startup_stm32f429xx.o(.text)
    LTDC_ER_IRQHandler                       0x080001db   Thumb Code     0  startup_stm32f429xx.o(.text)
    LTDC_IRQHandler                          0x080001db   Thumb Code     0  startup_stm32f429xx.o(.text)
    OTG_FS_IRQHandler                        0x080001db   Thumb Code     0  startup_stm32f429xx.o(.text)
    OTG_FS_WKUP_IRQHandler                   0x080001db   Thumb Code     0  startup_stm32f429xx.o(.text)
    OTG_HS_EP1_IN_IRQHandler                 0x080001db   Thumb Code     0  startup_stm32f429xx.o(.text)
    OTG_HS_EP1_OUT_IRQHandler                0x080001db   Thumb Code     0  startup_stm32f429xx.o(.text)
    OTG_HS_IRQHandler                        0x080001db   Thumb Code     0  startup_stm32f429xx.o(.text)
    OTG_HS_WKUP_IRQHandler                   0x080001db   Thumb Code     0  startup_stm32f429xx.o(.text)
    PVD_IRQHandler                           0x080001db   Thumb Code     0  startup_stm32f429xx.o(.text)
    RCC_IRQHandler                           0x080001db   Thumb Code     0  startup_stm32f429xx.o(.text)
    RTC_Alarm_IRQHandler                     0x080001db   Thumb Code     0  startup_stm32f429xx.o(.text)
    RTC_WKUP_IRQHandler                      0x080001db   Thumb Code     0  startup_stm32f429xx.o(.text)
    SAI1_IRQHandler                          0x080001db   Thumb Code     0  startup_stm32f429xx.o(.text)
    SDIO_IRQHandler                          0x080001db   Thumb Code     0  startup_stm32f429xx.o(.text)
    SPI1_IRQHandler                          0x080001db   Thumb Code     0  startup_stm32f429xx.o(.text)
    SPI2_IRQHandler                          0x080001db   Thumb Code     0  startup_stm32f429xx.o(.text)
    SPI3_IRQHandler                          0x080001db   Thumb Code     0  startup_stm32f429xx.o(.text)
    SPI4_IRQHandler                          0x080001db   Thumb Code     0  startup_stm32f429xx.o(.text)
    SPI5_IRQHandler                          0x080001db   Thumb Code     0  startup_stm32f429xx.o(.text)
    SPI6_IRQHandler                          0x080001db   Thumb Code     0  startup_stm32f429xx.o(.text)
    TAMP_STAMP_IRQHandler                    0x080001db   Thumb Code     0  startup_stm32f429xx.o(.text)
    TIM1_BRK_TIM9_IRQHandler                 0x080001db   Thumb Code     0  startup_stm32f429xx.o(.text)
    TIM1_CC_IRQHandler                       0x080001db   Thumb Code     0  startup_stm32f429xx.o(.text)
    TIM1_TRG_COM_TIM11_IRQHandler            0x080001db   Thumb Code     0  startup_stm32f429xx.o(.text)
    TIM1_UP_TIM10_IRQHandler                 0x080001db   Thumb Code     0  startup_stm32f429xx.o(.text)
    TIM2_IRQHandler                          0x080001db   Thumb Code     0  startup_stm32f429xx.o(.text)
    TIM4_IRQHandler                          0x080001db   Thumb Code     0  startup_stm32f429xx.o(.text)
    TIM5_IRQHandler                          0x080001db   Thumb Code     0  startup_stm32f429xx.o(.text)
    TIM6_DAC_IRQHandler                      0x080001db   Thumb Code     0  startup_stm32f429xx.o(.text)
    TIM7_IRQHandler                          0x080001db   Thumb Code     0  startup_stm32f429xx.o(.text)
    TIM8_BRK_TIM12_IRQHandler                0x080001db   Thumb Code     0  startup_stm32f429xx.o(.text)
    TIM8_CC_IRQHandler                       0x080001db   Thumb Code     0  startup_stm32f429xx.o(.text)
    TIM8_TRG_COM_TIM14_IRQHandler            0x080001db   Thumb Code     0  startup_stm32f429xx.o(.text)
    TIM8_UP_TIM13_IRQHandler                 0x080001db   Thumb Code     0  startup_stm32f429xx.o(.text)
    UART4_IRQHandler                         0x080001db   Thumb Code     0  startup_stm32f429xx.o(.text)
    UART5_IRQHandler                         0x080001db   Thumb Code     0  startup_stm32f429xx.o(.text)
    UART7_IRQHandler                         0x080001db   Thumb Code     0  startup_stm32f429xx.o(.text)
    UART8_IRQHandler                         0x080001db   Thumb Code     0  startup_stm32f429xx.o(.text)
    USART6_IRQHandler                        0x080001db   Thumb Code     0  startup_stm32f429xx.o(.text)
    WWDG_IRQHandler                          0x080001db   Thumb Code     0  startup_stm32f429xx.o(.text)
    __scatterload                            0x080001e5   Thumb Code    28  init.o(.text)
    __scatterload_rt2                        0x080001e5   Thumb Code     0  init.o(.text)
    ADC_Average                              0x08000209   Thumb Code   174  adc_dma.o(i.ADC_Average)
    ADC_IRQHandler                           0x0800034d   Thumb Code    10  stm32f4xx_it.o(i.ADC_IRQHandler)
    AT24CXX_Read                             0x080004d5   Thumb Code    34  24cxx.o(i.AT24CXX_Read)
    AT24CXX_ReadOneByte                      0x080004f7   Thumb Code    88  24cxx.o(i.AT24CXX_ReadOneByte)
    Ahead_Trailing                           0x08000551   Thumb Code   638  motor.o(i.Ahead_Trailing)
    Answer                                   0x080007e5   Thumb Code    82  motor.o(i.Answer)
    Back_Trailing                            0x08000851   Thumb Code   630  motor.o(i.Back_Trailing)
    BusFault_Handler                         0x08000ae1   Thumb Code     4  stm32f4xx_it.o(i.BusFault_Handler)
    DMA2_Stream0_IRQHandler                  0x08000ae5   Thumb Code    10  stm32f4xx_it.o(i.DMA2_Stream0_IRQHandler)
    DebugMon_Handler                         0x08000c0f   Thumb Code     2  stm32f4xx_it.o(i.DebugMon_Handler)
    Display                                  0x08000c11   Thumb Code    50  lcd_driver.o(i.Display)
    Eeprom_Read                              0x08000c45   Thumb Code    14  eeprom.o(i.Eeprom_Read)
    Error_Handler                            0x08000c59   Thumb Code     4  sysclock.o(i.Error_Handler)
    Find_Rfid                                0x08000c5d   Thumb Code   196  motor.o(i.Find_Rfid)
    Find_Rfid_Match                          0x08000d45   Thumb Code   434  motor.o(i.Find_Rfid_Match)
    Get_Barrier                              0x08000f45   Thumb Code    42  ks103.o(i.Get_Barrier)
    Get_Range                                0x08000f71   Thumb Code   124  ks103.o(i.Get_Range)
    HAL_ADCEx_InjectedConvCpltCallback       0x08000ff9   Thumb Code     2  stm32f4xx_hal_adc_ex.o(i.HAL_ADCEx_InjectedConvCpltCallback)
    HAL_ADC_ConfigChannel                    0x08000ffd   Thumb Code   390  stm32f4xx_hal_adc.o(i.HAL_ADC_ConfigChannel)
    HAL_ADC_ConvCpltCallback                 0x08001199   Thumb Code     2  stm32f4xx_hal_adc.o(i.HAL_ADC_ConvCpltCallback)
    HAL_ADC_ConvHalfCpltCallback             0x0800119b   Thumb Code     2  stm32f4xx_hal_adc.o(i.HAL_ADC_ConvHalfCpltCallback)
    HAL_ADC_ErrorCallback                    0x0800119d   Thumb Code     2  stm32f4xx_hal_adc.o(i.HAL_ADC_ErrorCallback)
    HAL_ADC_IRQHandler                       0x0800119f   Thumb Code   372  stm32f4xx_hal_adc.o(i.HAL_ADC_IRQHandler)
    HAL_ADC_Init                             0x08001315   Thumb Code   100  stm32f4xx_hal_adc.o(i.HAL_ADC_Init)
    HAL_ADC_LevelOutOfWindowCallback         0x0800137d   Thumb Code     2  stm32f4xx_hal_adc.o(i.HAL_ADC_LevelOutOfWindowCallback)
    HAL_ADC_MspInit                          0x08001381   Thumb Code   136  stm32f4xx_hal_msp.o(i.HAL_ADC_MspInit)
    HAL_ADC_Start_DMA                        0x0800141d   Thumb Code   300  stm32f4xx_hal_adc.o(i.HAL_ADC_Start_DMA)
    HAL_DMA_Abort_IT                         0x08001565   Thumb Code    40  stm32f4xx_hal_dma.o(i.HAL_DMA_Abort_IT)
    HAL_DMA_IRQHandler                       0x0800158d   Thumb Code   574  stm32f4xx_hal_dma.o(i.HAL_DMA_IRQHandler)
    HAL_DMA_Init                             0x080017d5   Thumb Code   228  stm32f4xx_hal_dma.o(i.HAL_DMA_Init)
    HAL_DMA_Start_IT                         0x080018bd   Thumb Code   158  stm32f4xx_hal_dma.o(i.HAL_DMA_Start_IT)
    HAL_GPIO_Init                            0x0800195d   Thumb Code   486  stm32f4xx_hal_gpio.o(i.HAL_GPIO_Init)
    HAL_GPIO_ReadPin                         0x08001b79   Thumb Code    16  stm32f4xx_hal_gpio.o(i.HAL_GPIO_ReadPin)
    HAL_GPIO_WritePin                        0x08001b89   Thumb Code    12  stm32f4xx_hal_gpio.o(i.HAL_GPIO_WritePin)
    HAL_GetTick                              0x08001b95   Thumb Code     6  stm32f4xx_hal.o(i.HAL_GetTick)
    HAL_IncTick                              0x08001ba1   Thumb Code    12  stm32f4xx_hal.o(i.HAL_IncTick)
    HAL_Init                                 0x08001bb1   Thumb Code    54  stm32f4xx_hal.o(i.HAL_Init)
    HAL_InitTick                             0x08001bed   Thumb Code    36  stm32f4xx_hal.o(i.HAL_InitTick)
    HAL_MspInit                              0x08001c15   Thumb Code    86  stm32f4xx_hal_msp.o(i.HAL_MspInit)
    HAL_NVIC_EnableIRQ                       0x08001c6b   Thumb Code    26  stm32f4xx_hal_cortex.o(i.HAL_NVIC_EnableIRQ)
    HAL_NVIC_SetPriority                     0x08001c85   Thumb Code   124  stm32f4xx_hal_cortex.o(i.HAL_NVIC_SetPriority)
    HAL_NVIC_SetPriorityGrouping             0x08001d01   Thumb Code    32  stm32f4xx_hal_cortex.o(i.HAL_NVIC_SetPriorityGrouping)
    HAL_PWREx_EnableOverDrive                0x08001d29   Thumb Code   152  stm32f4xx_hal_pwr_ex.o(i.HAL_PWREx_EnableOverDrive)
    HAL_RCC_ClockConfig                      0x08001dcd   Thumb Code   446  stm32f4xx_hal_rcc.o(i.HAL_RCC_ClockConfig)
    HAL_RCC_GetHCLKFreq                      0x08001f9d   Thumb Code     6  stm32f4xx_hal_rcc.o(i.HAL_RCC_GetHCLKFreq)
    HAL_RCC_GetPCLK1Freq                     0x08001fa9   Thumb Code    36  stm32f4xx_hal_rcc.o(i.HAL_RCC_GetPCLK1Freq)
    HAL_RCC_GetPCLK2Freq                     0x08001fd5   Thumb Code    36  stm32f4xx_hal_rcc.o(i.HAL_RCC_GetPCLK2Freq)
    HAL_RCC_GetSysClockFreq                  0x08002001   Thumb Code   168  stm32f4xx_hal_rcc.o(i.HAL_RCC_GetSysClockFreq)
    HAL_RCC_OscConfig                        0x080020b5   Thumb Code   906  stm32f4xx_hal_rcc.o(i.HAL_RCC_OscConfig)
    HAL_SYSTICK_CLKSourceConfig              0x08002451   Thumb Code    40  stm32f4xx_hal_cortex.o(i.HAL_SYSTICK_CLKSourceConfig)
    HAL_SYSTICK_Callback                     0x08002479   Thumb Code     2  stm32f4xx_hal_cortex.o(i.HAL_SYSTICK_Callback)
    HAL_SYSTICK_Config                       0x0800247b   Thumb Code    52  stm32f4xx_hal_cortex.o(i.HAL_SYSTICK_Config)
    HAL_SYSTICK_IRQHandler                   0x080024af   Thumb Code     8  stm32f4xx_hal_cortex.o(i.HAL_SYSTICK_IRQHandler)
    HAL_TIMEx_BreakCallback                  0x080024b7   Thumb Code     2  stm32f4xx_hal_tim_ex.o(i.HAL_TIMEx_BreakCallback)
    HAL_TIMEx_CommutationCallback            0x080024b9   Thumb Code     2  stm32f4xx_hal_tim_ex.o(i.HAL_TIMEx_CommutationCallback)
    HAL_TIMEx_MasterConfigSynchronization    0x080024bb   Thumb Code    98  stm32f4xx_hal_tim_ex.o(i.HAL_TIMEx_MasterConfigSynchronization)
    HAL_TIM_Base_Init                        0x0800251d   Thumb Code    52  stm32f4xx_hal_tim.o(i.HAL_TIM_Base_Init)
    HAL_TIM_Base_MspInit                     0x08002551   Thumb Code   124  stm32f4xx_hal_msp.o(i.HAL_TIM_Base_MspInit)
    HAL_TIM_Base_Start_IT                    0x080025dd   Thumb Code    30  stm32f4xx_hal_tim.o(i.HAL_TIM_Base_Start_IT)
    HAL_TIM_ConfigClockSource                0x080025fb   Thumb Code   306  stm32f4xx_hal_tim.o(i.HAL_TIM_ConfigClockSource)
    HAL_TIM_IC_CaptureCallback               0x0800272d   Thumb Code     2  stm32f4xx_hal_tim.o(i.HAL_TIM_IC_CaptureCallback)
    HAL_TIM_IRQHandler                       0x0800272f   Thumb Code   406  stm32f4xx_hal_tim.o(i.HAL_TIM_IRQHandler)
    HAL_TIM_MspPostInit                      0x080028c5   Thumb Code    80  stm32f4xx_hal_msp.o(i.HAL_TIM_MspPostInit)
    HAL_TIM_OC_DelayElapsedCallback          0x08002921   Thumb Code     2  stm32f4xx_hal_tim.o(i.HAL_TIM_OC_DelayElapsedCallback)
    HAL_TIM_PWM_ConfigChannel                0x08002923   Thumb Code   264  stm32f4xx_hal_tim.o(i.HAL_TIM_PWM_ConfigChannel)
    HAL_TIM_PWM_Init                         0x08002a2b   Thumb Code    52  stm32f4xx_hal_tim.o(i.HAL_TIM_PWM_Init)
    HAL_TIM_PWM_MspInit                      0x08002a5f   Thumb Code     2  stm32f4xx_hal_tim.o(i.HAL_TIM_PWM_MspInit)
    HAL_TIM_PWM_PulseFinishedCallback        0x08002a61   Thumb Code     2  stm32f4xx_hal_tim.o(i.HAL_TIM_PWM_PulseFinishedCallback)
    HAL_TIM_PWM_Start                        0x08002a65   Thumb Code    68  stm32f4xx_hal_tim.o(i.HAL_TIM_PWM_Start)
    HAL_TIM_PeriodElapsedCallback            0x08002ab1   Thumb Code    54  timer3.o(i.HAL_TIM_PeriodElapsedCallback)
    HAL_TIM_TriggerCallback                  0x08002af9   Thumb Code     2  stm32f4xx_hal_tim.o(i.HAL_TIM_TriggerCallback)
    HAL_UART_ErrorCallback                   0x08002afb   Thumb Code     2  stm32f4xx_hal_uart.o(i.HAL_UART_ErrorCallback)
    HAL_UART_GetState                        0x08002afd   Thumb Code    20  stm32f4xx_hal_uart.o(i.HAL_UART_GetState)
    HAL_UART_IRQHandler                      0x08002b11   Thumb Code   326  stm32f4xx_hal_uart.o(i.HAL_UART_IRQHandler)
    HAL_UART_Init                            0x08002c5d   Thumb Code   114  stm32f4xx_hal_uart.o(i.HAL_UART_Init)
    HAL_UART_MspInit                         0x08002cd1   Thumb Code   258  stm32f4xx_hal_msp.o(i.HAL_UART_MspInit)
    HAL_UART_Receive_IT                      0x08002ded   Thumb Code   100  stm32f4xx_hal_uart.o(i.HAL_UART_Receive_IT)
    HAL_UART_RxCpltCallback                  0x08002e51   Thumb Code   314  usart.o(i.HAL_UART_RxCpltCallback)
    HAL_UART_Transmit                        0x08002fd5   Thumb Code   214  stm32f4xx_hal_uart.o(i.HAL_UART_Transmit)
    HAL_UART_TxCpltCallback                  0x080030ab   Thumb Code     2  stm32f4xx_hal_uart.o(i.HAL_UART_TxCpltCallback)
    HardFault_Handler                        0x080030ad   Thumb Code     4  stm32f4xx_it.o(i.HardFault_Handler)
    IIC_Ack                                  0x080030b1   Thumb Code    66  myiic.o(i.IIC_Ack)
    IIC_Ack_2                                0x08003101   Thumb Code    66  myiic2.o(i.IIC_Ack_2)
    IIC_Init                                 0x08003151   Thumb Code    76  myiic.o(i.IIC_Init)
    IIC_Init_2                               0x080031ad   Thumb Code    74  myiic2.o(i.IIC_Init_2)
    IIC_NAck                                 0x08003209   Thumb Code    66  myiic.o(i.IIC_NAck)
    IIC_NAck_2                               0x08003259   Thumb Code    66  myiic2.o(i.IIC_NAck_2)
    IIC_Read_Byte                            0x080032a9   Thumb Code    94  myiic.o(i.IIC_Read_Byte)
    IIC_Read_Byte_2                          0x08003315   Thumb Code    94  myiic2.o(i.IIC_Read_Byte_2)
    IIC_Send_Byte                            0x08003381   Thumb Code    90  myiic.o(i.IIC_Send_Byte)
    IIC_Send_Byte_2                          0x080033e9   Thumb Code    98  myiic2.o(i.IIC_Send_Byte_2)
    IIC_Start                                0x08003459   Thumb Code    64  myiic.o(i.IIC_Start)
    IIC_Start_2                              0x080034a5   Thumb Code    64  myiic2.o(i.IIC_Start_2)
    IIC_Stop                                 0x080034f1   Thumb Code    62  myiic.o(i.IIC_Stop)
    IIC_Stop_2                               0x0800353d   Thumb Code    68  myiic2.o(i.IIC_Stop_2)
    IIC_Wait_Ack                             0x0800358d   Thumb Code    82  myiic.o(i.IIC_Wait_Ack)
    IIC_Wait_Ack_2                           0x080035ed   Thumb Code    86  myiic2.o(i.IIC_Wait_Ack_2)
    KS103_ReadOneByte                        0x08003651   Thumb Code    70  ks103.o(i.KS103_ReadOneByte)
    KS103_WriteOneByte                       0x08003697   Thumb Code    54  ks103.o(i.KS103_WriteOneByte)
    LCD_Write                                0x080036cd   Thumb Code   134  lcd_driver.o(i.LCD_Write)
    LCD_init                                 0x08003759   Thumb Code   130  lcd_driver.o(i.LCD_init)
    MX_ADC1_Init                             0x080037e5   Thumb Code    80  adc_dma.o(i.MX_ADC1_Init)
    MX_DMA_Init                              0x0800383d   Thumb Code    36  adc_dma.o(i.MX_DMA_Init)
    MX_GPIO_Init                             0x08003865   Thumb Code   614  gpio_init.o(i.MX_GPIO_Init)
    MX_NVIC_Init                             0x08003aed   Thumb Code   122  adc_dma.o(i.MX_NVIC_Init)
    MX_TIM13_Init                            0x08003b7d   Thumb Code    92  pwm.o(i.MX_TIM13_Init)
    MX_TIM14_Init                            0x08003be1   Thumb Code    92  pwm.o(i.MX_TIM14_Init)
    MX_TIM3_Init                             0x08003c45   Thumb Code    84  timer3.o(i.MX_TIM3_Init)
    MX_USART2_UART_Init                      0x08003ca1   Thumb Code    56  uart_init.o(i.MX_USART2_UART_Init)
    MX_USART3_UART_Init                      0x08003ce5   Thumb Code    56  uart_init.o(i.MX_USART3_UART_Init)
    MemManage_Handler                        0x08003d29   Thumb Code     4  stm32f4xx_it.o(i.MemManage_Handler)
    Motor_Ahead                              0x08003d2d   Thumb Code   224  motor.o(i.Motor_Ahead)
    Motor_Ahead_Wait                         0x08003e25   Thumb Code   158  motor.o(i.Motor_Ahead_Wait)
    Motor_Back                               0x08003edd   Thumb Code   224  motor.o(i.Motor_Back)
    Motor_Ruku                               0x08003fd5   Thumb Code   260  motor.o(i.Motor_Ruku)
    NMI_Handler                              0x080040f1   Thumb Code     2  stm32f4xx_it.o(i.NMI_Handler)
    PendSV_Handler                           0x0800412d   Thumb Code     2  stm32f4xx_it.o(i.PendSV_Handler)
    SVC_Handler                              0x0800412f   Thumb Code     2  stm32f4xx_it.o(i.SVC_Handler)
    Send_Id                                  0x08004131   Thumb Code    46  eeprom.o(i.Send_Id)
    Set_Acc                                  0x08004171   Thumb Code    38  motor.o(i.Set_Acc)
    Set_Motor                                0x080041a1   Thumb Code    14  motor.o(i.Set_Motor)
    Set_Slowdown                             0x080041b9   Thumb Code    38  motor.o(i.Set_Slowdown)
    Show_Static                              0x080041e9   Thumb Code    48  lcd_driver.o(i.Show_Static)
    Stop                                     0x08004241   Thumb Code    18  motor.o(i.Stop)
    SysTick_Handler                          0x08004253   Thumb Code    12  stm32f4xx_it.o(i.SysTick_Handler)
    SystemClock_Config                       0x08004261   Thumb Code   198  sysclock.o(i.SystemClock_Config)
    SystemInit                               0x08004331   Thumb Code    82  system_stm32f4xx.o(i.SystemInit)
    TIM3_IRQHandler                          0x08004395   Thumb Code    10  stm32f4xx_it.o(i.TIM3_IRQHandler)
    TIM_Base_SetConfig                       0x080043a5   Thumb Code   184  stm32f4xx_hal_tim.o(i.TIM_Base_SetConfig)
    TIM_CCxChannelCmd                        0x08004489   Thumb Code    28  stm32f4xx_hal_tim.o(i.TIM_CCxChannelCmd)
    TIM_OC2_SetConfig                        0x08004541   Thumb Code   112  stm32f4xx_hal_tim.o(i.TIM_OC2_SetConfig)
    USART1_IRQHandler                        0x08004c19   Thumb Code    68  usart.o(i.USART1_IRQHandler)
    USART2_IRQHandler                        0x08004c65   Thumb Code    78  usart.o(i.USART2_IRQHandler)
    USART3_IRQHandler                        0x08004cbd   Thumb Code    78  usart.o(i.USART3_IRQHandler)
    Uart_Analyse                             0x08004d15   Thumb Code   102  usart.o(i.Uart_Analyse)
    Uart_Store                               0x08004d89   Thumb Code   112  usart.o(i.Uart_Store)
    UsageFault_Handler                       0x08004e11   Thumb Code     4  stm32f4xx_it.o(i.UsageFault_Handler)
    Voltage_Test                             0x08004e15   Thumb Code   184  lcd_driver.o(i.Voltage_Test)
    __0printf$bare                           0x08004ee5   Thumb Code     8  printfb.o(i.__0printf$bare)
    __1printf$bare                           0x08004ee5   Thumb Code     0  printfb.o(i.__0printf$bare)
    __2printf                                0x08004ee5   Thumb Code     0  printfb.o(i.__0printf$bare)
    __scatterload_copy                       0x08004ef5   Thumb Code    14  handlers.o(i.__scatterload_copy)
    __scatterload_null                       0x08004f03   Thumb Code     2  handlers.o(i.__scatterload_null)
    __scatterload_zeroinit                   0x08004f05   Thumb Code    14  handlers.o(i.__scatterload_zeroinit)
    ahead_wave                               0x08004f35   Thumb Code   162  motor.o(i.ahead_wave)
    back_wave                                0x08004ff9   Thumb Code   184  motor.o(i.back_wave)
    delay_init                               0x080050d5   Thumb Code    16  delay.o(i.delay_init)
    delay_ms                                 0x080050e9   Thumb Code    24  delay.o(i.delay_ms)
    delay_us                                 0x08005101   Thumb Code    68  delay.o(i.delay_us)
    fputc                                    0x08005149   Thumb Code    22  main.o(i.fputc)
    free                                     0x08005165   Thumb Code    76  malloc.o(i.free)
    free_array                               0x080051b5   Thumb Code    40  usart.o(i.free_array)
    main                                     0x080051e5   Thumb Code   276  main.o(i.main)
    malloc                                   0x0800530d   Thumb Code    92  malloc.o(i.malloc)
    system_init                              0x08005379   Thumb Code    78  gpio_init.o(i.system_init)
    APBAHBPrescTable                         0x080053ce   Data          16  stm32f4xx_hal_rcc.o(.constdata)
    Region$$Table$$Base                      0x080053e0   Number         0  anon$$obj.o(Region$$Table)
    Region$$Table$$Limit                     0x08005400   Number         0  anon$$obj.o(Region$$Table)
    SystemCoreClock                          0x20000000   Data           4  system_stm32f4xx.o(.data)
    uwTick                                   0x20000020   Data           4  stm32f4xx_hal.o(.data)
    USART_RX_STA_1                           0x20000024   Data           2  main.o(.data)
    Track_buff                               0x20000028   Data           4  main.o(.data)
    aRxBuffer_1                              0x2000002c   Data           1  main.o(.data)
    USART_RX_STA_2                           0x2000002e   Data           2  main.o(.data)
    aRxBuffer_2                              0x20000030   Data           1  main.o(.data)
    USART_RX_STA_3                           0x20000032   Data           2  main.o(.data)
    aRxBuffer_3                              0x20000034   Data           1  main.o(.data)
    len                                      0x20000035   Data           1  main.o(.data)
    times                                    0x20000036   Data           2  main.o(.data)
    tim3_flag                                0x20000038   Data           4  main.o(.data)
    wave_watch                               0x2000003c   Data           4  main.o(.data)
    flag_usart_1                             0x20000040   Data           2  main.o(.data)
    packflag_1                               0x20000042   Data           2  main.o(.data)
    flag_usart_2                             0x20000044   Data           2  main.o(.data)
    packflag_2                               0x20000046   Data           2  main.o(.data)
    flag_usart_3                             0x20000048   Data           2  main.o(.data)
    packflag_3                               0x2000004a   Data           2  main.o(.data)
    tim13_val                                0x2000004c   Data           4  main.o(.data)
    tim14_val                                0x20000050   Data           4  main.o(.data)
    n                                        0x20000054   Data           2  main.o(.data)
    range                                    0x20000056   Data           4  main.o(.data)
    only_one                                 0x2000005c   Data           8  main.o(.data)
    ptr                                      0x20000064   Data           6  main.o(.data)
    Temp                                     0x2000006c   Data           4  main.o(.data)
    shuzi                                    0x20000070   Data          13  main.o(.data)
    Obj                                      0x2000007d   Data           4  main.o(.data)
    Tra                                      0x20000081   Data           4  main.o(.data)
    Tsk                                      0x20000085   Data           4  main.o(.data)
    Loc                                      0x20000089   Data           4  main.o(.data)
    Fw                                       0x2000008d   Data           3  main.o(.data)
    Bk                                       0x20000090   Data           3  main.o(.data)
    Rk                                       0x20000093   Data           3  main.o(.data)
    GG                                       0x20000096   Data           1  main.o(.data)
    Rm                                       0x20000097   Data           3  main.o(.data)
    Bm                                       0x2000009a   Data           3  main.o(.data)
    Fm                                       0x2000009d   Data           3  main.o(.data)
    Wt                                       0x200000a0   Data           3  main.o(.data)
    Id                                       0x200000a3   Data           3  main.o(.data)
    Read_Id                                  0x200000a6   Data           3  main.o(.data)
    Read_Rfid                                0x200000a9   Data           4  main.o(.data)
    Read_cmd                                 0x200000ad   Data          11  main.o(.data)
    Find_cmd                                 0x200000b8   Data           4  main.o(.data)
    Stop_cmd                                 0x200000bc   Data           4  main.o(.data)
    Loop_cmd                                 0x200000c0   Data           5  main.o(.data)
    data_rec_flag                            0x200000c6   Data           2  main.o(.data)
    Command_State                            0x200000c8   Data           1  main.o(.data)
    Motor_Status                             0x200000c9   Data           1  main.o(.data)
    __stdout                                 0x200000cc   Data           4  stdout.o(.data)
    __microlib_freelist                      0x200000d0   Data           4  mvars.o(.data)
    __microlib_freelist_initialised          0x200000d4   Data           4  mvars.o(.data)
    Rx_buff_22                               0x200000d8   Data         200  main.o(.bss)
    Rx_buff_1                                0x200001a0   Data         200  main.o(.bss)
    Rx_buff_33                               0x20000268   Data         200  main.o(.bss)
    Rx_buff_2                                0x20000330   Data         200  main.o(.bss)
    Rx_buff_3                                0x200003f8   Data         200  main.o(.bss)
    huart1                                   0x200004c0   Data          64  main.o(.bss)
    huart2                                   0x20000500   Data          64  main.o(.bss)
    huart3                                   0x20000540   Data          64  main.o(.bss)
    htim13                                   0x20000580   Data          60  main.o(.bss)
    htim14                                   0x200005bc   Data          60  main.o(.bss)
    htim3                                    0x200005f8   Data          60  main.o(.bss)
    hadc1                                    0x20000634   Data          72  main.o(.bss)
    hdma_adc1                                0x2000067c   Data          96  main.o(.bss)
    uhADCxConvertedValue2                    0x200006dc   Data         200  main.o(.bss)
    __heap_base                              0x200007a8   Data           0  startup_stm32f429xx.o(HEAP)
    __heap_limit                             0x200009a8   Data           0  startup_stm32f429xx.o(HEAP)
    __initial_sp                             0x20000da8   Data           0  startup_stm32f429xx.o(STACK)



==============================================================================

Memory Map of the image

  Image Entry point : 0x080001ad

  Load Region LR_IROM1 (Base: 0x08000000, Size: 0x000054d8, Max: 0x00100000, ABSOLUTE)

    Execution Region ER_IROM1 (Base: 0x08000000, Size: 0x00005400, Max: 0x00100000, ABSOLUTE)

    Base Addr    Size         Type   Attr      Idx    E Section Name        Object

    0x08000000   0x000001ac   Data   RO          951    RESET               startup_stm32f429xx.o
    0x080001ac   0x00000000   Code   RO         3685  * .ARM.Collect$$$$00000000  mc_w.l(entry.o)
    0x080001ac   0x00000004   Code   RO         3976    .ARM.Collect$$$$00000001  mc_w.l(entry2.o)
    0x080001b0   0x00000004   Code   RO         3979    .ARM.Collect$$$$00000004  mc_w.l(entry5.o)
    0x080001b4   0x00000000   Code   RO         3981    .ARM.Collect$$$$00000008  mc_w.l(entry7b.o)
    0x080001b4   0x00000000   Code   RO         3983    .ARM.Collect$$$$0000000A  mc_w.l(entry8b.o)
    0x080001b4   0x00000008   Code   RO         3984    .ARM.Collect$$$$0000000B  mc_w.l(entry9a.o)
    0x080001bc   0x00000000   Code   RO         3986    .ARM.Collect$$$$0000000D  mc_w.l(entry10a.o)
    0x080001bc   0x00000000   Code   RO         3988    .ARM.Collect$$$$0000000F  mc_w.l(entry11a.o)
    0x080001bc   0x00000004   Code   RO         3977    .ARM.Collect$$$$00002712  mc_w.l(entry2.o)
    0x080001c0   0x00000024   Code   RO          952    .text               startup_stm32f429xx.o
    0x080001e4   0x00000024   Code   RO         4012    .text               mc_w.l(init.o)
    0x08000208   0x000000ae   Code   RO          576    i.ADC_Average       adc_dma.o
    0x080002b6   0x0000006e   Code   RO         3215    i.ADC_DMAConvCplt   stm32f4xx_hal_adc.o
    0x08000324   0x0000001a   Code   RO         3216    i.ADC_DMAError      stm32f4xx_hal_adc.o
    0x0800033e   0x0000000e   Code   RO         3217    i.ADC_DMAHalfConvCplt  stm32f4xx_hal_adc.o
    0x0800034c   0x00000010   Code   RO         3527    i.ADC_IRQHandler    stm32f4xx_it.o
    0x0800035c   0x00000178   Code   RO         3218    i.ADC_Init          stm32f4xx_hal_adc.o
    0x080004d4   0x00000022   Code   RO          768    i.AT24CXX_Read      24cxx.o
    0x080004f6   0x00000058   Code   RO          770    i.AT24CXX_ReadOneByte  24cxx.o
    0x0800054e   0x00000002   PAD
    0x08000550   0x00000294   Code   RO          657    i.Ahead_Trailing    motor.o
    0x080007e4   0x0000006c   Code   RO          658    i.Answer            motor.o
    0x08000850   0x00000290   Code   RO          659    i.Back_Trailing     motor.o
    0x08000ae0   0x00000004   Code   RO         3528    i.BusFault_Handler  stm32f4xx_it.o
    0x08000ae4   0x00000010   Code   RO         3529    i.DMA2_Stream0_IRQHandler  stm32f4xx_it.o
    0x08000af4   0x00000034   Code   RO          959    i.DMA_CalcBaseAndBitshift  stm32f4xx_hal_dma.o
    0x08000b28   0x000000ba   Code   RO          960    i.DMA_CheckFifoParam  stm32f4xx_hal_dma.o
    0x08000be2   0x0000002c   Code   RO          961    i.DMA_SetConfig     stm32f4xx_hal_dma.o
    0x08000c0e   0x00000002   Code   RO         3530    i.DebugMon_Handler  stm32f4xx_it.o
    0x08000c10   0x00000032   Code   RO          898    i.Display           lcd_driver.o
    0x08000c42   0x00000002   PAD
    0x08000c44   0x00000014   Code   RO          621    i.Eeprom_Read       eeprom.o
    0x08000c58   0x00000004   Code   RO          546    i.Error_Handler     sysclock.o
    0x08000c5c   0x000000e8   Code   RO          660    i.Find_Rfid         motor.o
    0x08000d44   0x00000200   Code   RO          661    i.Find_Rfid_Match   motor.o
    0x08000f44   0x0000002a   Code   RO          306    i.Get_Barrier       ks103.o
    0x08000f6e   0x00000002   PAD
    0x08000f70   0x00000088   Code   RO          307    i.Get_Range         ks103.o
    0x08000ff8   0x00000002   Code   RO         3389    i.HAL_ADCEx_InjectedConvCpltCallback  stm32f4xx_hal_adc_ex.o
    0x08000ffa   0x00000002   PAD
    0x08000ffc   0x0000019c   Code   RO         3220    i.HAL_ADC_ConfigChannel  stm32f4xx_hal_adc.o
    0x08001198   0x00000002   Code   RO         3221    i.HAL_ADC_ConvCpltCallback  stm32f4xx_hal_adc.o
    0x0800119a   0x00000002   Code   RO         3222    i.HAL_ADC_ConvHalfCpltCallback  stm32f4xx_hal_adc.o
    0x0800119c   0x00000002   Code   RO         3224    i.HAL_ADC_ErrorCallback  stm32f4xx_hal_adc.o
    0x0800119e   0x00000174   Code   RO         3228    i.HAL_ADC_IRQHandler  stm32f4xx_hal_adc.o
    0x08001312   0x00000002   PAD
    0x08001314   0x00000068   Code   RO         3229    i.HAL_ADC_Init      stm32f4xx_hal_adc.o
    0x0800137c   0x00000002   Code   RO         3230    i.HAL_ADC_LevelOutOfWindowCallback  stm32f4xx_hal_adc.o
    0x0800137e   0x00000002   PAD
    0x08001380   0x0000009c   Code   RO         3622    i.HAL_ADC_MspInit   stm32f4xx_hal_msp.o
    0x0800141c   0x00000148   Code   RO         3236    i.HAL_ADC_Start_DMA  stm32f4xx_hal_adc.o
    0x08001564   0x00000028   Code   RO          963    i.HAL_DMA_Abort_IT  stm32f4xx_hal_dma.o
    0x0800158c   0x00000248   Code   RO          967    i.HAL_DMA_IRQHandler  stm32f4xx_hal_dma.o
    0x080017d4   0x000000e8   Code   RO          968    i.HAL_DMA_Init      stm32f4xx_hal_dma.o
    0x080018bc   0x0000009e   Code   RO          972    i.HAL_DMA_Start_IT  stm32f4xx_hal_dma.o
    0x0800195a   0x00000002   PAD
    0x0800195c   0x0000021c   Code   RO         1420    i.HAL_GPIO_Init     stm32f4xx_hal_gpio.o
    0x08001b78   0x00000010   Code   RO         1422    i.HAL_GPIO_ReadPin  stm32f4xx_hal_gpio.o
    0x08001b88   0x0000000c   Code   RO         1424    i.HAL_GPIO_WritePin  stm32f4xx_hal_gpio.o
    0x08001b94   0x0000000c   Code   RO         1498    i.HAL_GetTick       stm32f4xx_hal.o
    0x08001ba0   0x00000010   Code   RO         1499    i.HAL_IncTick       stm32f4xx_hal.o
    0x08001bb0   0x0000003c   Code   RO         1500    i.HAL_Init          stm32f4xx_hal.o
    0x08001bec   0x00000028   Code   RO         1501    i.HAL_InitTick      stm32f4xx_hal.o
    0x08001c14   0x00000056   Code   RO         3623    i.HAL_MspInit       stm32f4xx_hal_msp.o
    0x08001c6a   0x0000001a   Code   RO         2449    i.HAL_NVIC_EnableIRQ  stm32f4xx_hal_cortex.o
    0x08001c84   0x0000007c   Code   RO         2455    i.HAL_NVIC_SetPriority  stm32f4xx_hal_cortex.o
    0x08001d00   0x00000028   Code   RO         2456    i.HAL_NVIC_SetPriorityGrouping  stm32f4xx_hal_cortex.o
    0x08001d28   0x000000a4   Code   RO         1310    i.HAL_PWREx_EnableOverDrive  stm32f4xx_hal_pwr_ex.o
    0x08001dcc   0x000001d0   Code   RO         1797    i.HAL_RCC_ClockConfig  stm32f4xx_hal_rcc.o
    0x08001f9c   0x0000000c   Code   RO         1802    i.HAL_RCC_GetHCLKFreq  stm32f4xx_hal_rcc.o
    0x08001fa8   0x0000002c   Code   RO         1804    i.HAL_RCC_GetPCLK1Freq  stm32f4xx_hal_rcc.o
    0x08001fd4   0x0000002c   Code   RO         1805    i.HAL_RCC_GetPCLK2Freq  stm32f4xx_hal_rcc.o
    0x08002000   0x000000b4   Code   RO         1806    i.HAL_RCC_GetSysClockFreq  stm32f4xx_hal_rcc.o
    0x080020b4   0x0000039c   Code   RO         1809    i.HAL_RCC_OscConfig  stm32f4xx_hal_rcc.o
    0x08002450   0x00000028   Code   RO         2458    i.HAL_SYSTICK_CLKSourceConfig  stm32f4xx_hal_cortex.o
    0x08002478   0x00000002   Code   RO         2459    i.HAL_SYSTICK_Callback  stm32f4xx_hal_cortex.o
    0x0800247a   0x00000034   Code   RO         2460    i.HAL_SYSTICK_Config  stm32f4xx_hal_cortex.o
    0x080024ae   0x00000008   Code   RO         2461    i.HAL_SYSTICK_IRQHandler  stm32f4xx_hal_cortex.o
    0x080024b6   0x00000002   Code   RO         1065    i.HAL_TIMEx_BreakCallback  stm32f4xx_hal_tim_ex.o
    0x080024b8   0x00000002   Code   RO         1066    i.HAL_TIMEx_CommutationCallback  stm32f4xx_hal_tim_ex.o
    0x080024ba   0x00000062   Code   RO         1082    i.HAL_TIMEx_MasterConfigSynchronization  stm32f4xx_hal_tim_ex.o
    0x0800251c   0x00000034   Code   RO         2576    i.HAL_TIM_Base_Init  stm32f4xx_hal_tim.o
    0x08002550   0x0000008c   Code   RO         3625    i.HAL_TIM_Base_MspInit  stm32f4xx_hal_msp.o
    0x080025dc   0x0000001e   Code   RO         2581    i.HAL_TIM_Base_Start_IT  stm32f4xx_hal_tim.o
    0x080025fa   0x00000132   Code   RO         2585    i.HAL_TIM_ConfigClockSource  stm32f4xx_hal_tim.o
    0x0800272c   0x00000002   Code   RO         2605    i.HAL_TIM_IC_CaptureCallback  stm32f4xx_hal_tim.o
    0x0800272e   0x00000196   Code   RO         2618    i.HAL_TIM_IRQHandler  stm32f4xx_hal_tim.o
    0x080028c4   0x0000005c   Code   RO         3626    i.HAL_TIM_MspPostInit  stm32f4xx_hal_msp.o
    0x08002920   0x00000002   Code   RO         2621    i.HAL_TIM_OC_DelayElapsedCallback  stm32f4xx_hal_tim.o
    0x08002922   0x00000108   Code   RO         2642    i.HAL_TIM_PWM_ConfigChannel  stm32f4xx_hal_tim.o
    0x08002a2a   0x00000034   Code   RO         2645    i.HAL_TIM_PWM_Init  stm32f4xx_hal_tim.o
    0x08002a5e   0x00000002   Code   RO         2647    i.HAL_TIM_PWM_MspInit  stm32f4xx_hal_tim.o
    0x08002a60   0x00000002   Code   RO         2648    i.HAL_TIM_PWM_PulseFinishedCallback  stm32f4xx_hal_tim.o
    0x08002a62   0x00000002   PAD
    0x08002a64   0x0000004c   Code   RO         2649    i.HAL_TIM_PWM_Start  stm32f4xx_hal_tim.o
    0x08002ab0   0x00000048   Code   RO          456    i.HAL_TIM_PeriodElapsedCallback  timer3.o
    0x08002af8   0x00000002   Code   RO         2659    i.HAL_TIM_TriggerCallback  stm32f4xx_hal_tim.o
    0x08002afa   0x00000002   Code   RO         2051    i.HAL_UART_ErrorCallback  stm32f4xx_hal_uart.o
    0x08002afc   0x00000014   Code   RO         2053    i.HAL_UART_GetState  stm32f4xx_hal_uart.o
    0x08002b10   0x0000014c   Code   RO         2054    i.HAL_UART_IRQHandler  stm32f4xx_hal_uart.o
    0x08002c5c   0x00000072   Code   RO         2055    i.HAL_UART_Init     stm32f4xx_hal_uart.o
    0x08002cce   0x00000002   PAD
    0x08002cd0   0x0000011c   Code   RO         3628    i.HAL_UART_MspInit  stm32f4xx_hal_msp.o
    0x08002dec   0x00000064   Code   RO         2060    i.HAL_UART_Receive_IT  stm32f4xx_hal_uart.o
    0x08002e50   0x00000184   Code   RO          218    i.HAL_UART_RxCpltCallback  usart.o
    0x08002fd4   0x000000d6   Code   RO         2063    i.HAL_UART_Transmit  stm32f4xx_hal_uart.o
    0x080030aa   0x00000002   Code   RO         2066    i.HAL_UART_TxCpltCallback  stm32f4xx_hal_uart.o
    0x080030ac   0x00000004   Code   RO         3531    i.HardFault_Handler  stm32f4xx_it.o
    0x080030b0   0x00000050   Code   RO          832    i.IIC_Ack           myiic.o
    0x08003100   0x00000050   Code   RO          354    i.IIC_Ack_2         myiic2.o
    0x08003150   0x0000005c   Code   RO          833    i.IIC_Init          myiic.o
    0x080031ac   0x0000005c   Code   RO          355    i.IIC_Init_2        myiic2.o
    0x08003208   0x00000050   Code   RO          834    i.IIC_NAck          myiic.o
    0x08003258   0x00000050   Code   RO          356    i.IIC_NAck_2        myiic2.o
    0x080032a8   0x0000006c   Code   RO          835    i.IIC_Read_Byte     myiic.o
    0x08003314   0x0000006c   Code   RO          357    i.IIC_Read_Byte_2   myiic2.o
    0x08003380   0x00000068   Code   RO          836    i.IIC_Send_Byte     myiic.o
    0x080033e8   0x00000070   Code   RO          358    i.IIC_Send_Byte_2   myiic2.o
    0x08003458   0x0000004c   Code   RO          837    i.IIC_Start         myiic.o
    0x080034a4   0x0000004c   Code   RO          359    i.IIC_Start_2       myiic2.o
    0x080034f0   0x0000004c   Code   RO          838    i.IIC_Stop          myiic.o
    0x0800353c   0x00000050   Code   RO          360    i.IIC_Stop_2        myiic2.o
    0x0800358c   0x00000060   Code   RO          839    i.IIC_Wait_Ack      myiic.o
    0x080035ec   0x00000064   Code   RO          361    i.IIC_Wait_Ack_2    myiic2.o
    0x08003650   0x00000046   Code   RO          308    i.KS103_ReadOneByte  ks103.o
    0x08003696   0x00000036   Code   RO          309    i.KS103_WriteOneByte  ks103.o
    0x080036cc   0x0000008c   Code   RO          899    i.LCD_Write         lcd_driver.o
    0x08003758   0x0000008c   Code   RO          900    i.LCD_init          lcd_driver.o
    0x080037e4   0x00000058   Code   RO          577    i.MX_ADC1_Init      adc_dma.o
    0x0800383c   0x00000028   Code   RO          578    i.MX_DMA_Init       adc_dma.o
    0x08003864   0x00000288   Code   RO          516    i.MX_GPIO_Init      gpio_init.o
    0x08003aec   0x00000090   Code   RO          579    i.MX_NVIC_Init      adc_dma.o
    0x08003b7c   0x00000064   Code   RO          486    i.MX_TIM13_Init     pwm.o
    0x08003be0   0x00000064   Code   RO          487    i.MX_TIM14_Init     pwm.o
    0x08003c44   0x0000005c   Code   RO          457    i.MX_TIM3_Init      timer3.o
    0x08003ca0   0x00000044   Code   RO          421    i.MX_USART2_UART_Init  uart_init.o
    0x08003ce4   0x00000044   Code   RO          422    i.MX_USART3_UART_Init  uart_init.o
    0x08003d28   0x00000004   Code   RO         3532    i.MemManage_Handler  stm32f4xx_it.o
    0x08003d2c   0x000000f8   Code   RO          662    i.Motor_Ahead       motor.o
    0x08003e24   0x000000b8   Code   RO          663    i.Motor_Ahead_Wait  motor.o
    0x08003edc   0x000000f8   Code   RO          664    i.Motor_Back        motor.o
    0x08003fd4   0x0000011c   Code   RO          665    i.Motor_Ruku        motor.o
    0x080040f0   0x00000002   Code   RO         3533    i.NMI_Handler       stm32f4xx_it.o
    0x080040f2   0x00000002   PAD
    0x080040f4   0x00000010   Code   RO         2462    i.NVIC_GetPriorityGrouping  stm32f4xx_hal_cortex.o
    0x08004104   0x00000028   Code   RO         2463    i.NVIC_SetPriority  stm32f4xx_hal_cortex.o
    0x0800412c   0x00000002   Code   RO         3534    i.PendSV_Handler    stm32f4xx_it.o
    0x0800412e   0x00000002   Code   RO         3535    i.SVC_Handler       stm32f4xx_it.o
    0x08004130   0x00000040   Code   RO          622    i.Send_Id           eeprom.o
    0x08004170   0x00000030   Code   RO          666    i.Set_Acc           motor.o
    0x080041a0   0x00000018   Code   RO          667    i.Set_Motor         motor.o
    0x080041b8   0x00000030   Code   RO          668    i.Set_Slowdown      motor.o
    0x080041e8   0x00000058   Code   RO          902    i.Show_Static       lcd_driver.o
    0x08004240   0x00000012   Code   RO          669    i.Stop              motor.o
    0x08004252   0x0000000c   Code   RO         3536    i.SysTick_Handler   stm32f4xx_it.o
    0x0800425e   0x00000002   PAD
    0x08004260   0x000000d0   Code   RO          547    i.SystemClock_Config  sysclock.o
    0x08004330   0x00000064   Code   RO            5    i.SystemInit        system_stm32f4xx.o
    0x08004394   0x00000010   Code   RO         3537    i.TIM3_IRQHandler   stm32f4xx_it.o
    0x080043a4   0x000000e4   Code   RO         2660    i.TIM_Base_SetConfig  stm32f4xx_hal_tim.o
    0x08004488   0x0000001c   Code   RO         2661    i.TIM_CCxChannelCmd  stm32f4xx_hal_tim.o
    0x080044a4   0x00000018   Code   RO         2667    i.TIM_ETR_SetConfig  stm32f4xx_hal_tim.o
    0x080044bc   0x00000014   Code   RO         2668    i.TIM_ITRx_SetConfig  stm32f4xx_hal_tim.o
    0x080044d0   0x00000070   Code   RO         2669    i.TIM_OC1_SetConfig  stm32f4xx_hal_tim.o
    0x08004540   0x00000078   Code   RO         2670    i.TIM_OC2_SetConfig  stm32f4xx_hal_tim.o
    0x080045b8   0x00000078   Code   RO         2671    i.TIM_OC3_SetConfig  stm32f4xx_hal_tim.o
    0x08004630   0x00000060   Code   RO         2672    i.TIM_OC4_SetConfig  stm32f4xx_hal_tim.o
    0x08004690   0x0000002a   Code   RO         2674    i.TIM_TI1_ConfigInputStage  stm32f4xx_hal_tim.o
    0x080046ba   0x0000002c   Code   RO         2676    i.TIM_TI2_ConfigInputStage  stm32f4xx_hal_tim.o
    0x080046e6   0x00000014   Code   RO         2068    i.UART_DMAAbortOnError  stm32f4xx_hal_uart.o
    0x080046fa   0x00000020   Code   RO         2074    i.UART_EndRxTransfer  stm32f4xx_hal_uart.o
    0x0800471a   0x00000020   Code   RO         2075    i.UART_EndTransmit_IT  stm32f4xx_hal_uart.o
    0x0800473a   0x0000009a   Code   RO         2077    i.UART_Receive_IT   stm32f4xx_hal_uart.o
    0x080047d4   0x00000368   Code   RO         2078    i.UART_SetConfig    stm32f4xx_hal_uart.o
    0x08004b3c   0x00000068   Code   RO         2079    i.UART_Transmit_IT  stm32f4xx_hal_uart.o
    0x08004ba4   0x00000074   Code   RO         2080    i.UART_WaitOnFlagUntilTimeout  stm32f4xx_hal_uart.o
    0x08004c18   0x0000004c   Code   RO          219    i.USART1_IRQHandler  usart.o
    0x08004c64   0x00000058   Code   RO          220    i.USART2_IRQHandler  usart.o
    0x08004cbc   0x00000058   Code   RO          221    i.USART3_IRQHandler  usart.o
    0x08004d14   0x00000074   Code   RO          222    i.Uart_Analyse      usart.o
    0x08004d88   0x00000088   Code   RO          223    i.Uart_Store        usart.o
    0x08004e10   0x00000004   Code   RO         3538    i.UsageFault_Handler  stm32f4xx_it.o
    0x08004e14   0x000000d0   Code   RO          903    i.Voltage_Test      lcd_driver.o
    0x08004ee4   0x00000010   Code   RO         3689    i.__0printf$bare    mc_w.l(printfb.o)
    0x08004ef4   0x0000000e   Code   RO         4024    i.__scatterload_copy  mc_w.l(handlers.o)
    0x08004f02   0x00000002   Code   RO         4025    i.__scatterload_null  mc_w.l(handlers.o)
    0x08004f04   0x0000000e   Code   RO         4026    i.__scatterload_zeroinit  mc_w.l(handlers.o)
    0x08004f12   0x00000022   Code   RO         3696    i._printf_core      mc_w.l(printfb.o)
    0x08004f34   0x000000c4   Code   RO          670    i.ahead_wave        motor.o
    0x08004ff8   0x000000dc   Code   RO          671    i.back_wave         motor.o
    0x080050d4   0x00000014   Code   RO          139    i.delay_init        delay.o
    0x080050e8   0x00000018   Code   RO          140    i.delay_ms          delay.o
    0x08005100   0x00000048   Code   RO          141    i.delay_us          delay.o
    0x08005148   0x0000001c   Code   RO         3490    i.fputc             main.o
    0x08005164   0x00000050   Code   RO         3948    i.free              mc_w.l(malloc.o)
    0x080051b4   0x00000030   Code   RO          224    i.free_array        usart.o
    0x080051e4   0x00000128   Code   RO         3491    i.main              main.o
    0x0800530c   0x0000006c   Code   RO         3949    i.malloc            mc_w.l(malloc.o)
    0x08005378   0x0000004e   Code   RO          517    i.system_init       gpio_init.o
    0x080053c6   0x00000008   Data   RO          974    .constdata          stm32f4xx_hal_dma.o
    0x080053ce   0x00000010   Data   RO         1810    .constdata          stm32f4xx_hal_rcc.o
    0x080053de   0x00000002   PAD
    0x080053e0   0x00000020   Data   RO         4022    Region$$Table       anon$$obj.o


    Execution Region RW_IRAM1 (Base: 0x20000000, Size: 0x00000da8, Max: 0x00030000, ABSOLUTE)

    Base Addr    Size         Type   Attr      Idx    E Section Name        Object

    0x20000000   0x00000004   Data   RW            7    .data               system_stm32f4xx.o
    0x20000004   0x00000004   Data   RW          142    .data               delay.o
    0x20000008   0x00000018   Data   RW          672    .data               motor.o
    0x20000020   0x00000004   Data   RW         1506    .data               stm32f4xx_hal.o
    0x20000024   0x000000a6   Data   RW         3493    .data               main.o
    0x200000ca   0x00000002   PAD
    0x200000cc   0x00000004   Data   RW         3990    .data               mc_w.l(stdout.o)
    0x200000d0   0x00000004   Data   RW         3999    .data               mc_w.l(mvars.o)
    0x200000d4   0x00000004   Data   RW         4000    .data               mc_w.l(mvars.o)
    0x200000d8   0x000006cc   Zero   RW         3492    .bss                main.o
    0x200007a4   0x00000004   PAD
    0x200007a8   0x00000200   Zero   RW          950    HEAP                startup_stm32f429xx.o
    0x200009a8   0x00000400   Zero   RW          949    STACK               startup_stm32f429xx.o


==============================================================================

Image component sizes


      Code (inc. data)   RO Data    RW Data    ZI Data      Debug   Object Name

       122          0          0          0          0       1521   24cxx.o
       446         34          0          0          0       2738   adc_dma.o
       116          8          0          4          0       4415   delay.o
        84         24          0          0          0        956   eeprom.o
       726         34          0          0          0       2005   gpio_init.o
       302         12          0          0          0       2667   ks103.o
       626         80          0          0          0       3110   lcd_driver.o
       324         36          0        166       1740       4469   main.o
      3686        410          0         24          0       9544   motor.o
       712        112          0          0          0       4766   myiic.o
       728        112          0          0          0       5038   myiic2.o
       200         16          0          0          0       1184   pwm.o
        36          8        428          0       1536        812   startup_stm32f429xx.o
       128         20          0          4          0       3711   stm32f4xx_hal.o
      1750         68          0          0          0       8797   stm32f4xx_hal_adc.o
         2          0          0          0          0       1037   stm32f4xx_hal_adc_ex.o
       348         22          0          0          0      32749   stm32f4xx_hal_cortex.o
      1296         20          8          0          0       6254   stm32f4xx_hal_dma.o
       568         54          0          0          0       3139   stm32f4xx_hal_gpio.o
       758         74          0          0          0       3884   stm32f4xx_hal_msp.o
       164         12          0          0          0       1316   stm32f4xx_hal_pwr_ex.o
      1668         70         16          0          0       5795   stm32f4xx_hal_rcc.o
      2030         88          0          0          0      16160   stm32f4xx_hal_tim.o
       102          0          0          0          0       2398   stm32f4xx_hal_tim_ex.o
      2114         20          0          0          0      10623   stm32f4xx_hal_uart.o
        84         18          0          0          0       5795   stm32f4xx_it.o
       212         10          0          0          0       1481   sysclock.o
       100         18          0          4          0     368053   system_stm32f4xx.o
       164         26          0          0          0       1495   timer3.o
       136         24          0          0          0       1060   uart_init.o
       940        148          0          0          0       4427   usart.o

    ----------------------------------------------------------------------
     20694       1578        486        204       3280     521399   Object Totals
         0          0         32          0          0          0   (incl. Generated)
        22          0          2          2          4          0   (incl. Padding)

    ----------------------------------------------------------------------

      Code (inc. data)   RO Data    RW Data    ZI Data      Debug   Library Member Name

         0          0          0          0          0          0   entry.o
         0          0          0          0          0          0   entry10a.o
         0          0          0          0          0          0   entry11a.o
         8          4          0          0          0          0   entry2.o
         4          0          0          0          0          0   entry5.o
         0          0          0          0          0          0   entry7b.o
         0          0          0          0          0          0   entry8b.o
         8          4          0          0          0          0   entry9a.o
        30          0          0          0          0          0   handlers.o
        36          8          0          0          0         68   init.o
       188         20          0          0          0        160   malloc.o
         0          0          0          8          0          0   mvars.o
        50          8          0          0          0        152   printfb.o
         0          0          0          4          0          0   stdout.o

    ----------------------------------------------------------------------
       324         44          0         12          0        380   Library Totals
         0          0          0          0          0          0   (incl. Padding)

    ----------------------------------------------------------------------

      Code (inc. data)   RO Data    RW Data    ZI Data      Debug   Library Name

       324         44          0         12          0        380   mc_w.l

    ----------------------------------------------------------------------
       324         44          0         12          0        380   Library Totals

    ----------------------------------------------------------------------

==============================================================================


      Code (inc. data)   RO Data    RW Data    ZI Data      Debug   

     21018       1622        486        216       3280     505579   Grand Totals
     21018       1622        486        216       3280     505579   ELF Image Totals
     21018       1622        486        216          0          0   ROM Totals

==============================================================================

    Total RO  Size (Code + RO Data)                21504 (  21.00kB)
    Total RW  Size (RW Data + ZI Data)              3496 (   3.41kB)
    Total ROM Size (Code + RO Data + RW Data)      21720 (  21.21kB)

==============================================================================

